[14:52:41] INFO     Loading OMRChecker modules...                 __init__.py:5
[14:52:42] INFO     Loading processors from "src.processors"...   manager.py:53
           INFO     Loaded processors: ['CropOnMarkers',          manager.py:76
                    'CropPage', 'FeatureBasedAlignment',                       
                    'GaussianBlur', 'Levels', 'MedianBlur']                    
           INFO     Loading config.json: inputs\config.json   validations.py:84
           INFO     Loading template.json:                    validations.py:49
                    inputs\template.json                                       
           INFO     Checking Directories...                          file.py:34
           INFO     Created :                                        file.py:37
                    outputs_inputs_30_adaptive_final\CheckedOMRs               
           INFO     Created :                                        file.py:45
                    outputs_inputs_30_adaptive_final\Manual                    
           INFO     Created :                                        file.py:45
                    outputs_inputs_30_adaptive_final\Results                   
           INFO     Created :                                        file.py:45
                    outputs_inputs_30_adaptive_final\Evaluation                
           INFO     Created :                                        file.py:50
                    outputs_inputs_30_adaptive_final\Manual\MultiMar           
                    kedFiles                                                   
           INFO     Created :                                        file.py:50
                    outputs_inputs_30_adaptive_final\Manual\ErrorFil           
                    es                                                         
           INFO     Checking Files...                                file.py:57
           INFO     Created new file:                                file.py:80
                    'outputs_inputs_30_adaptive_final\Results\Result           
                    s_02PM.csv'                                                
           INFO     Created new file:                                file.py:80
                    'outputs_inputs_30_adaptive_final\Manual\MultiMa           
                    rkedFiles.csv'                                             
           INFO     Created new file:                                file.py:80
                    'outputs_inputs_30_adaptive_final\Manual\ErrorFi           
                    les.csv'                                                   
           INFO                                                     entry.py:53
                            Current Configurations                             
              +-------------------------------------------------+              
              | Directory Path          | inputs                |              
              | Count of Images         | 30                    |              
              | Set Layout Mode         | OFF                   |              
              | Markers Detection       | OFF                   |              
              | Auto Alignment          | False                 |              
              | Detected Template Path  | inputs\template.json  |              
              | Detected Local Config   | inputs\config.json    |              
              | Detected pre-processors | FeatureBasedAlignment |              
              +-------------------------------------------------+              
           INFO     Processing PDF                                 image.py:212
                    'MX-M3658N_20260731_153802_001.pdf'                        
                    (pdf_dpi=144, pdf_page=1)                                  
           INFO                                                    entry.py:234
           INFO     (1) Opening image:                             entry.py:235
                    'MX-M3658N_20260731_153802_001.png'                        
                    Resolution: (1682, 1190)                                   
[14:52:43] INFO     Thresholding:   global_thr: 179.33              core.py:419
                    global_std_THR: 200                                        
           INFO     Saving Image to                                 image.py:24
                    'outputs_inputs_30_adaptive_final\CheckedOMRs\M            
                    X-M3658N_20260731_153802_001.png'                          
           INFO     Read Response:                                 entry.py:289
                    {'id2': '0', 'id6': '8', 'q9': 'AC', 'id4':                
                    '6', 'id1': '2', 'q4': 'B', 'q10': 'CD',                   
                    'q11': 'ABC', 'id8': '1', 'q6': 'C', 'q3':                 
                    'C', 'id5': '7', 'q5': 'D', 'q7': 'C', 'q8':               
                    'D', 'q1': 'A', 'q2': 'B', 'id7': '1', 'id3':              
                    '2'}                                                       
           INFO     (/1) Processed file:                           entry.py:303
                    'MX-M3658N_20260731_153802_001.png'                        
           INFO     Processing PDF                                 image.py:212
                    'MX-M3658N_20260731_153802_002.pdf'                        
                    (pdf_dpi=144, pdf_page=1)                                  
           INFO                                                    entry.py:234
           INFO     (2) Opening image:                             entry.py:235
                    'MX-M3658N_20260731_153802_002.png'                        
                    Resolution: (1682, 1190)                                   
           INFO     Thresholding:   global_thr: 200                 core.py:419
                    global_std_THR: 200                                        
           INFO     Saving Image to                                 image.py:24
                    'outputs_inputs_30_adaptive_final\CheckedOMRs\M            
                    X-M3658N_20260731_153802_002.png'                          
           INFO     Read Response:                                 entry.py:289
                    {'id2': '0', 'id6': '1', 'q9': 'BCD', 'id4':               
                    '6', 'id1': '2', 'q4': 'B', 'q10': 'ABC',                  
                    'q11': 'ABCD', 'id8': '9', 'q6': 'B', 'q3':                
                    'A', 'id5': '0', 'q5': 'A', 'q7': 'D', 'q8':               
                    'A', 'q1': 'A', 'q2': 'C', 'id7': '3', 'id3':              
                    '2'}                                                       
           INFO     (/2) Processed file:                           entry.py:303
                    'MX-M3658N_20260731_153802_002.png'                        
           INFO     Processing PDF                                 image.py:212
                    'MX-M3658N_20260731_153802_003.pdf'                        
                    (pdf_dpi=144, pdf_page=1)                                  
           INFO                                                    entry.py:234
           INFO     (3) Opening image:                             entry.py:235
                    'MX-M3658N_20260731_153802_003.png'                        
                    Resolution: (1682, 1190)                                   
           INFO     Thresholding:   global_thr: 173.29              core.py:419
                    global_std_THR: 200                                        
           INFO     Saving Image to                                 image.py:24
                    'outputs_inputs_30_adaptive_final\CheckedOMRs\M            
                    X-M3658N_20260731_153802_003.png'                          
           INFO     Read Response:                                 entry.py:289
                    {'id2': '0', 'id6': '1', 'q9': 'BCD', 'id4':               
                    '6', 'id1': '2', 'q4': 'C', 'q10': 'ABC',                  
                    'q11': 'CD', 'id8': '8', 'q6': 'C', 'q3': 'A',             
                    'id5': '0', 'q5': 'A', 'q7': 'C', 'q8': 'D',               
                    'q1': 'B', 'q2': 'A', 'id7': '3', 'id3': '2'}              
           INFO     (/3) Processed file:                           entry.py:303
                    'MX-M3658N_20260731_153802_003.png'                        
           INFO     Processing PDF                                 image.py:212
                    'MX-M3658N_20260731_153802_004.pdf'                        
                    (pdf_dpi=144, pdf_page=1)                                  
           INFO                                                    entry.py:234
           INFO     (4) Opening image:                             entry.py:235
                    'MX-M3658N_20260731_153802_004.png'                        
                    Resolution: (1682, 1190)                                   
           INFO     Thresholding:   global_thr: 113.97              core.py:419
                    global_std_THR: 200                                        
           WARNING  Weak multi full-select fallback: field 'q9' ->  core.py:200
                    'ABCD' (max_mean=140.21,                                   
                    page_blank_baseline=223.56,                                
                    delta_from_page_blank=83.35, spread=13.52)                 
           INFO     Saving Image to                                 image.py:24
                    'outputs_inputs_30_adaptive_final\CheckedOMRs\M            
                    X-M3658N_20260731_153802_004.png'                          
           INFO     Read Response:                                 entry.py:289
                    {'id2': '0', 'id6': '9', 'q9': 'ABCD', 'id4':              
                    '4', 'id1': '3', 'q4': 'A', 'q10': 'AC',                   
                    'q11': 'BCD', 'id8': '8', 'q6': 'C', 'q3':                 
                    'C', 'id5': '5', 'q5': 'C', 'q7': 'B', 'q8':               
                    'D', 'q1': 'D', 'q2': 'A', 'id7': '8', 'id3':              
                    '2'}                                                       
           INFO     (/4) Processed file:                           entry.py:303
                    'MX-M3658N_20260731_153802_004.png'                        
           INFO     Processing PDF                                 image.py:212
                    'MX-M3658N_20260731_153802_005.pdf'                        
                    (pdf_dpi=144, pdf_page=1)                                  
           INFO                                                    entry.py:234
           INFO     (5) Opening image:                             entry.py:235
                    'MX-M3658N_20260731_153802_005.png'                        
                    Resolution: (1682, 1190)                                   
           INFO     Thresholding:   global_thr: 200                 core.py:419
                    global_std_THR: 200                                        
           INFO     Saving Image to                                 image.py:24
                    'outputs_inputs_30_adaptive_final\CheckedOMRs\M            
                    X-M3658N_20260731_153802_005.png'                          
           INFO     Read Response:                                 entry.py:289
                    {'id2': '4', 'id6': '0', 'q9': 'BCD', 'id4':               
                    '5', 'id1': '2', 'q4': 'A', 'q10': 'AB',                   
                    'q11': 'ABC', 'id8': '8', 'q6': 'D', 'q3':                 
                    'C', 'id5': '7', 'q5': 'D', 'q7': 'B', 'q8':               
                    'D', 'q1': 'C', 'q2': 'A', 'id7': '9', 'id3':              
                    '3'}                                                       
           INFO     (/5) Processed file:                           entry.py:303
                    'MX-M3658N_20260731_153802_005.png'                        
           INFO     Processing PDF                                 image.py:212
                    'MX-M3658N_20260731_153802_006.pdf'                        
                    (pdf_dpi=144, pdf_page=1)                                  
           INFO                                                    entry.py:234
           INFO     (6) Opening image:                             entry.py:235
                    'MX-M3658N_20260731_153802_006.png'                        
                    Resolution: (1682, 1190)                                   
           INFO     Thresholding:   global_thr: 182.98              core.py:419
                    global_std_THR: 200                                        
           INFO     Saving Image to                                 image.py:24
                    'outputs_inputs_30_adaptive_final\CheckedOMRs\M            
                    X-M3658N_20260731_153802_006.png'                          
           INFO     Read Response:                                 entry.py:289
                    {'id2': '0', 'id6': '8', 'q9': 'BCD', 'id4':               
                    '9', 'id1': '3', 'q4': 'D', 'q10': 'AB',                   
                    'q11': 'CD', 'id8': '7', 'q6': 'D', 'q3': 'D',             
                    'id5': '5', 'q5': 'A', 'q7': 'C', 'q8': 'C',               
                    'q1': 'C', 'q2': 'A', 'id7': '7', 'id3': '4'}              
           INFO     (/6) Processed file:                           entry.py:303
                    'MX-M3658N_20260731_153802_006.png'                        
           INFO     Processing PDF                                 image.py:212
                    'MX-M3658N_20260731_153802_007.pdf'                        
                    (pdf_dpi=144, pdf_page=1)                                  
           INFO                                                    entry.py:234
           INFO     (7) Opening image:                             entry.py:235
                    'MX-M3658N_20260731_153802_007.png'                        
                    Resolution: (1682, 1190)                                   
           INFO     Thresholding:   global_thr: 200                 core.py:419
                    global_std_THR: 200                                        
           INFO     Saving Image to                                 image.py:24
                    'outputs_inputs_30_adaptive_final\CheckedOMRs\M            
                    X-M3658N_20260731_153802_007.png'                          
           INFO     Read Response:                                 entry.py:289
                    {'id2': '3', 'id6': '8', 'q9': 'ABD', 'id4':               
                    '9', 'id1': '2', 'q4': 'C', 'q10': 'AB',                   
                    'q11': 'CD', 'id8': '1', 'q6': 'C', 'q3': 'D',             
                    'id5': '5', 'q5': 'A', 'q7': 'B', 'q8': 'C',               
                    'q1': 'B', 'q2': 'A', 'id7': '7', 'id3': '4'}              
           INFO     (/7) Processed file:                           entry.py:303
                    'MX-M3658N_20260731_153802_007.png'                        
           INFO     Processing PDF                                 image.py:212
                    'MX-M3658N_20260731_153802_008.pdf'                        
                    (pdf_dpi=144, pdf_page=1)                                  
           INFO                                                    entry.py:234
           INFO     (8) Opening image:                             entry.py:235
                    'MX-M3658N_20260731_153802_008.png'                        
                    Resolution: (1682, 1190)                                   
           INFO     Thresholding:   global_thr: 183.81              core.py:419
                    global_std_THR: 200                                        
           INFO     Saving Image to                                 image.py:24
                    'outputs_inputs_30_adaptive_final\CheckedOMRs\M            
                    X-M3658N_20260731_153802_008.png'                          
           INFO     Read Response:                                 entry.py:289
                    {'id2': '0', 'id6': '4', 'q9': 'CD', 'id4':                
                    '7', 'id1': '2', 'q4': 'B', 'q10': 'AB',                   
                    'q11': 'ABCD', 'id8': '5', 'q6': 'C', 'q3':                
                    'D', 'id5': '3', 'q5': 'D', 'q7': 'C', 'q8':               
                    'C', 'q1': 'D', 'q2': 'B', 'id7': '5', 'id3':              
                    '1'}                                                       
           INFO     (/8) Processed file:                           entry.py:303
                    'MX-M3658N_20260731_153802_008.png'                        
           INFO     Processing PDF                                 image.py:212
                    'MX-M3658N_20260731_153802_009.pdf'                        
                    (pdf_dpi=144, pdf_page=1)                                  
           INFO                                                    entry.py:234
           INFO     (9) Opening image:                             entry.py:235
                    'MX-M3658N_20260731_153802_009.png'                        
                    Resolution: (1682, 1190)                                   
[14:52:44] INFO     Thresholding:   global_thr: 180.09              core.py:419
                    global_std_THR: 200                                        
           INFO     Saving Image to                                 image.py:24
                    'outputs_inputs_30_adaptive_final\CheckedOMRs\M            
                    X-M3658N_20260731_153802_009.png'                          
           INFO     Read Response:                                 entry.py:289
                    {'id2': '4', 'id6': '3', 'q9': 'BC', 'id4':                
                    '9', 'id1': '2', 'q4': 'C', 'q10': 'ACD',                  
                    'q11': 'ABC', 'id8': '8', 'q6': 'B', 'q3':                 
                    'A', 'id5': '7', 'q5': 'D', 'q7': 'D', 'q8':               
                    'D', 'q1': 'B', 'q2': 'C', 'id7': '5', 'id3':              
                    '0'}                                                       
           INFO     (/9) Processed file:                           entry.py:303
                    'MX-M3658N_20260731_153802_009.png'                        
           INFO     Processing PDF                                 image.py:212
                    'MX-M3658N_20260731_153802_010.pdf'                        
                    (pdf_dpi=144, pdf_page=1)                                  
           INFO                                                    entry.py:234
           INFO     (10) Opening image:                            entry.py:235
                    'MX-M3658N_20260731_153802_010.png'                        
                    Resolution: (1682, 1190)                                   
           INFO     Thresholding:   global_thr: 183.47              core.py:419
                    global_std_THR: 200                                        
           INFO     Saving Image to                                 image.py:24
                    'outputs_inputs_30_adaptive_final\CheckedOMRs\M            
                    X-M3658N_20260731_153802_010.png'                          
           INFO     Read Response:                                 entry.py:289
                    {'id2': '0', 'id6': '7', 'q9': 'CD', 'id4':                
                    '9', 'id1': '2', 'q4': 'B', 'q10': 'AD',                   
                    'q11': 'CD', 'id8': '8', 'q6': 'A', 'q3': 'B',             
                    'id5': '3', 'q5': 'D', 'q7': 'D', 'q8': 'C',               
                    'q1': 'B', 'q2': 'A', 'id7': '5', 'id3': '4'}              
           INFO     (/10) Processed file:                          entry.py:303
                    'MX-M3658N_20260731_153802_010.png'                        
           INFO     Processing PDF                                 image.py:212
                    'MX-M3658N_20260731_153802_011.pdf'                        
                    (pdf_dpi=144, pdf_page=1)                                  
           INFO                                                    entry.py:234
           INFO     (11) Opening image:                            entry.py:235
                    'MX-M3658N_20260731_153802_011.png'                        
                    Resolution: (1682, 1190)                                   
           INFO     Thresholding:   global_thr: 182.58              core.py:419
                    global_std_THR: 200                                        
           INFO     Saving Image to                                 image.py:24
                    'outputs_inputs_30_adaptive_final\CheckedOMRs\M            
                    X-M3658N_20260731_153802_011.png'                          
           INFO     Read Response:                                 entry.py:289
                    {'id2': '0', 'id6': '3', 'q9': 'AB', 'id4':                
                    '6', 'id1': '2', 'q4': 'A', 'q10': 'BCD',                  
                    'q11': 'BC', 'id8': '7', 'q6': 'D', 'q3': 'D',             
                    'id5': '4', 'q5': 'C', 'q7': 'D', 'q8': 'A',               
                    'q1': 'C', 'q2': 'B', 'id7': '5', 'id3': '2'}              
           INFO     (/11) Processed file:                          entry.py:303
                    'MX-M3658N_20260731_153802_011.png'                        
           INFO     Processing PDF                                 image.py:212
                    'MX-M3658N_20260731_153802_012.pdf'                        
                    (pdf_dpi=144, pdf_page=1)                                  
           INFO                                                    entry.py:234
           INFO     (12) Opening image:                            entry.py:235
                    'MX-M3658N_20260731_153802_012.png'                        
                    Resolution: (1682, 1190)                                   
           INFO     Thresholding:   global_thr: 179.96              core.py:419
                    global_std_THR: 200                                        
           INFO     Saving Image to                                 image.py:24
                    'outputs_inputs_30_adaptive_final\CheckedOMRs\M            
                    X-M3658N_20260731_153802_012.png'                          
           INFO     Read Response:                                 entry.py:289
                    {'id2': '0', 'id6': '4', 'q9': 'BC', 'id4':                
                    '7', 'id1': '2', 'q4': 'B', 'q10': 'ABC',                  
                    'q11': 'BCD', 'id8': '9', 'q6': 'C', 'q3':                 
                    'A', 'id5': '3', 'q5': 'D', 'q7': 'C', 'q8':               
                    'D', 'q1': 'D', 'q2': 'B', 'id7': '5', 'id3':              
                    '4'}                                                       
           INFO     (/12) Processed file:                          entry.py:303
                    'MX-M3658N_20260731_153802_012.png'                        
           INFO     Processing PDF                                 image.py:212
                    'MX-M3658N_20260731_153802_013.pdf'                        
                    (pdf_dpi=144, pdf_page=1)                                  
           INFO                                                    entry.py:234
           INFO     (13) Opening image:                            entry.py:235
                    'MX-M3658N_20260731_153802_013.png'                        
                    Resolution: (1682, 1190)                                   
           INFO     Thresholding:   global_thr: 181.88              core.py:419
                    global_std_THR: 200                                        
           INFO     Saving Image to                                 image.py:24
                    'outputs_inputs_30_adaptive_final\CheckedOMRs\M            
                    X-M3658N_20260731_153802_013.png'                          
           INFO     Read Response:                                 entry.py:289
                    {'id2': '0', 'id6': '1', 'q9': 'BCD', 'id4':               
                    '6', 'id1': '2', 'q4': 'A', 'q10': 'ABC',                  
                    'q11': 'ABCD', 'id8': '8', 'q6': 'C', 'q3':                
                    'D', 'id5': '7', 'q5': 'D', 'q7': 'B', 'q8':               
                    'B', 'q1': 'B', 'q2': 'A', 'id7': '5', 'id3':              
                    '2'}                                                       
           INFO     (/13) Processed file:                          entry.py:303
                    'MX-M3658N_20260731_153802_013.png'                        
           INFO     Processing PDF                                 image.py:212
                    'MX-M3658N_20260731_153802_014.pdf'                        
                    (pdf_dpi=144, pdf_page=1)                                  
           INFO                                                    entry.py:234
           INFO     (14) Opening image:                            entry.py:235
                    'MX-M3658N_20260731_153802_014.png'                        
                    Resolution: (1682, 1190)                                   
           INFO     Thresholding:   global_thr: 179.81              core.py:419
                    global_std_THR: 200                                        
           INFO     Saving Image to                                 image.py:24
                    'outputs_inputs_30_adaptive_final\CheckedOMRs\M            
                    X-M3658N_20260731_153802_014.png'                          
           INFO     Read Response:                                 entry.py:289
                    {'id2': '0', 'id6': '1', 'q9': 'CD', 'id4':                
                    '6', 'id1': '2', 'q4': 'C', 'q10': 'AD',                   
                    'q11': 'BD', 'id8': '1', 'q6': 'A', 'q3': 'D',             
                    'id5': '0', 'q5': 'B', 'q7': 'B', 'q8': 'D',               
                    'q1': 'B', 'q2': 'C', 'id7': '4', 'id3': '2'}              
           INFO     (/14) Processed file:                          entry.py:303
                    'MX-M3658N_20260731_153802_014.png'                        
           INFO     Processing PDF                                 image.py:212
                    'MX-M3658N_20260731_153802_015.pdf'                        
                    (pdf_dpi=144, pdf_page=1)                                  
           INFO                                                    entry.py:234
           INFO     (15) Opening image:                            entry.py:235
                    'MX-M3658N_20260731_153802_015.png'                        
                    Resolution: (1682, 1190)                                   
[14:52:45] INFO     Thresholding:   global_thr: 109.72              core.py:419
                    global_std_THR: 200                                        
           WARNING  Weak multi full-select fallback: field 'q11' -> core.py:200
                    'ABCD' (max_mean=143.55,                                   
                    page_blank_baseline=223.81,                                
                    delta_from_page_blank=80.26, spread=8.12)                  
           INFO     Saving Image to                                 image.py:24
                    'outputs_inputs_30_adaptive_final\CheckedOMRs\M            
                    X-M3658N_20260731_153802_015.png'                          
           INFO     Read Response:                                 entry.py:289
                    {'id2': '0', 'id6': '1', 'q9': 'AD', 'id4':                
                    '6', 'id1': '2', 'q4': 'B', 'q10': 'BD',                   
                    'q11': 'ABCD', 'id8': '0', 'q6': 'C', 'q3':                
                    'B', 'id5': '0', 'q5': 'C', 'q7': 'C', 'q8':               
                    'D', 'q1': 'A', 'q2': 'C', 'id7': '4', 'id3':              
                    '2'}                                                       
           INFO     (/15) Processed file:                          entry.py:303
                    'MX-M3658N_20260731_153802_015.png'                        
           INFO     Processing PDF                                 image.py:212
                    'MX-M3658N_20260731_153802_016.pdf'                        
                    (pdf_dpi=144, pdf_page=1)                                  
           INFO                                                    entry.py:234
           INFO     (16) Opening image:                            entry.py:235
                    'MX-M3658N_20260731_153802_016.png'                        
                    Resolution: (1682, 1190)                                   
           INFO     Thresholding:   global_thr: 177.57              core.py:419
                    global_std_THR: 200                                        
           INFO     Saving Image to                                 image.py:24
                    'outputs_inputs_30_adaptive_final\CheckedOMRs\M            
                    X-M3658N_20260731_153802_016.png'                          
           INFO     Read Response:                                 entry.py:289
                    {'id2': '3', 'id6': '1', 'q9': 'AC', 'id4':                
                    '0', 'id1': '6', 'q4': 'B', 'q10': 'BD',                   
                    'q11': 'AB', 'id8': '9', 'q6': 'D', 'q3': 'B',             
                    'id5': '3', 'q5': 'B', 'q7': 'C', 'q8': 'C',               
                    'q1': 'D', 'q2': 'B', 'id7': '6', 'id3': '2'}              
           INFO     (/16) Processed file:                          entry.py:303
                    'MX-M3658N_20260731_153802_016.png'                        
           INFO     Processing PDF                                 image.py:212
                    'MX-M3658N_20260731_153802_017.pdf'                        
                    (pdf_dpi=144, pdf_page=1)                                  
           INFO                                                    entry.py:234
           INFO     (17) Opening image:                            entry.py:235
                    'MX-M3658N_20260731_153802_017.png'                        
                    Resolution: (1682, 1190)                                   
           INFO     Thresholding:   global_thr: 179.1               core.py:419
                    global_std_THR: 200                                        
           INFO     Saving Image to                                 image.py:24
                    'outputs_inputs_30_adaptive_final\CheckedOMRs\M            
                    X-M3658N_20260731_153802_017.png'                          
           INFO     Read Response:                                 entry.py:289
                    {'id2': '2', 'id6': '3', 'q9': 'ABCD', 'id4':              
                    '3', 'id1': '4', 'q4': 'B', 'q10': 'CD',                   
                    'q11': 'AD', 'id8': '5', 'q6': 'D', 'q3': 'C',             
                    'id5': '9', 'q5': 'B', 'q7': 'D', 'q8': 'B',               
                    'q1': 'B', 'q2': 'C', 'id7': '0', 'id3': '5'}              
           INFO     (/17) Processed file:                          entry.py:303
                    'MX-M3658N_20260731_153802_017.png'                        
           INFO     Processing PDF                                 image.py:212
                    'MX-M3658N_20260731_153802_018.pdf'                        
                    (pdf_dpi=144, pdf_page=1)                                  
           INFO                                                    entry.py:234
           INFO     (18) Opening image:                            entry.py:235
                    'MX-M3658N_20260731_153802_018.png'                        
                    Resolution: (1682, 1190)                                   
           INFO     Thresholding:   global_thr: 183.73              core.py:419
                    global_std_THR: 200                                        
           INFO     Saving Image to                                 image.py:24
                    'outputs_inputs_30_adaptive_final\CheckedOMRs\M            
                    X-M3658N_20260731_153802_018.png'                          
           INFO     Read Response:                                 entry.py:289
                    {'id2': '6', 'id6': '4', 'q9': 'ABCD', 'id4':              
                    '4', 'id1': '8', 'q4': 'B', 'q10': 'ACD',                  
                    'q11': 'CD', 'id8': '4', 'q6': 'C', 'q3': 'B',             
                    'id5': '2', 'q5': 'B', 'q7': 'D', 'q8': 'D',               
                    'q1': 'A', 'q2': 'B', 'id7': '6', 'id3': '1'}              
           INFO     (/18) Processed file:                          entry.py:303
                    'MX-M3658N_20260731_153802_018.png'                        
           INFO     Processing PDF                                 image.py:212
                    'MX-M3658N_20260731_153802_019.pdf'                        
                    (pdf_dpi=144, pdf_page=1)                                  
           INFO                                                    entry.py:234
           INFO     (19) Opening image:                            entry.py:235
                    'MX-M3658N_20260731_153802_019.png'                        
                    Resolution: (1682, 1190)                                   
           INFO     Thresholding:   global_thr: 177.74              core.py:419
                    global_std_THR: 200                                        
           INFO     Saving Image to                                 image.py:24
                    'outputs_inputs_30_adaptive_final\CheckedOMRs\M            
                    X-M3658N_20260731_153802_019.png'                          
           INFO     Read Response:                                 entry.py:289
                    {'id2': '1', 'id6': '1', 'q9': 'BC', 'id4':                
                    '7', 'id1': '7', 'q4': 'D', 'q10': 'BD',                   
                    'q11': 'ABD', 'id8': '3', 'q6': 'D', 'q3':                 
                    'C', 'id5': '4', 'q5': 'C', 'q7': 'B', 'q8':               
                    'B', 'q1': 'C', 'q2': 'B', 'id7': '6', 'id3':              
                    '5'}                                                       
           INFO     (/19) Processed file:                          entry.py:303
                    'MX-M3658N_20260731_153802_019.png'                        
           INFO     Processing PDF                                 image.py:212
                    'MX-M3658N_20260731_153802_020.pdf'                        
                    (pdf_dpi=144, pdf_page=1)                                  
           INFO                                                    entry.py:234
           INFO     (20) Opening image:                            entry.py:235
                    'MX-M3658N_20260731_153802_020.png'                        
                    Resolution: (1682, 1190)                                   
           INFO     Thresholding:   global_thr: 175.92              core.py:419
                    global_std_THR: 200                                        
           INFO     Saving Image to                                 image.py:24
                    'outputs_inputs_30_adaptive_final\CheckedOMRs\M            
                    X-M3658N_20260731_153802_020.png'                          
           INFO     Read Response:                                 entry.py:289
                    {'id2': '3', 'id6': '2', 'q9': 'AD', 'id4':                
                    '6', 'id1': '7', 'q4': 'C', 'q10': 'CD',                   
                    'q11': 'AC', 'id8': '6', 'q6': 'B', 'q3': 'B',             
                    'id5': '4', 'q5': 'A', 'q7': 'C', 'q8': 'B',               
                    'q1': 'D', 'q2': 'A', 'id7': '5', 'id3': '1'}              
           INFO     (/20) Processed file:                          entry.py:303
                    'MX-M3658N_20260731_153802_020.png'                        
           INFO     Processing PDF                                 image.py:212
                    'MX-M3658N_20260731_153802_021.pdf'                        
                    (pdf_dpi=144, pdf_page=1)                                  
           INFO                                                    entry.py:234
           INFO     (21) Opening image:                            entry.py:235
                    'MX-M3658N_20260731_153802_021.png'                        
                    Resolution: (1682, 1190)                                   
           INFO     Thresholding:   global_thr: 200                 core.py:419
                    global_std_THR: 200                                        
           INFO     Saving Image to                                 image.py:24
                    'outputs_inputs_30_adaptive_final\CheckedOMRs\M            
                    X-M3658N_20260731_153802_021.png'                          
           INFO     Read Response:                                 entry.py:289
                    {'id2': '5', 'id6': '1', 'q9': 'BD', 'id4':                
                    '4', 'id1': '3', 'q4': 'C', 'q10': 'BC',                   
                    'q11': 'AC', 'id8': '4', 'q6': 'A', 'q3': 'B',             
                    'id5': '7', 'q5': 'D', 'q7': 'D', 'q8': 'B',               
                    'q1': 'A', 'q2': 'B', 'id7': '8', 'id3': '1'}              
           INFO     (/21) Processed file:                          entry.py:303
                    'MX-M3658N_20260731_153802_021.png'                        
           INFO     Processing PDF                                 image.py:212
                    'MX-M3658N_20260731_153802_022.pdf'                        
                    (pdf_dpi=144, pdf_page=1)                                  
           INFO                                                    entry.py:234
           INFO     (22) Opening image:                            entry.py:235
                    'MX-M3658N_20260731_153802_022.png'                        
                    Resolution: (1682, 1190)                                   
           INFO     Thresholding:   global_thr: 118.97              core.py:419
                    global_std_THR: 200                                        
           INFO     Saving Image to                                 image.py:24
                    'outputs_inputs_30_adaptive_final\CheckedOMRs\M            
                    X-M3658N_20260731_153802_022.png'                          
[14:52:46] INFO     Read Response:                                 entry.py:289
                    {'id2': '1', 'id6': '0', 'q9': 'CD', 'id4':                
                    '4', 'id1': '4', 'q4': 'C', 'q10': 'BD',                   
                    'q11': 'AC', 'id8': '6', 'q6': 'A', 'q3': 'A',             
                    'id5': '1', 'q5': 'D', 'q7': 'C', 'q8': 'D',               
                    'q1': 'B', 'q2': 'B', 'id7': '0', 'id3': '9'}              
           INFO     (/22) Processed file:                          entry.py:303
                    'MX-M3658N_20260731_153802_022.png'                        
           INFO     Processing PDF                                 image.py:212
                    'MX-M3658N_20260731_153802_023.pdf'                        
                    (pdf_dpi=144, pdf_page=1)                                  
           INFO                                                    entry.py:234
           INFO     (23) Opening image:                            entry.py:235
                    'MX-M3658N_20260731_153802_023.png'                        
                    Resolution: (1682, 1190)                                   
           INFO     Thresholding:   global_thr: 200                 core.py:419
                    global_std_THR: 200                                        
           INFO     Saving Image to                                 image.py:24
                    'outputs_inputs_30_adaptive_final\CheckedOMRs\M            
                    X-M3658N_20260731_153802_023.png'                          
           INFO     Read Response:                                 entry.py:289
                    {'id2': '0', 'id6': '3', 'q9': 'AD', 'id4':                
                    '5', 'id1': '9', 'q4': 'C', 'q10': 'AB',                   
                    'q11': 'CD', 'id8': '7', 'q6': 'C', 'q3': 'C',             
                    'id5': '0', 'q5': 'B', 'q7': 'D', 'q8': 'B',               
                    'q1': 'A', 'q2': 'C', 'id7': '1', 'id3': '2'}              
           INFO     (/23) Processed file:                          entry.py:303
                    'MX-M3658N_20260731_153802_023.png'                        
           INFO     Processing PDF                                 image.py:212
                    'MX-M3658N_20260731_153802_024.pdf'                        
                    (pdf_dpi=144, pdf_page=1)                                  
           INFO                                                    entry.py:234
           INFO     (24) Opening image:                            entry.py:235
                    'MX-M3658N_20260731_153802_024.png'                        
                    Resolution: (1682, 1190)                                   
           INFO     Thresholding:   global_thr: 180.25              core.py:419
                    global_std_THR: 200                                        
           INFO     Saving Image to                                 image.py:24
                    'outputs_inputs_30_adaptive_final\CheckedOMRs\M            
                    X-M3658N_20260731_153802_024.png'                          
           INFO     Read Response:                                 entry.py:289
                    {'id2': '0', 'id6': '6', 'q9': 'AD', 'id4':                
                    '6', 'id1': '2', 'q4': 'B', 'q10': 'BC',                   
                    'q11': 'ACD', 'id8': '6', 'q6': 'A', 'q3':                 
                    'C', 'id5': '1', 'q5': 'A', 'q7': 'D', 'q8':               
                    'A', 'q1': 'B', 'q2': 'C', 'id7': '6', 'id3':              
                    '2'}                                                       
           INFO     (/24) Processed file:                          entry.py:303
                    'MX-M3658N_20260731_153802_024.png'                        
           INFO     Processing PDF                                 image.py:212
                    'MX-M3658N_20260731_153802_025.pdf'                        
                    (pdf_dpi=144, pdf_page=1)                                  
           INFO                                                    entry.py:234
           INFO     (25) Opening image:                            entry.py:235
                    'MX-M3658N_20260731_153802_025.png'                        
                    Resolution: (1682, 1190)                                   
           INFO     Thresholding:   global_thr: 174.71              core.py:419
                    global_std_THR: 200                                        
           INFO     Saving Image to                                 image.py:24
                    'outputs_inputs_30_adaptive_final\CheckedOMRs\M            
                    X-M3658N_20260731_153802_025.png'                          
           INFO     Read Response:                                 entry.py:289
                    {'id2': '0', 'id6': '1', 'q9': 'ABCD', 'id4':              
                    '5', 'id1': '2', 'q4': 'C', 'q10': 'BC',                   
                    'q11': 'BD', 'id8': '4', 'q6': 'C', 'q3': 'C',             
                    'id5': '0', 'q5': 'D', 'q7': 'B', 'q8': 'D',               
                    'q1': 'A', 'q2': 'A', 'id7': '3', 'id3': '2'}              
           INFO     (/25) Processed file:                          entry.py:303
                    'MX-M3658N_20260731_153802_025.png'                        
           INFO     Processing PDF                                 image.py:212
                    'MX-M3658N_20260731_153802_026.pdf'                        
                    (pdf_dpi=144, pdf_page=1)                                  
           INFO                                                    entry.py:234
           INFO     (26) Opening image:                            entry.py:235
                    'MX-M3658N_20260731_153802_026.png'                        
                    Resolution: (1682, 1190)                                   
           INFO     Thresholding:   global_thr: 181.06              core.py:419
                    global_std_THR: 200                                        
           INFO     Saving Image to                                 image.py:24
                    'outputs_inputs_30_adaptive_final\CheckedOMRs\M            
                    X-M3658N_20260731_153802_026.png'                          
           INFO     Read Response:                                 entry.py:289
                    {'id2': '0', 'id6': '1', 'q9': 'ABCD', 'id4':              
                    '5', 'id1': '2', 'q4': 'B', 'q10': 'BC',                   
                    'q11': 'AD', 'id8': '3', 'q6': 'B', 'q3': 'D',             
                    'id5': '0', 'q5': 'B', 'q7': 'C', 'q8': 'A',               
                    'q1': 'A', 'q2': 'C', 'id7': '2', 'id3': '2'}              
           INFO     (/26) Processed file:                          entry.py:303
                    'MX-M3658N_20260731_153802_026.png'                        
           INFO     Processing PDF                                 image.py:212
                    'MX-M3658N_20260731_153802_027.pdf'                        
                    (pdf_dpi=144, pdf_page=1)                                  
           INFO                                                    entry.py:234
           INFO     (27) Opening image:                            entry.py:235
                    'MX-M3658N_20260731_153802_027.png'                        
                    Resolution: (1682, 1190)                                   
           INFO     Thresholding:   global_thr: 181.16              core.py:419
                    global_std_THR: 200                                        
           INFO     Saving Image to                                 image.py:24
                    'outputs_inputs_30_adaptive_final\CheckedOMRs\M            
                    X-M3658N_20260731_153802_027.png'                          
           INFO     Read Response:                                 entry.py:289
                    {'id2': '0', 'id6': '1', 'q9': 'ABD', 'id4':               
                    '5', 'id1': '2', 'q4': 'A', 'q10': 'BD',                   
                    'q11': 'BCD', 'id8': '6', 'q6': 'B', 'q3':                 
                    'D', 'id5': '0', 'q5': 'B', 'q7': 'C', 'q8':               
                    'C', 'q1': 'A', 'q2': 'B', 'id7': '3', 'id3':              
                    '2'}                                                       
           INFO     (/27) Processed file:                          entry.py:303
                    'MX-M3658N_20260731_153802_027.png'                        
           INFO     Processing PDF                                 image.py:212
                    'MX-M3658N_20260731_153802_028.pdf'                        
                    (pdf_dpi=144, pdf_page=1)                                  
           INFO                                                    entry.py:234
           INFO     (28) Opening image:                            entry.py:235
                    'MX-M3658N_20260731_153802_028.png'                        
                    Resolution: (1682, 1190)                                   
           INFO     Thresholding:   global_thr: 182.96              core.py:419
                    global_std_THR: 200                                        
           INFO     Saving Image to                                 image.py:24
                    'outputs_inputs_30_adaptive_final\CheckedOMRs\M            
                    X-M3658N_20260731_153802_028.png'                          
           INFO     Read Response:                                 entry.py:289
                    {'id2': '0', 'id6': '1', 'q9': 'ABCD', 'id4':              
                    '5', 'id1': '2', 'q4': 'B', 'q10': 'BC',                   
                    'q11': 'CD', 'id8': '5', 'q6': 'B', 'q3': 'D',             
                    'id5': '0', 'q5': 'B', 'q7': 'D', 'q8': 'D',               
                    'q1': 'A', 'q2': 'B', 'id7': '3', 'id3': '2'}              
           INFO     (/28) Processed file:                          entry.py:303
                    'MX-M3658N_20260731_153802_028.png'                        
           INFO     Processing PDF                                 image.py:212
                    'MX-M3658N_20260731_153802_029.pdf'                        
                    (pdf_dpi=144, pdf_page=1)                                  
           INFO                                                    entry.py:234
           INFO     (29) Opening image:                            entry.py:235
                    'MX-M3658N_20260731_153802_029.png'                        
                    Resolution: (1682, 1190)                                   
           INFO     Thresholding:   global_thr: 182.03              core.py:419
                    global_std_THR: 200                                        
           INFO     Saving Image to                                 image.py:24
                    'outputs_inputs_30_adaptive_final\CheckedOMRs\M            
                    X-M3658N_20260731_153802_029.png'                          
           INFO     Read Response:                                 entry.py:289
                    {'id2': '0', 'id6': '1', 'q9': 'ABCD', 'id4':              
                    '6', 'id1': '2', 'q4': 'C', 'q10': 'BCD',                  
                    'q11': 'ABCD', 'id8': '7', 'q6': 'C', 'q3':                
                    'B', 'id5': '0', 'q5': 'C', 'q7': 'D', 'q8':               
                    'C', 'q1': 'A', 'q2': 'B', 'id7': '3', 'id3':              
                    '2'}                                                       
           INFO     (/29) Processed file:                          entry.py:303
                    'MX-M3658N_20260731_153802_029.png'                        
           INFO     Processing PDF                                 image.py:212
                    'MX-M3658N_20260731_153802_030.pdf'                        
                    (pdf_dpi=144, pdf_page=1)                                  
           INFO                                                    entry.py:234
           INFO     (30) Opening image:                            entry.py:235
                    'MX-M3658N_20260731_153802_030.png'                        
                    Resolution: (1682, 1190)                                   
           INFO     Thresholding:   global_thr: 200                 core.py:419
                    global_std_THR: 200                                        
           INFO     Saving Image to                                 image.py:24
                    'outputs_inputs_30_adaptive_final\CheckedOMRs\M            
                    X-M3658N_20260731_153802_030.png'                          
[14:52:47] INFO     Read Response:                                 entry.py:289
                    {'id2': '0', 'id6': '1', 'q9': 'AC', 'id4':                
                    '5', 'id1': '2', 'q4': 'C', 'q10': 'BC',                   
                    'q11': 'ABD', 'id8': '5', 'q6': 'B', 'q3':                 
                    'B', 'id5': '0', 'q5': 'A', 'q7': 'D', 'q8':               
                    'B', 'q1': 'A', 'q2': 'B', 'id7': '3', 'id3':              
                    '2'}                                                       
           INFO     (/30) Processed file:                          entry.py:303
                    'MX-M3658N_20260731_153802_030.png'                        
           INFO                                                    entry.py:397
           INFO     Total file(s) moved        : 0                 entry.py:398
           INFO     Total file(s) not moved    : 30                entry.py:399
           INFO     --------------------------------               entry.py:400
           INFO     Total file(s) processed    : 30 (Sum Tallied!) entry.py:401
           INFO                                                    entry.py:406
                    Finished Checking 30 file(s) in 5.0 seconds                
                    i.e. ~0.1 minute(s).                                       
           INFO     OMR Processing Rate        :     ~ 0.17        entry.py:409
                    seconds/OMR                                                
           INFO     OMR Processing Speed       :     ~ 359.28      entry.py:412
                    OMRs/minute                                                
           INFO                                                    entry.py:419
                    Tip: To see some awesome visuals, open                     
                    config.json and increase 'show_image_level'                
