[12:37:37] INFO     Loading OMRChecker modules...                 __init__.py:5
[12:37:39] INFO     Loading processors from "src.processors"...   manager.py:53
           INFO     Loaded processors: ['CropOnMarkers',          manager.py:76
                    'CropPage', 'FeatureBasedAlignment',                       
                    'GaussianBlur', 'Levels', 'MedianBlur']                    
           INFO     Loading config.json:                      validations.py:84
                    alignment_experiments\crop_page\config.js                  
                    on                                                         
           INFO     Loading template.json:                    validations.py:49
                    alignment_experiments\crop_page\template.                  
                    json                                                       
           INFO     Checking Directories...                          file.py:34
           INFO     Created :                                        file.py:37
                    outputs_inputs_21_crop_page\CheckedOMRs                    
           INFO     Created : outputs_inputs_21_crop_page\Manual     file.py:45
           INFO     Created : outputs_inputs_21_crop_page\Results    file.py:45
           INFO     Created : outputs_inputs_21_crop_page\Evaluation file.py:45
           INFO     Created :                                        file.py:50
                    outputs_inputs_21_crop_page\Manual\MultiMarkedFi           
                    les                                                        
           INFO     Created :                                        file.py:50
                    outputs_inputs_21_crop_page\Manual\ErrorFiles              
           INFO     Checking Files...                                file.py:57
           INFO     Created new file:                                file.py:80
                    'outputs_inputs_21_crop_page\Results\Results_12P           
                    M.csv'                                                     
           INFO     Created new file:                                file.py:80
                    'outputs_inputs_21_crop_page\Manual\MultiMarkedF           
                    iles.csv'                                                  
           INFO     Created new file:                                file.py:80
                    'outputs_inputs_21_crop_page\Manual\ErrorFiles.c           
                    sv'                                                        
           INFO                                                     entry.py:53
                            Current Configurations                             
  +-------------------------------------------------------------------------+  
  | Directory Path          | alignment_experiments\crop_page               |  
  | Count of Images         | 21                                            |  
  | Set Layout Mode         | OFF                                           |  
  | Markers Detection       | OFF                                           |  
  | Auto Alignment          | False                                         |  
  | Detected Template Path  | alignment_experiments\crop_page\template.json |  
  | Detected Local Config   | alignment_experiments\crop_page\config.json   |  
  | Detected pre-processors | CropPage                                      |  
  +-------------------------------------------------------------------------+  
           INFO     Processing PDF                                 image.py:212
                    'MX-M3658N_20260731_123655_001.pdf'                        
                    (pdf_dpi=144, pdf_page=1)                                  
           INFO                                                    entry.py:234
           INFO     (1) Opening image:                             entry.py:235
                    'MX-M3658N_20260731_123655_001.png'                        
                    Resolution: (1682, 1190)                                   
           ERROR            Error: Paper boundary not found for: CropPage.py:72
                    'MX-M3658N_20260731_123655_001.png'                        
                    Have you accidentally included CropPage                    
                    preprocessor?                                              
           INFO     Processing PDF                                 image.py:212
                    'MX-M3658N_20260731_123655_002.pdf'                        
                    (pdf_dpi=144, pdf_page=1)                                  
           INFO                                                    entry.py:234
           INFO     (2) Opening image:                             entry.py:235
                    'MX-M3658N_20260731_123655_002.png'                        
                    Resolution: (1682, 1190)                                   
           ERROR            Error: Paper boundary not found for: CropPage.py:72
                    'MX-M3658N_20260731_123655_002.png'                        
                    Have you accidentally included CropPage                    
                    preprocessor?                                              
           INFO     Processing PDF                                 image.py:212
                    'MX-M3658N_20260731_123655_003.pdf'                        
                    (pdf_dpi=144, pdf_page=1)                                  
           INFO                                                    entry.py:234
           INFO     (3) Opening image:                             entry.py:235
                    'MX-M3658N_20260731_123655_003.png'                        
                    Resolution: (1682, 1190)                                   
           ERROR            Error: Paper boundary not found for: CropPage.py:72
                    'MX-M3658N_20260731_123655_003.png'                        
                    Have you accidentally included CropPage                    
                    preprocessor?                                              
           INFO     Processing PDF                                 image.py:212
                    'MX-M3658N_20260731_123655_004.pdf'                        
                    (pdf_dpi=144, pdf_page=1)                                  
           INFO                                                    entry.py:234
           INFO     (4) Opening image:                             entry.py:235
                    'MX-M3658N_20260731_123655_004.png'                        
                    Resolution: (1682, 1190)                                   
           ERROR            Error: Paper boundary not found for: CropPage.py:72
                    'MX-M3658N_20260731_123655_004.png'                        
                    Have you accidentally included CropPage                    
                    preprocessor?                                              
           INFO     Processing PDF                                 image.py:212
                    'MX-M3658N_20260731_123655_005.pdf'                        
                    (pdf_dpi=144, pdf_page=1)                                  
           INFO                                                    entry.py:234
           INFO     (5) Opening image:                             entry.py:235
                    'MX-M3658N_20260731_123655_005.png'                        
                    Resolution: (1682, 1190)                                   
           ERROR            Error: Paper boundary not found for: CropPage.py:72
                    'MX-M3658N_20260731_123655_005.png'                        
                    Have you accidentally included CropPage                    
                    preprocessor?                                              
           INFO     Processing PDF                                 image.py:212
                    'MX-M3658N_20260731_123655_006.pdf'                        
                    (pdf_dpi=144, pdf_page=1)                                  
           INFO                                                    entry.py:234
           INFO     (6) Opening image:                             entry.py:235
                    'MX-M3658N_20260731_123655_006.png'                        
                    Resolution: (1682, 1190)                                   
           ERROR            Error: Paper boundary not found for: CropPage.py:72
                    'MX-M3658N_20260731_123655_006.png'                        
                    Have you accidentally included CropPage                    
                    preprocessor?                                              
           INFO     Processing PDF                                 image.py:212
                    'MX-M3658N_20260731_123655_007.pdf'                        
                    (pdf_dpi=144, pdf_page=1)                                  
           INFO                                                    entry.py:234
           INFO     (7) Opening image:                             entry.py:235
                    'MX-M3658N_20260731_123655_007.png'                        
                    Resolution: (1682, 1190)                                   
           ERROR            Error: Paper boundary not found for: CropPage.py:72
                    'MX-M3658N_20260731_123655_007.png'                        
                    Have you accidentally included CropPage                    
                    preprocessor?                                              
           INFO     Processing PDF                                 image.py:212
                    'MX-M3658N_20260731_123655_008.pdf'                        
                    (pdf_dpi=144, pdf_page=1)                                  
           INFO                                                    entry.py:234
           INFO     (8) Opening image:                             entry.py:235
                    'MX-M3658N_20260731_123655_008.png'                        
                    Resolution: (1682, 1190)                                   
           ERROR            Error: Paper boundary not found for: CropPage.py:72
                    'MX-M3658N_20260731_123655_008.png'                        
                    Have you accidentally included CropPage                    
                    preprocessor?                                              
[12:37:40] INFO     Processing PDF                                 image.py:212
                    'MX-M3658N_20260731_123655_009.pdf'                        
                    (pdf_dpi=144, pdf_page=1)                                  
           INFO                                                    entry.py:234
           INFO     (9) Opening image:                             entry.py:235
                    'MX-M3658N_20260731_123655_009.png'                        
                    Resolution: (1682, 1190)                                   
           ERROR            Error: Paper boundary not found for: CropPage.py:72
                    'MX-M3658N_20260731_123655_009.png'                        
                    Have you accidentally included CropPage                    
                    preprocessor?                                              
           INFO     Processing PDF                                 image.py:212
                    'MX-M3658N_20260731_123655_010.pdf'                        
                    (pdf_dpi=144, pdf_page=1)                                  
           INFO                                                    entry.py:234
           INFO     (10) Opening image:                            entry.py:235
                    'MX-M3658N_20260731_123655_010.png'                        
                    Resolution: (1682, 1190)                                   
           ERROR            Error: Paper boundary not found for: CropPage.py:72
                    'MX-M3658N_20260731_123655_010.png'                        
                    Have you accidentally included CropPage                    
                    preprocessor?                                              
           INFO     Processing PDF                                 image.py:212
                    'MX-M3658N_20260731_123655_011.pdf'                        
                    (pdf_dpi=144, pdf_page=1)                                  
           INFO                                                    entry.py:234
           INFO     (11) Opening image:                            entry.py:235
                    'MX-M3658N_20260731_123655_011.png'                        
                    Resolution: (1682, 1190)                                   
           ERROR            Error: Paper boundary not found for: CropPage.py:72
                    'MX-M3658N_20260731_123655_011.png'                        
                    Have you accidentally included CropPage                    
                    preprocessor?                                              
           INFO     Processing PDF                                 image.py:212
                    'MX-M3658N_20260731_123655_012.pdf'                        
                    (pdf_dpi=144, pdf_page=1)                                  
           INFO                                                    entry.py:234
           INFO     (12) Opening image:                            entry.py:235
                    'MX-M3658N_20260731_123655_012.png'                        
                    Resolution: (1682, 1190)                                   
           ERROR            Error: Paper boundary not found for: CropPage.py:72
                    'MX-M3658N_20260731_123655_012.png'                        
                    Have you accidentally included CropPage                    
                    preprocessor?                                              
           INFO     Processing PDF                                 image.py:212
                    'MX-M3658N_20260731_123655_013.pdf'                        
                    (pdf_dpi=144, pdf_page=1)                                  
           INFO                                                    entry.py:234
           INFO     (13) Opening image:                            entry.py:235
                    'MX-M3658N_20260731_123655_013.png'                        
                    Resolution: (1682, 1190)                                   
           ERROR            Error: Paper boundary not found for: CropPage.py:72
                    'MX-M3658N_20260731_123655_013.png'                        
                    Have you accidentally included CropPage                    
                    preprocessor?                                              
           INFO     Processing PDF                                 image.py:212
                    'MX-M3658N_20260731_123655_014.pdf'                        
                    (pdf_dpi=144, pdf_page=1)                                  
           INFO                                                    entry.py:234
           INFO     (14) Opening image:                            entry.py:235
                    'MX-M3658N_20260731_123655_014.png'                        
                    Resolution: (1682, 1190)                                   
           ERROR            Error: Paper boundary not found for: CropPage.py:72
                    'MX-M3658N_20260731_123655_014.png'                        
                    Have you accidentally included CropPage                    
                    preprocessor?                                              
           INFO     Processing PDF                                 image.py:212
                    'MX-M3658N_20260731_123655_015.pdf'                        
                    (pdf_dpi=144, pdf_page=1)                                  
           INFO                                                    entry.py:234
           INFO     (15) Opening image:                            entry.py:235
                    'MX-M3658N_20260731_123655_015.png'                        
                    Resolution: (1682, 1190)                                   
           ERROR            Error: Paper boundary not found for: CropPage.py:72
                    'MX-M3658N_20260731_123655_015.png'                        
                    Have you accidentally included CropPage                    
                    preprocessor?                                              
           INFO     Processing PDF                                 image.py:212
                    'MX-M3658N_20260731_123655_016.pdf'                        
                    (pdf_dpi=144, pdf_page=1)                                  
           INFO                                                    entry.py:234
           INFO     (16) Opening image:                            entry.py:235
                    'MX-M3658N_20260731_123655_016.png'                        
                    Resolution: (1682, 1190)                                   
           ERROR            Error: Paper boundary not found for: CropPage.py:72
                    'MX-M3658N_20260731_123655_016.png'                        
                    Have you accidentally included CropPage                    
                    preprocessor?                                              
           INFO     Processing PDF                                 image.py:212
                    'MX-M3658N_20260731_123655_017.pdf'                        
                    (pdf_dpi=144, pdf_page=1)                                  
           INFO                                                    entry.py:234
           INFO     (17) Opening image:                            entry.py:235
                    'MX-M3658N_20260731_123655_017.png'                        
                    Resolution: (1682, 1190)                                   
           ERROR            Error: Paper boundary not found for: CropPage.py:72
                    'MX-M3658N_20260731_123655_017.png'                        
                    Have you accidentally included CropPage                    
                    preprocessor?                                              
           INFO     Processing PDF                                 image.py:212
                    'MX-M3658N_20260731_123655_018.pdf'                        
                    (pdf_dpi=144, pdf_page=1)                                  
           INFO                                                    entry.py:234
           INFO     (18) Opening image:                            entry.py:235
                    'MX-M3658N_20260731_123655_018.png'                        
                    Resolution: (1682, 1190)                                   
           ERROR            Error: Paper boundary not found for: CropPage.py:72
                    'MX-M3658N_20260731_123655_018.png'                        
                    Have you accidentally included CropPage                    
                    preprocessor?                                              
           INFO     Processing PDF                                 image.py:212
                    'MX-M3658N_20260731_123655_019.pdf'                        
                    (pdf_dpi=144, pdf_page=1)                                  
           INFO                                                    entry.py:234
           INFO     (19) Opening image:                            entry.py:235
                    'MX-M3658N_20260731_123655_019.png'                        
                    Resolution: (1682, 1190)                                   
           ERROR            Error: Paper boundary not found for: CropPage.py:72
                    'MX-M3658N_20260731_123655_019.png'                        
                    Have you accidentally included CropPage                    
                    preprocessor?                                              
           INFO     Processing PDF                                 image.py:212
                    'MX-M3658N_20260731_123655_020.pdf'                        
                    (pdf_dpi=144, pdf_page=1)                                  
           INFO                                                    entry.py:234
           INFO     (20) Opening image:                            entry.py:235
                    'MX-M3658N_20260731_123655_020.png'                        
                    Resolution: (1682, 1190)                                   
           ERROR            Error: Paper boundary not found for: CropPage.py:72
                    'MX-M3658N_20260731_123655_020.png'                        
                    Have you accidentally included CropPage                    
                    preprocessor?                                              
           INFO     Processing PDF                                 image.py:212
                    'MX-M3658N_20260731_123655_021.pdf'                        
                    (pdf_dpi=144, pdf_page=1)                                  
           INFO                                                    entry.py:234
           INFO     (21) Opening image:                            entry.py:235
                    'MX-M3658N_20260731_123655_021.png'                        
                    Resolution: (1682, 1190)                                   
           ERROR            Error: Paper boundary not found for: CropPage.py:72
                    'MX-M3658N_20260731_123655_021.png'                        
                    Have you accidentally included CropPage                    
                    preprocessor?                                              
           INFO                                                    entry.py:397
           INFO     Total file(s) moved        : 0                 entry.py:398
           INFO     Total file(s) not moved    : 21                entry.py:399
           INFO     --------------------------------               entry.py:400
           INFO     Total file(s) processed    : 21 (Sum Tallied!) entry.py:401
           INFO                                                    entry.py:406
                    Finished Checking 21 file(s) in 2.0 seconds                
                    i.e. ~0.0 minute(s).                                       
           INFO     OMR Processing Rate        :     ~ 0.09        entry.py:409
                    seconds/OMR                                                
           INFO     OMR Processing Speed       :     ~ 639.59      entry.py:412
                    OMRs/minute                                                
           INFO                                                    entry.py:419
                    Tip: To see some awesome visuals, open                     
                    config.json and increase 'show_image_level'                
