[12:39:58] INFO     Loading OMRChecker modules...                 __init__.py:5
[12:39:59] INFO     Loading processors from "src.processors"...   manager.py:53
           INFO     Loaded processors: ['CropOnMarkers',          manager.py:76
                    'CropPage', 'FeatureBasedAlignment',                       
                    'GaussianBlur', 'Levels', 'MedianBlur']                    
           INFO     Loading config.json: inputs\config.json   validations.py:84
           INFO     Loading template.json:                    validations.py:49
                    inputs\template.json                                       
           INFO     Checking Directories...                          file.py:34
           INFO     Created :                                        file.py:37
                    outputs_inputs_21_feature_final\CheckedOMRs                
           INFO     Created : outputs_inputs_21_feature_final\Manual file.py:45
           INFO     Created :                                        file.py:45
                    outputs_inputs_21_feature_final\Results                    
           INFO     Created :                                        file.py:45
                    outputs_inputs_21_feature_final\Evaluation                 
           INFO     Created :                                        file.py:50
                    outputs_inputs_21_feature_final\Manual\MultiMark           
                    edFiles                                                    
           INFO     Created :                                        file.py:50
                    outputs_inputs_21_feature_final\Manual\ErrorFile           
                    s                                                          
           INFO     Checking Files...                                file.py:57
           INFO     Created new file:                                file.py:80
                    'outputs_inputs_21_feature_final\Results\Results           
                    _12PM.csv'                                                 
           INFO     Created new file:                                file.py:80
                    'outputs_inputs_21_feature_final\Manual\MultiMar           
                    kedFiles.csv'                                              
           INFO     Created new file:                                file.py:80
                    'outputs_inputs_21_feature_final\Manual\ErrorFil           
                    es.csv'                                                    
           INFO                                                     entry.py:53
                            Current Configurations                             
              +-------------------------------------------------+              
              | Directory Path          | inputs                |              
              | Count of Images         | 21                    |              
              | Set Layout Mode         | OFF                   |              
              | Markers Detection       | OFF                   |              
              | Auto Alignment          | False                 |              
              | Detected Template Path  | inputs\template.json  |              
              | Detected Local Config   | inputs\config.json    |              
              | Detected pre-processors | FeatureBasedAlignment |              
              +-------------------------------------------------+              
           INFO     Processing PDF                                 image.py:212
                    'MX-M3658N_20260731_123655_001.pdf'                        
                    (pdf_dpi=144, pdf_page=1)                                  
[12:40:00] INFO                                                    entry.py:234
           INFO     (1) Opening image:                             entry.py:235
                    'MX-M3658N_20260731_123655_001.png'                        
                    Resolution: (1682, 1190)                                   
           INFO     Thresholding:   global_thr: 181.13              core.py:353
                    global_std_THR: 200                                        
           INFO     Saving Image to                                 image.py:24
                    'outputs_inputs_21_feature_final\CheckedOMRs\MX            
                    -M3658N_20260731_123655_001.png'                           
           INFO     Read Response:                                 entry.py:289
                    {'q8': 'D', 'q4': 'A', 'q1': 'A', 'q10':                   
                    'BCD', 'q5': 'B', 'id8': '7', 'id4': '6',                  
                    'q11': 'ABCD', 'id5': '0', 'q3': 'C', 'q7':                
                    'D', 'q9': 'AB', 'id7': '1', 'id6': '4', 'q6':             
                    'B', 'q2': 'B', 'id1': '2', 'id3': '2', 'id2':             
                    '0'}                                                       
           INFO     (/1) Processed file:                           entry.py:303
                    'MX-M3658N_20260731_123655_001.png'                        
           INFO     Processing PDF                                 image.py:212
                    'MX-M3658N_20260731_123655_002.pdf'                        
                    (pdf_dpi=144, pdf_page=1)                                  
           INFO                                                    entry.py:234
           INFO     (2) Opening image:                             entry.py:235
                    'MX-M3658N_20260731_123655_002.png'                        
                    Resolution: (1682, 1190)                                   
           INFO     Thresholding:   global_thr: 119.85              core.py:353
                    global_std_THR: 200                                        
           INFO     Saving Image to                                 image.py:24
                    'outputs_inputs_21_feature_final\CheckedOMRs\MX            
                    -M3658N_20260731_123655_002.png'                           
           INFO     Read Response:                                 entry.py:289
                    {'q8': 'A', 'q4': 'C', 'q1': 'C', 'q10':                   
                    'BCD', 'q5': 'A', 'id8': '1', 'id4': '7',                  
                    'q11': 'AB', 'id5': '2', 'q3': 'B', 'q7': 'B',             
                    'q9': 'ABD', 'id7': '4', 'id6': '9', 'q6':                 
                    'D', 'q2': 'A', 'id1': '3', 'id3': '5', 'id2':             
                    '6'}                                                       
           INFO     (/2) Processed file:                           entry.py:303
                    'MX-M3658N_20260731_123655_002.png'                        
           INFO     Processing PDF                                 image.py:212
                    'MX-M3658N_20260731_123655_003.pdf'                        
                    (pdf_dpi=144, pdf_page=1)                                  
           INFO                                                    entry.py:234
           INFO     (3) Opening image:                             entry.py:235
                    'MX-M3658N_20260731_123655_003.png'                        
                    Resolution: (1682, 1190)                                   
           INFO     Thresholding:   global_thr: 200                 core.py:353
                    global_std_THR: 200                                        
           INFO     Saving Image to                                 image.py:24
                    'outputs_inputs_21_feature_final\CheckedOMRs\MX            
                    -M3658N_20260731_123655_003.png'                           
           INFO     Read Response:                                 entry.py:289
                    {'q8': 'B', 'q4': 'D', 'q1': 'A', 'q10': 'BC',             
                    'q5': 'A', 'id8': '1', 'id4': '3', 'q11':                  
                    'CD', 'id5': '7', 'q3': 'C', 'q7': 'D', 'q9':              
                    'ACD', 'id7': '0', 'id6': '6', 'q6': 'A',                  
                    'q2': 'C', 'id1': '2', 'id3': '4', 'id2': '3'}             
           INFO     (/3) Processed file:                           entry.py:303
                    'MX-M3658N_20260731_123655_003.png'                        
           INFO     Processing PDF                                 image.py:212
                    'MX-M3658N_20260731_123655_004.pdf'                        
                    (pdf_dpi=144, pdf_page=1)                                  
           INFO                                                    entry.py:234
           INFO     (4) Opening image:                             entry.py:235
                    'MX-M3658N_20260731_123655_004.png'                        
                    Resolution: (1682, 1190)                                   
           INFO     Thresholding:   global_thr: 200                 core.py:353
                    global_std_THR: 200                                        
           INFO     Saving Image to                                 image.py:24
                    'outputs_inputs_21_feature_final\CheckedOMRs\MX            
                    -M3658N_20260731_123655_004.png'                           
           INFO     Read Response:                                 entry.py:289
                    {'q8': 'B', 'q4': 'A', 'q1': 'C', 'q10': 'AD',             
                    'q5': 'D', 'id8': '2', 'id4': '5', 'q11':                  
                    'AB', 'id5': '9', 'q3': 'B', 'q7': 'C', 'q9':              
                    'BD', 'id7': '7', 'id6': '9', 'q6': 'A', 'q2':             
                    'A', 'id1': '1', 'id3': '3', 'id2': '4'}                   
           INFO     (/4) Processed file:                           entry.py:303
                    'MX-M3658N_20260731_123655_004.png'                        
           INFO     Processing PDF                                 image.py:212
                    'MX-M3658N_20260731_123655_005.pdf'                        
                    (pdf_dpi=144, pdf_page=1)                                  
           INFO                                                    entry.py:234
           INFO     (5) Opening image:                             entry.py:235
                    'MX-M3658N_20260731_123655_005.png'                        
                    Resolution: (1682, 1190)                                   
           INFO     Thresholding:   global_thr: 200                 core.py:353
                    global_std_THR: 200                                        
           INFO     Saving Image to                                 image.py:24
                    'outputs_inputs_21_feature_final\CheckedOMRs\MX            
                    -M3658N_20260731_123655_005.png'                           
           INFO     Read Response:                                 entry.py:289
                    {'q8': 'B', 'q4': 'A', 'q1': 'B', 'q10':                   
                    'ABC', 'q5': 'D', 'id8': '0', 'id4': '5',                  
                    'q11': 'ABCD', 'id5': '7', 'q3': 'C', 'q7':                
                    'B', 'q9': 'AC', 'id7': '4', 'id6': '9', 'q6':             
                    'C', 'q2': 'A', 'id1': '2', 'id3': '4', 'id2':             
                    '3'}                                                       
           INFO     (/5) Processed file:                           entry.py:303
                    'MX-M3658N_20260731_123655_005.png'                        
           INFO     Processing PDF                                 image.py:212
                    'MX-M3658N_20260731_123655_006.pdf'                        
                    (pdf_dpi=144, pdf_page=1)                                  
           INFO                                                    entry.py:234
           INFO     (6) Opening image:                             entry.py:235
                    'MX-M3658N_20260731_123655_006.png'                        
                    Resolution: (1682, 1190)                                   
           INFO     Thresholding:   global_thr: 181.19              core.py:353
                    global_std_THR: 200                                        
           INFO     Saving Image to                                 image.py:24
                    'outputs_inputs_21_feature_final\CheckedOMRs\MX            
                    -M3658N_20260731_123655_006.png'                           
           INFO     Read Response:                                 entry.py:289
                    {'q8': 'B', 'q4': 'B', 'q1': 'B', 'q10':                   
                    'ABC', 'q5': 'A', 'id8': '9', 'id4': '3',                  
                    'q11': 'CD', 'id5': '7', 'q3': 'D', 'q7': 'D',             
                    'q9': 'BD', 'id7': '0', 'id6': '6', 'q6': 'C',             
                    'q2': 'A', 'id1': '2', 'id3': '1', 'id2': '4'}             
           INFO     (/6) Processed file:                           entry.py:303
                    'MX-M3658N_20260731_123655_006.png'                        
           INFO     Processing PDF                                 image.py:212
                    'MX-M3658N_20260731_123655_007.pdf'                        
                    (pdf_dpi=144, pdf_page=1)                                  
           INFO                                                    entry.py:234
           INFO     (7) Opening image:                             entry.py:235
                    'MX-M3658N_20260731_123655_007.png'                        
                    Resolution: (1682, 1190)                                   
           INFO     Thresholding:   global_thr: 120.85              core.py:353
                    global_std_THR: 200                                        
           INFO     Saving Image to                                 image.py:24
                    'outputs_inputs_21_feature_final\CheckedOMRs\MX            
                    -M3658N_20260731_123655_007.png'                           
           INFO     Read Response:                                 entry.py:289
                    {'q8': 'B', 'q4': 'D', 'q1': 'A', 'q10': '',               
                    'q5': 'C', 'id8': '3', 'id4': '5', 'q11':                  
                    'ACD', 'id5': '7', 'q3': 'B', 'q7': 'C', 'q9':             
                    'ABC', 'id7': '3', 'id6': '6', 'q6': 'D',                  
                    'q2': 'C', 'id1': '1', 'id3': '2', 'id2': '4'}             
           INFO     (/7) Processed file:                           entry.py:303
                    'MX-M3658N_20260731_123655_007.png'                        
           INFO     Processing PDF                                 image.py:212
                    'MX-M3658N_20260731_123655_008.pdf'                        
                    (pdf_dpi=144, pdf_page=1)                                  
           INFO                                                    entry.py:234
           INFO     (8) Opening image:                             entry.py:235
                    'MX-M3658N_20260731_123655_008.png'                        
                    Resolution: (1682, 1190)                                   
           INFO     Thresholding:   global_thr: 200                 core.py:353
                    global_std_THR: 200                                        
           INFO     Saving Image to                                 image.py:24
                    'outputs_inputs_21_feature_final\CheckedOMRs\MX            
                    -M3658N_20260731_123655_008.png'                           
           INFO     Read Response:                                 entry.py:289
                    {'q8': 'D', 'q4': 'C', 'q1': 'B', 'q10':                   
                    'ABC', 'q5': 'A', 'id8': '6', 'id4': '7',                  
                    'q11': 'BCD', 'id5': '4', 'q3': 'B', 'q7':                 
                    'A', 'q9': 'AC', 'id7': '0', 'id6': '5', 'q6':             
                    'C', 'q2': 'C', 'id1': '2', 'id3': '3', 'id2':             
                    '4'}                                                       
           INFO     (/8) Processed file:                           entry.py:303
                    'MX-M3658N_20260731_123655_008.png'                        
           INFO     Processing PDF                                 image.py:212
                    'MX-M3658N_20260731_123655_009.pdf'                        
                    (pdf_dpi=144, pdf_page=1)                                  
[12:40:01] INFO                                                    entry.py:234
           INFO     (9) Opening image:                             entry.py:235
                    'MX-M3658N_20260731_123655_009.png'                        
                    Resolution: (1682, 1190)                                   
           INFO     Thresholding:   global_thr: 200                 core.py:353
                    global_std_THR: 200                                        
           INFO     Saving Image to                                 image.py:24
                    'outputs_inputs_21_feature_final\CheckedOMRs\MX            
                    -M3658N_20260731_123655_009.png'                           
           INFO     Read Response:                                 entry.py:289
                    {'q8': 'B', 'q4': 'C', 'q1': 'A', 'q10':                   
                    'ABC', 'q5': 'C', 'id8': '7', 'id4': '4',                  
                    'q11': 'BD', 'id5': '2', 'q3': 'B', 'q7': 'C',             
                    'q9': 'BD', 'id7': '4', 'id6': '0', 'q6': 'D',             
                    'q2': 'B', 'id1': '0', 'id3': '3', 'id2': '2'}             
           INFO     (/9) Processed file:                           entry.py:303
                    'MX-M3658N_20260731_123655_009.png'                        
           INFO     Processing PDF                                 image.py:212
                    'MX-M3658N_20260731_123655_010.pdf'                        
                    (pdf_dpi=144, pdf_page=1)                                  
           INFO                                                    entry.py:234
           INFO     (10) Opening image:                            entry.py:235
                    'MX-M3658N_20260731_123655_010.png'                        
                    Resolution: (1682, 1190)                                   
           INFO     Thresholding:   global_thr: 200                 core.py:353
                    global_std_THR: 200                                        
           INFO     Saving Image to                                 image.py:24
                    'outputs_inputs_21_feature_final\CheckedOMRs\MX            
                    -M3658N_20260731_123655_010.png'                           
           INFO     Read Response:                                 entry.py:289
                    {'q8': 'D', 'q4': 'A', 'q1': 'A', 'q10': 'AD',             
                    'q5': 'C', 'id8': '0', 'id4': '3', 'q11':                  
                    'BCD', 'id5': '5', 'q3': 'C', 'q7': 'B', 'q9':             
                    'BD', 'id7': '7', 'id6': '1', 'q6': 'C', 'q2':             
                    'B', 'id1': '3', 'id3': '9', 'id2': '4'}                   
           INFO     (/10) Processed file:                          entry.py:303
                    'MX-M3658N_20260731_123655_010.png'                        
           INFO     Processing PDF                                 image.py:212
                    'MX-M3658N_20260731_123655_011.pdf'                        
                    (pdf_dpi=144, pdf_page=1)                                  
           INFO                                                    entry.py:234
           INFO     (11) Opening image:                            entry.py:235
                    'MX-M3658N_20260731_123655_011.png'                        
                    Resolution: (1682, 1190)                                   
           INFO     Thresholding:   global_thr: 200                 core.py:353
                    global_std_THR: 200                                        
           INFO     Saving Image to                                 image.py:24
                    'outputs_inputs_21_feature_final\CheckedOMRs\MX            
                    -M3658N_20260731_123655_011.png'                           
           INFO     Read Response:                                 entry.py:289
                    {'q8': 'B', 'q4': 'CD', 'q1': 'B', 'q10':                  
                    'AC', 'q5': 'B', 'id8': '8', 'id4': '4',                   
                    'q11': 'BD', 'id5': '6', 'q3': 'D', 'q7': 'B',             
                    'q9': 'CD', 'id7': '6', 'id6': '2', 'q6': 'A',             
                    'q2': 'C', 'id1': '6', 'id3': '0', 'id2': '1'}             
           INFO     (/11) Processed file:                          entry.py:303
                    'MX-M3658N_20260731_123655_011.png'                        
           INFO     Processing PDF                                 image.py:212
                    'MX-M3658N_20260731_123655_012.pdf'                        
                    (pdf_dpi=144, pdf_page=1)                                  
           INFO                                                    entry.py:234
           INFO     (12) Opening image:                            entry.py:235
                    'MX-M3658N_20260731_123655_012.png'                        
                    Resolution: (1682, 1190)                                   
           INFO     Thresholding:   global_thr: 200                 core.py:353
                    global_std_THR: 200                                        
           INFO     Saving Image to                                 image.py:24
                    'outputs_inputs_21_feature_final\CheckedOMRs\MX            
                    -M3658N_20260731_123655_012.png'                           
           INFO     Read Response:                                 entry.py:289
                    {'q8': 'D', 'q4': 'B', 'q1': 'A', 'q10': 'AC',             
                    'q5': 'C', 'id8': '5', 'id4': '5', 'q11':                  
                    'ABD', 'id5': '7', 'q3': 'B', 'q7': 'B', 'q9':             
                    'CD', 'id7': '3', 'id6': '5', 'q6': 'C', 'q2':             
                    'B', 'id1': '4', 'id3': '3', 'id2': '0'}                   
           INFO     (/12) Processed file:                          entry.py:303
                    'MX-M3658N_20260731_123655_012.png'                        
           INFO     Processing PDF                                 image.py:212
                    'MX-M3658N_20260731_123655_013.pdf'                        
                    (pdf_dpi=144, pdf_page=1)                                  
           INFO                                                    entry.py:234
           INFO     (13) Opening image:                            entry.py:235
                    'MX-M3658N_20260731_123655_013.png'                        
                    Resolution: (1682, 1190)                                   
           INFO     Thresholding:   global_thr: 118.91              core.py:353
                    global_std_THR: 200                                        
           INFO     Saving Image to                                 image.py:24
                    'outputs_inputs_21_feature_final\CheckedOMRs\MX            
                    -M3658N_20260731_123655_013.png'                           
           INFO     Read Response:                                 entry.py:289
                    {'q8': 'D', 'q4': 'D', 'q1': 'B', 'q10':                   
                    'BCD', 'q5': 'A', 'id8': '6', 'id4': '5',                  
                    'q11': 'ABC', 'id5': '7', 'q3': 'A', 'q7':                 
                    'B', 'q9': 'BC', 'id7': '0', 'id6': '9', 'q6':             
                    'C', 'q2': 'C', 'id1': '2', 'id3': '4', 'id2':             
                    '1'}                                                       
           INFO     (/13) Processed file:                          entry.py:303
                    'MX-M3658N_20260731_123655_013.png'                        
           INFO     Processing PDF                                 image.py:212
                    'MX-M3658N_20260731_123655_014.pdf'                        
                    (pdf_dpi=144, pdf_page=1)                                  
           INFO                                                    entry.py:234
           INFO     (14) Opening image:                            entry.py:235
                    'MX-M3658N_20260731_123655_014.png'                        
                    Resolution: (1682, 1190)                                   
           INFO     Thresholding:   global_thr: 200                 core.py:353
                    global_std_THR: 200                                        
           INFO     Saving Image to                                 image.py:24
                    'outputs_inputs_21_feature_final\CheckedOMRs\MX            
                    -M3658N_20260731_123655_014.png'                           
           INFO     Read Response:                                 entry.py:289
                    {'q8': 'D', 'q4': 'A', 'q1': 'B', 'q10':                   
                    'BCD', 'q5': 'B', 'id8': '5', 'id4': '8',                  
                    'q11': 'ABCD', 'id5': '9', 'q3': 'C', 'q7':                
                    'C', 'q9': 'ABC', 'id7': '2', 'id6': '0',                  
                    'q6': 'C', 'q2': 'A', 'id1': '3', 'id3': '7',              
                    'id2': '4'}                                                
           INFO     (/14) Processed file:                          entry.py:303
                    'MX-M3658N_20260731_123655_014.png'                        
           INFO     Processing PDF                                 image.py:212
                    'MX-M3658N_20260731_123655_015.pdf'                        
                    (pdf_dpi=144, pdf_page=1)                                  
           INFO                                                    entry.py:234
           INFO     (15) Opening image:                            entry.py:235
                    'MX-M3658N_20260731_123655_015.png'                        
                    Resolution: (1682, 1190)                                   
           INFO     Thresholding:   global_thr: 200                 core.py:353
                    global_std_THR: 200                                        
           INFO     Saving Image to                                 image.py:24
                    'outputs_inputs_21_feature_final\CheckedOMRs\MX            
                    -M3658N_20260731_123655_015.png'                           
           INFO     Read Response:                                 entry.py:289
                    {'q8': 'C', 'q4': 'D', 'q1': 'C', 'q10': 'CD',             
                    'q5': 'A', 'id8': '5', 'id4': '0', 'q11':                  
                    'ABC', 'id5': '9', 'q3': 'D', 'q7': 'C', 'q9':             
                    'ABC', 'id7': '3', 'id6': '1', 'q6': 'B',                  
                    'q2': 'A', 'id1': '4', 'id3': '8', 'id2': '7'}             
           INFO     (/15) Processed file:                          entry.py:303
                    'MX-M3658N_20260731_123655_015.png'                        
           INFO     Processing PDF                                 image.py:212
                    'MX-M3658N_20260731_123655_016.pdf'                        
                    (pdf_dpi=144, pdf_page=1)                                  
           INFO                                                    entry.py:234
           INFO     (16) Opening image:                            entry.py:235
                    'MX-M3658N_20260731_123655_016.png'                        
                    Resolution: (1682, 1190)                                   
           INFO     Thresholding:   global_thr: 109.45              core.py:353
                    global_std_THR: 200                                        
           INFO     Saving Image to                                 image.py:24
                    'outputs_inputs_21_feature_final\CheckedOMRs\MX            
                    -M3658N_20260731_123655_016.png'                           
           INFO     Read Response:                                 entry.py:289
                    {'q8': 'B', 'q4': 'C', 'q1': 'C', 'q10': 'AB',             
                    'q5': 'A', 'id8': '9', 'id4': '4', 'q11':                  
                    'BCD', 'id5': '5', 'q3': 'A', 'q7': 'D', 'q9':             
                    'AD', 'id7': '0', 'id6': '6', 'q6': 'B', 'q2':             
                    'AC', 'id1': '2', 'id3': '7', 'id2': '3'}                  
           INFO     (/16) Processed file:                          entry.py:303
                    'MX-M3658N_20260731_123655_016.png'                        
           INFO     Processing PDF                                 image.py:212
                    'MX-M3658N_20260731_123655_017.pdf'                        
                    (pdf_dpi=144, pdf_page=1)                                  
[12:40:02] INFO                                                    entry.py:234
           INFO     (17) Opening image:                            entry.py:235
                    'MX-M3658N_20260731_123655_017.png'                        
                    Resolution: (1682, 1190)                                   
           INFO     Thresholding:   global_thr: 113.81              core.py:353
                    global_std_THR: 200                                        
           INFO     Saving Image to                                 image.py:24
                    'outputs_inputs_21_feature_final\CheckedOMRs\MX            
                    -M3658N_20260731_123655_017.png'                           
           INFO     Read Response:                                 entry.py:289
                    {'q8': 'D', 'q4': 'C', 'q1': 'D', 'q10':                   
                    'BCD', 'q5': 'A', 'id8': '5', 'id4': '7',                  
                    'q11': 'ABC', 'id5': '0', 'q3': 'B', 'q7':                 
                    'A', 'q9': 'ABC', 'id7': '8', 'id6': '6',                  
                    'q6': 'C', 'q2': 'A', 'id1': '3', 'id3': '9',              
                    'id2': '3'}                                                
           INFO     (/17) Processed file:                          entry.py:303
                    'MX-M3658N_20260731_123655_017.png'                        
           INFO     Processing PDF                                 image.py:212
                    'MX-M3658N_20260731_123655_018.pdf'                        
                    (pdf_dpi=144, pdf_page=1)                                  
           INFO                                                    entry.py:234
           INFO     (18) Opening image:                            entry.py:235
                    'MX-M3658N_20260731_123655_018.png'                        
                    Resolution: (1682, 1190)                                   
           INFO     Thresholding:   global_thr: 200                 core.py:353
                    global_std_THR: 200                                        
           INFO     Saving Image to                                 image.py:24
                    'outputs_inputs_21_feature_final\CheckedOMRs\MX            
                    -M3658N_20260731_123655_018.png'                           
           INFO     Read Response:                                 entry.py:289
                    {'q8': 'C', 'q4': 'B', 'q1': 'B', 'q10':                   
                    'BCD', 'q5': 'D', 'id8': '8', 'id4': '7',                  
                    'q11': 'ABC', 'id5': '4', 'q3': 'D', 'q7':                 
                    'B', 'q9': 'BC', 'id7': '2', 'id6': '1', 'q6':             
                    'C', 'q2': 'A', 'id1': '0', 'id3': '3', 'id2':             
                    '9'}                                                       
           INFO     (/18) Processed file:                          entry.py:303
                    'MX-M3658N_20260731_123655_018.png'                        
           INFO     Processing PDF                                 image.py:212
                    'MX-M3658N_20260731_123655_019.pdf'                        
                    (pdf_dpi=144, pdf_page=1)                                  
           INFO                                                    entry.py:234
           INFO     (19) Opening image:                            entry.py:235
                    'MX-M3658N_20260731_123655_019.png'                        
                    Resolution: (1682, 1190)                                   
           INFO     Thresholding:   global_thr: 200                 core.py:353
                    global_std_THR: 200                                        
           INFO     Saving Image to                                 image.py:24
                    'outputs_inputs_21_feature_final\CheckedOMRs\MX            
                    -M3658N_20260731_123655_019.png'                           
           INFO     Read Response:                                 entry.py:289
                    {'q8': 'A', 'q4': 'D', 'q1': 'C', 'q10':                   
                    'ABC', 'q5': 'C', 'id8': '8', 'id4': '6',                  
                    'q11': 'BCD', 'id5': '5', 'q3': 'C', 'q7':                 
                    'B', 'q9': 'CD', 'id7': '2', 'id6': '7', 'q6':             
                    'D', 'q2': 'A', 'id1': '2', 'id3': '0', 'id2':             
                    '4'}                                                       
           INFO     (/19) Processed file:                          entry.py:303
                    'MX-M3658N_20260731_123655_019.png'                        
           INFO     Processing PDF                                 image.py:212
                    'MX-M3658N_20260731_123655_020.pdf'                        
                    (pdf_dpi=144, pdf_page=1)                                  
           INFO                                                    entry.py:234
           INFO     (20) Opening image:                            entry.py:235
                    'MX-M3658N_20260731_123655_020.png'                        
                    Resolution: (1682, 1190)                                   
           INFO     Thresholding:   global_thr: 200                 core.py:353
                    global_std_THR: 200                                        
           INFO     Saving Image to                                 image.py:24
                    'outputs_inputs_21_feature_final\CheckedOMRs\MX            
                    -M3658N_20260731_123655_020.png'                           
           INFO     Read Response:                                 entry.py:289
                    {'q8': 'A', 'q4': 'B', 'q1': 'A', 'q10': 'BD',             
                    'q5': 'B', 'id8': '5', 'id4': '4', 'q11':                  
                    'BCD', 'id5': '6', 'q3': 'C', 'q7': 'C', 'q9':             
                    'AD', 'id7': '3', 'id6': '7', 'q6': 'B', 'q2':             
                    'D', 'id1': '1', 'id3': '1', 'id2': '4'}                   
           INFO     (/20) Processed file:                          entry.py:303
                    'MX-M3658N_20260731_123655_020.png'                        
           INFO     Processing PDF                                 image.py:212
                    'MX-M3658N_20260731_123655_021.pdf'                        
                    (pdf_dpi=144, pdf_page=1)                                  
           INFO                                                    entry.py:234
           INFO     (21) Opening image:                            entry.py:235
                    'MX-M3658N_20260731_123655_021.png'                        
                    Resolution: (1682, 1190)                                   
           INFO     Thresholding:   global_thr: 176.3               core.py:353
                    global_std_THR: 200                                        
           INFO     Saving Image to                                 image.py:24
                    'outputs_inputs_21_feature_final\CheckedOMRs\MX            
                    -M3658N_20260731_123655_021.png'                           
           INFO     Read Response:                                 entry.py:289
                    {'q8': 'B', 'q4': 'B', 'q1': 'AC', 'q10':                  
                    'AC', 'q5': 'B', 'id8': '3', 'id4': '5',                   
                    'q11': 'ACD', 'id5': '6', 'q3': 'C', 'q7':                 
                    'D', 'q9': 'BD', 'id7': '7', 'id6': '3', 'q6':             
                    'C', 'q2': 'C', 'id1': '1', 'id3': '1', 'id2':             
                    '3'}                                                       
           INFO     (/21) Processed file:                          entry.py:303
                    'MX-M3658N_20260731_123655_021.png'                        
           INFO                                                    entry.py:397
           INFO     Total file(s) moved        : 0                 entry.py:398
           INFO     Total file(s) not moved    : 21                entry.py:399
           INFO     --------------------------------               entry.py:400
           INFO     Total file(s) processed    : 21 (Sum Tallied!) entry.py:401
           INFO                                                    entry.py:406
                    Finished Checking 21 file(s) in 3.6 seconds                
                    i.e. ~0.1 minute(s).                                       
           INFO     OMR Processing Rate        :     ~ 0.17        entry.py:409
                    seconds/OMR                                                
           INFO     OMR Processing Speed       :     ~ 350.97      entry.py:412
                    OMRs/minute                                                
           INFO                                                    entry.py:419
                    Tip: To see some awesome visuals, open                     
                    config.json and increase 'show_image_level'                
