[12:37:29] INFO     Loading OMRChecker modules...                 __init__.py:5
[12:37:30] INFO     Loading processors from "src.processors"...   manager.py:53
           INFO     Loaded processors: ['CropOnMarkers',          manager.py:76
                    'CropPage', 'FeatureBasedAlignment',                       
                    'GaussianBlur', 'Levels', 'MedianBlur']                    
           INFO     Loading config.json:                      validations.py:84
                    alignment_experiments\baseline\config.jso                  
                    n                                                          
           INFO     Loading template.json:                    validations.py:49
                    alignment_experiments\baseline\template.j                  
                    son                                                        
           INFO     Checking Directories...                          file.py:34
           INFO     Created : outputs_inputs_21_baseline\CheckedOMRs file.py:37
           INFO     Created : outputs_inputs_21_baseline\Manual      file.py:45
           INFO     Created : outputs_inputs_21_baseline\Results     file.py:45
           INFO     Created : outputs_inputs_21_baseline\Evaluation  file.py:45
           INFO     Created :                                        file.py:50
                    outputs_inputs_21_baseline\Manual\MultiMarkedFil           
                    es                                                         
           INFO     Created :                                        file.py:50
                    outputs_inputs_21_baseline\Manual\ErrorFiles               
           INFO     Checking Files...                                file.py:57
           INFO     Created new file:                                file.py:80
                    'outputs_inputs_21_baseline\Results\Results_12PM           
                    .csv'                                                      
           INFO     Created new file:                                file.py:80
                    'outputs_inputs_21_baseline\Manual\MultiMarkedFi           
                    les.csv'                                                   
           INFO     Created new file:                                file.py:80
                    'outputs_inputs_21_baseline\Manual\ErrorFiles.cs           
                    v'                                                         
           INFO                                                     entry.py:53
                            Current Configurations                             
  +------------------------------------------------------------------------+   
  | Directory Path          | alignment_experiments\baseline               |   
  | Count of Images         | 21                                           |   
  | Set Layout Mode         | OFF                                          |   
  | Markers Detection       | OFF                                          |   
  | Auto Alignment          | False                                        |   
  | Detected Template Path  | alignment_experiments\baseline\template.json |   
  | Detected Local Config   | alignment_experiments\baseline\config.json   |   
  | Detected pre-processors |                                              |   
  +------------------------------------------------------------------------+   
           INFO     Processing PDF                                 image.py:212
                    'MX-M3658N_20260731_123655_001.pdf'                        
                    (pdf_dpi=144, pdf_page=1)                                  
           INFO                                                    entry.py:234
           INFO     (1) Opening image:                             entry.py:235
                    'MX-M3658N_20260731_123655_001.png'                        
                    Resolution: (1682, 1190)                                   
           INFO     Thresholding:   global_thr: 181.13              core.py:353
                    global_std_THR: 200                                        
           INFO     Saving Image to                                 image.py:24
                    'outputs_inputs_21_baseline\CheckedOMRs\MX-M365            
                    8N_20260731_123655_001.png'                                
           INFO     Read Response:                                 entry.py:289
                    {'q5': 'B', 'q3': 'C', 'id8': '7', 'q10':                  
                    'BCD', 'id1': '2', 'q4': 'A', 'q8': 'D',                   
                    'id7': '1', 'q7': 'D', 'q11': 'ABCD', 'id4':               
                    '6', 'q6': 'B', 'q9': 'AB', 'id6': '4', 'q2':              
                    'B', 'id3': '2', 'id5': '0', 'id2': '0', 'q1':             
                    'A'}                                                       
           INFO     (/1) Processed file:                           entry.py:303
                    'MX-M3658N_20260731_123655_001.png'                        
           INFO     Processing PDF                                 image.py:212
                    'MX-M3658N_20260731_123655_002.pdf'                        
                    (pdf_dpi=144, pdf_page=1)                                  
           INFO                                                    entry.py:234
           INFO     (2) Opening image:                             entry.py:235
                    'MX-M3658N_20260731_123655_002.png'                        
                    Resolution: (1682, 1190)                                   
           INFO     Thresholding:   global_thr: 200                 core.py:353
                    global_std_THR: 200                                        
           INFO     Saving Image to                                 image.py:24
                    'outputs_inputs_21_baseline\CheckedOMRs\MX-M365            
                    8N_20260731_123655_002.png'                                
           INFO     Read Response:                                 entry.py:289
                    {'q5': 'A', 'q3': 'B', 'id8': '1', 'q10':                  
                    'BCD', 'id1': '3', 'q4': 'C', 'q8': 'A',                   
                    'id7': '4', 'q7': 'B', 'q11': 'AB', 'id4':                 
                    '7', 'q6': 'D', 'q9': 'ABD', 'id6': '9', 'q2':             
                    'A', 'id3': '5', 'id5': '2', 'id2': '6', 'q1':             
                    'C'}                                                       
           INFO     (/2) Processed file:                           entry.py:303
                    'MX-M3658N_20260731_123655_002.png'                        
           INFO     Processing PDF                                 image.py:212
                    'MX-M3658N_20260731_123655_003.pdf'                        
                    (pdf_dpi=144, pdf_page=1)                                  
           INFO                                                    entry.py:234
           INFO     (3) Opening image:                             entry.py:235
                    'MX-M3658N_20260731_123655_003.png'                        
                    Resolution: (1682, 1190)                                   
           INFO     Thresholding:   global_thr: 180.35              core.py:353
                    global_std_THR: 200                                        
           INFO     Saving Image to                                 image.py:24
                    'outputs_inputs_21_baseline\CheckedOMRs\MX-M365            
                    8N_20260731_123655_003.png'                                
           INFO     Read Response:                                 entry.py:289
                    {'q5': 'A', 'q3': 'C', 'id8': '1', 'q10':                  
                    'BC', 'id1': '2', 'q4': 'D', 'q8': 'B', 'id7':             
                    '0', 'q7': 'D', 'q11': 'CD', 'id4': '3', 'q6':             
                    'A', 'q9': 'ACD', 'id6': '6', 'q2': 'C',                   
                    'id3': '4', 'id5': '7', 'id2': '3', 'q1': 'A'}             
           INFO     (/3) Processed file:                           entry.py:303
                    'MX-M3658N_20260731_123655_003.png'                        
           INFO     Processing PDF                                 image.py:212
                    'MX-M3658N_20260731_123655_004.pdf'                        
                    (pdf_dpi=144, pdf_page=1)                                  
           INFO                                                    entry.py:234
           INFO     (4) Opening image:                             entry.py:235
                    'MX-M3658N_20260731_123655_004.png'                        
                    Resolution: (1682, 1190)                                   
           INFO     Thresholding:   global_thr: 200                 core.py:353
                    global_std_THR: 200                                        
           INFO     Saving Image to                                 image.py:24
                    'outputs_inputs_21_baseline\CheckedOMRs\MX-M365            
                    8N_20260731_123655_004.png'                                
[12:37:31] INFO     Read Response:                                 entry.py:289
                    {'q5': 'D', 'q3': 'B', 'id8': '2', 'q10':                  
                    'AD', 'id1': '1', 'q4': 'A', 'q8': 'B', 'id7':             
                    '7', 'q7': 'C', 'q11': 'AB', 'id4': '5', 'q6':             
                    'A', 'q9': 'BD', 'id6': '9', 'q2': 'A', 'id3':             
                    '3', 'id5': '9', 'id2': '4', 'q1': 'C'}                    
           INFO     (/4) Processed file:                           entry.py:303
                    'MX-M3658N_20260731_123655_004.png'                        
           INFO     Processing PDF                                 image.py:212
                    'MX-M3658N_20260731_123655_005.pdf'                        
                    (pdf_dpi=144, pdf_page=1)                                  
           INFO                                                    entry.py:234
           INFO     (5) Opening image:                             entry.py:235
                    'MX-M3658N_20260731_123655_005.png'                        
                    Resolution: (1682, 1190)                                   
           INFO     Thresholding:   global_thr: 186.41              core.py:353
                    global_std_THR: 200                                        
           INFO     Saving Image to                                 image.py:24
                    'outputs_inputs_21_baseline\CheckedOMRs\MX-M365            
                    8N_20260731_123655_005.png'                                
           INFO     Read Response:                                 entry.py:289
                    {'q5': 'D', 'q3': 'C', 'id8': '0', 'q10':                  
                    'ABC', 'id1': '2', 'q4': 'A', 'q8': 'B',                   
                    'id7': '4', 'q7': 'B', 'q11': 'ABCD', 'id4':               
                    '5', 'q6': 'C', 'q9': 'AC', 'id6': '9', 'q2':              
                    'A', 'id3': '4', 'id5': '7', 'id2': '3', 'q1':             
                    'B'}                                                       
           INFO     (/5) Processed file:                           entry.py:303
                    'MX-M3658N_20260731_123655_005.png'                        
           INFO     Processing PDF                                 image.py:212
                    'MX-M3658N_20260731_123655_006.pdf'                        
                    (pdf_dpi=144, pdf_page=1)                                  
           INFO                                                    entry.py:234
           INFO     (6) Opening image:                             entry.py:235
                    'MX-M3658N_20260731_123655_006.png'                        
                    Resolution: (1682, 1190)                                   
           INFO     Thresholding:   global_thr: 182.74              core.py:353
                    global_std_THR: 200                                        
           INFO     Saving Image to                                 image.py:24
                    'outputs_inputs_21_baseline\CheckedOMRs\MX-M365            
                    8N_20260731_123655_006.png'                                
           INFO     Read Response:                                 entry.py:289
                    {'q5': 'A', 'q3': 'D', 'id8': '9', 'q10':                  
                    'ABC', 'id1': '2', 'q4': 'B', 'q8': 'B',                   
                    'id7': '0', 'q7': 'D', 'q11': 'CD', 'id4':                 
                    '3', 'q6': 'C', 'q9': 'BD', 'id6': '6', 'q2':              
                    'A', 'id3': '1', 'id5': '7', 'id2': '4', 'q1':             
                    'B'}                                                       
           INFO     (/6) Processed file:                           entry.py:303
                    'MX-M3658N_20260731_123655_006.png'                        
           INFO     Processing PDF                                 image.py:212
                    'MX-M3658N_20260731_123655_007.pdf'                        
                    (pdf_dpi=144, pdf_page=1)                                  
           INFO                                                    entry.py:234
           INFO     (7) Opening image:                             entry.py:235
                    'MX-M3658N_20260731_123655_007.png'                        
                    Resolution: (1682, 1190)                                   
           INFO     Thresholding:   global_thr: 124.3               core.py:353
                    global_std_THR: 200                                        
           INFO     Saving Image to                                 image.py:24
                    'outputs_inputs_21_baseline\CheckedOMRs\MX-M365            
                    8N_20260731_123655_007.png'                                
           INFO     Read Response:                                 entry.py:289
                    {'q5': 'C', 'q3': 'B', 'id8': '3', 'q10': '',              
                    'id1': '1', 'q4': 'D', 'q8': 'B', 'id7': '3',              
                    'q7': 'C', 'q11': 'ACD', 'id4': '5', 'q6':                 
                    'D', 'q9': 'ABC', 'id6': '6', 'q2': 'C',                   
                    'id3': '2', 'id5': '7', 'id2': '4', 'q1': 'A'}             
           INFO     (/7) Processed file:                           entry.py:303
                    'MX-M3658N_20260731_123655_007.png'                        
           INFO     Processing PDF                                 image.py:212
                    'MX-M3658N_20260731_123655_008.pdf'                        
                    (pdf_dpi=144, pdf_page=1)                                  
           INFO                                                    entry.py:234
           INFO     (8) Opening image:                             entry.py:235
                    'MX-M3658N_20260731_123655_008.png'                        
                    Resolution: (1682, 1190)                                   
           INFO     Thresholding:   global_thr: 137.33              core.py:353
                    global_std_THR: 200                                        
           WARNING  Weak multi-mark fallback: field 'q10' -> append core.py:138
                    'C' (mean=203.31, blank_baseline=214.49,                   
                    delta=11.18)                                               
           WARNING  Weak multi-mark fallback: field 'q11' -> append core.py:138
                    'B' (mean=203.69, blank_baseline=216.82,                   
                    delta=13.14)                                               
           WARNING  Weak multi-mark fallback: field 'q11' -> append core.py:138
                    'D' (mean=206.60, blank_baseline=216.82,                   
                    delta=10.22)                                               
           INFO     Saving Image to                                 image.py:24
                    'outputs_inputs_21_baseline\CheckedOMRs\MX-M365            
                    8N_20260731_123655_008.png'                                
           INFO     Read Response:                                 entry.py:289
                    {'q5': 'ABC', 'q3': 'B', 'id8': '', 'q10':                 
                    'C', 'id1': '', 'q4': 'BC', 'q8': 'D', 'id7':              
                    '', 'q7': 'A', 'q11': 'BD', 'id4': '', 'q6':               
                    'C', 'q9': '', 'id6': '', 'q2': 'C', 'id3':                
                    '', 'id5': '', 'id2': '', 'q1': 'B'}                       
           INFO     (/8) Processed file:                           entry.py:303
                    'MX-M3658N_20260731_123655_008.png'                        
           INFO     Processing PDF                                 image.py:212
                    'MX-M3658N_20260731_123655_009.pdf'                        
                    (pdf_dpi=144, pdf_page=1)                                  
           INFO                                                    entry.py:234
           INFO     (9) Opening image:                             entry.py:235
                    'MX-M3658N_20260731_123655_009.png'                        
                    Resolution: (1682, 1190)                                   
           INFO     Thresholding:   global_thr: 200                 core.py:353
                    global_std_THR: 200                                        
           INFO     Saving Image to                                 image.py:24
                    'outputs_inputs_21_baseline\CheckedOMRs\MX-M365            
                    8N_20260731_123655_009.png'                                
           INFO     Read Response:                                 entry.py:289
                    {'q5': 'C', 'q3': 'B', 'id8': '7', 'q10':                  
                    'ABC', 'id1': '0', 'q4': 'C', 'q8': 'B',                   
                    'id7': '4', 'q7': 'C', 'q11': 'BD', 'id4':                 
                    '4', 'q6': 'D', 'q9': 'BD', 'id6': '0', 'q2':              
                    'B', 'id3': '3', 'id5': '2', 'id2': '2', 'q1':             
                    'A'}                                                       
           INFO     (/9) Processed file:                           entry.py:303
                    'MX-M3658N_20260731_123655_009.png'                        
           INFO     Processing PDF                                 image.py:212
                    'MX-M3658N_20260731_123655_010.pdf'                        
                    (pdf_dpi=144, pdf_page=1)                                  
           INFO                                                    entry.py:234
           INFO     (10) Opening image:                            entry.py:235
                    'MX-M3658N_20260731_123655_010.png'                        
                    Resolution: (1682, 1190)                                   
           INFO     Thresholding:   global_thr: 200                 core.py:353
                    global_std_THR: 200                                        
           INFO     Saving Image to                                 image.py:24
                    'outputs_inputs_21_baseline\CheckedOMRs\MX-M365            
                    8N_20260731_123655_010.png'                                
           INFO     Read Response:                                 entry.py:289
                    {'q5': 'C', 'q3': 'C', 'id8': '0', 'q10':                  
                    'AD', 'id1': '3', 'q4': 'A', 'q8': 'D', 'id7':             
                    '7', 'q7': 'B', 'q11': 'BCD', 'id4': '3',                  
                    'q6': 'C', 'q9': 'BD', 'id6': '1', 'q2': 'B',              
                    'id3': '9', 'id5': '5', 'id2': '4', 'q1': 'A'}             
           INFO     (/10) Processed file:                          entry.py:303
                    'MX-M3658N_20260731_123655_010.png'                        
           INFO     Processing PDF                                 image.py:212
                    'MX-M3658N_20260731_123655_011.pdf'                        
                    (pdf_dpi=144, pdf_page=1)                                  
           INFO                                                    entry.py:234
           INFO     (11) Opening image:                            entry.py:235
                    'MX-M3658N_20260731_123655_011.png'                        
                    Resolution: (1682, 1190)                                   
           INFO     Thresholding:   global_thr: 186.84              core.py:353
                    global_std_THR: 200                                        
           INFO     Saving Image to                                 image.py:24
                    'outputs_inputs_21_baseline\CheckedOMRs\MX-M365            
                    8N_20260731_123655_011.png'                                
           INFO     Read Response:                                 entry.py:289
                    {'q5': 'B', 'q3': 'D', 'id8': '8', 'q10':                  
                    'AC', 'id1': '6', 'q4': 'CD', 'q8': 'B',                   
                    'id7': '6', 'q7': 'B', 'q11': 'BD', 'id4':                 
                    '4', 'q6': 'A', 'q9': 'CD', 'id6': '2', 'q2':              
                    'C', 'id3': '0', 'id5': '6', 'id2': '1', 'q1':             
                    'B'}                                                       
           INFO     (/11) Processed file:                          entry.py:303
                    'MX-M3658N_20260731_123655_011.png'                        
           INFO     Processing PDF                                 image.py:212
                    'MX-M3658N_20260731_123655_012.pdf'                        
                    (pdf_dpi=144, pdf_page=1)                                  
           INFO                                                    entry.py:234
           INFO     (12) Opening image:                            entry.py:235
                    'MX-M3658N_20260731_123655_012.png'                        
                    Resolution: (1682, 1190)                                   
           INFO     Thresholding:   global_thr: 200                 core.py:353
                    global_std_THR: 200                                        
           INFO     Saving Image to                                 image.py:24
                    'outputs_inputs_21_baseline\CheckedOMRs\MX-M365            
                    8N_20260731_123655_012.png'                                
           INFO     Read Response:                                 entry.py:289
                    {'q5': 'C', 'q3': 'B', 'id8': '5', 'q10':                  
                    'AC', 'id1': '4', 'q4': 'B', 'q8': 'D', 'id7':             
                    '3', 'q7': 'B', 'q11': 'ABD', 'id4': '5',                  
                    'q6': 'C', 'q9': 'CD', 'id6': '5', 'q2': 'B',              
                    'id3': '3', 'id5': '7', 'id2': '0', 'q1': 'A'}             
           INFO     (/12) Processed file:                          entry.py:303
                    'MX-M3658N_20260731_123655_012.png'                        
           INFO     Processing PDF                                 image.py:212
                    'MX-M3658N_20260731_123655_013.pdf'                        
                    (pdf_dpi=144, pdf_page=1)                                  
           INFO                                                    entry.py:234
           INFO     (13) Opening image:                            entry.py:235
                    'MX-M3658N_20260731_123655_013.png'                        
                    Resolution: (1682, 1190)                                   
           INFO     Thresholding:   global_thr: 134.49              core.py:353
                    global_std_THR: 200                                        
           WARNING  Weak mark fallback: field 'q4' -> 'C'            core.py:89
                    (darkest_mean=188.84,                                      
                    second_darkest_mean=201.83, gap=12.99)                     
           WARNING  Weak multi-mark fallback: field 'q10' -> append core.py:138
                    'B' (mean=204.79, blank_baseline=216.75,                   
                    delta=11.96)                                               
           WARNING  Weak multi-mark fallback: field 'q10' -> append core.py:138
                    'C' (mean=205.38, blank_baseline=216.75,                   
                    delta=11.36)                                               
           WARNING  Weak multi-mark fallback: field 'q11' -> append core.py:138
                    'A' (mean=206.35, blank_baseline=218.81,                   
                    delta=12.46)                                               
           WARNING  Weak multi-mark fallback: field 'q11' -> append core.py:138
                    'B' (mean=207.68, blank_baseline=218.81,                   
                    delta=11.13)                                               
           INFO     Saving Image to                                 image.py:24
                    'outputs_inputs_21_baseline\CheckedOMRs\MX-M365            
                    8N_20260731_123655_013.png'                                
           INFO     Read Response:                                 entry.py:289
                    {'q5': 'ABC', 'q3': 'A', 'id8': '', 'q10':                 
                    'BC', 'id1': '', 'q4': 'C', 'q8': 'D', 'id7':              
                    '', 'q7': 'B', 'q11': 'AB', 'id4': '', 'q6':               
                    'C', 'q9': '', 'id6': '', 'q2': 'C', 'id3':                
                    '', 'id5': '', 'id2': '', 'q1': 'B'}                       
           INFO     (/13) Processed file:                          entry.py:303
                    'MX-M3658N_20260731_123655_013.png'                        
           INFO     Processing PDF                                 image.py:212
                    'MX-M3658N_20260731_123655_014.pdf'                        
                    (pdf_dpi=144, pdf_page=1)                                  
           INFO                                                    entry.py:234
           INFO     (14) Opening image:                            entry.py:235
                    'MX-M3658N_20260731_123655_014.png'                        
                    Resolution: (1682, 1190)                                   
           INFO     Thresholding:   global_thr: 144.45              core.py:353
                    global_std_THR: 200                                        
           WARNING  Weak multi-mark fallback: field 'q9' -> append  core.py:138
                    'C' (mean=213.41, blank_baseline=224.68,                   
                    delta=11.27)                                               
           WARNING  Weak multi-mark fallback: field 'q10' -> append core.py:138
                    'B' (mean=204.27, blank_baseline=215.03,                   
                    delta=10.76)                                               
           WARNING  Weak multi-mark fallback: field 'q10' -> append core.py:138
                    'C' (mean=202.53, blank_baseline=215.03,                   
                    delta=12.50)                                               
           WARNING  Weak multi-mark fallback: field 'q10' -> append core.py:138
                    'D' (mean=198.06, blank_baseline=215.03,                   
                    delta=16.97)                                               
           INFO     Saving Image to                                 image.py:24
                    'outputs_inputs_21_baseline\CheckedOMRs\MX-M365            
                    8N_20260731_123655_014.png'                                
           INFO     Read Response:                                 entry.py:289
                    {'q5': 'A', 'q3': 'C', 'id8': '', 'q10':                   
                    'BCD', 'id1': '', 'q4': 'A', 'q8': 'D', 'id7':             
                    '', 'q7': 'C', 'q11': '', 'id4': '', 'q6':                 
                    'C', 'q9': 'C', 'id6': '', 'q2': 'A', 'id3':               
                    '', 'id5': '', 'id2': '', 'q1': 'B'}                       
           INFO     (/14) Processed file:                          entry.py:303
                    'MX-M3658N_20260731_123655_014.png'                        
           INFO     Processing PDF                                 image.py:212
                    'MX-M3658N_20260731_123655_015.pdf'                        
                    (pdf_dpi=144, pdf_page=1)                                  
           INFO                                                    entry.py:234
           INFO     (15) Opening image:                            entry.py:235
                    'MX-M3658N_20260731_123655_015.png'                        
                    Resolution: (1682, 1190)                                   
           INFO     Thresholding:   global_thr: 149.07              core.py:353
                    global_std_THR: 200                                        
           WARNING  Weak multi-mark fallback: field 'q9' -> append  core.py:138
                    'B' (mean=198.56, blank_baseline=215.31,                   
                    delta=16.75)                                               
           WARNING  Weak multi-mark fallback: field 'q9' -> append  core.py:138
                    'C' (mean=194.65, blank_baseline=215.31,                   
                    delta=20.66)                                               
           INFO     Saving Image to                                 image.py:24
                    'outputs_inputs_21_baseline\CheckedOMRs\MX-M365            
                    8N_20260731_123655_015.png'                                
           INFO     Read Response:                                 entry.py:289
                    {'q5': 'ABC', 'q3': 'D', 'id8': '', 'q10':                 
                    'CD', 'id1': '', 'q4': 'C', 'q8': 'C', 'id7':              
                    '', 'q7': 'C', 'q11': 'ABC', 'id4': '', 'q6':              
                    'B', 'q9': 'BC', 'id6': '', 'q2': 'A', 'id3':              
                    '', 'id5': '', 'id2': '', 'q1': 'C'}                       
           INFO     (/15) Processed file:                          entry.py:303
                    'MX-M3658N_20260731_123655_015.png'                        
           INFO     Processing PDF                                 image.py:212
                    'MX-M3658N_20260731_123655_016.pdf'                        
                    (pdf_dpi=144, pdf_page=1)                                  
           INFO                                                    entry.py:234
           INFO     (16) Opening image:                            entry.py:235
                    'MX-M3658N_20260731_123655_016.png'                        
                    Resolution: (1682, 1190)                                   
           INFO     Thresholding:   global_thr: 162.77              core.py:353
                    global_std_THR: 200                                        
           WARNING  Weak multi-mark fallback: field 'q9' -> append  core.py:138
                    'D' (mean=198.09, blank_baseline=222.07,                   
                    delta=23.98)                                               
           WARNING  Weak multi-mark fallback: field 'q11' -> append core.py:138
                    'B' (mean=192.45, blank_baseline=209.25,                   
                    delta=16.80)                                               
           WARNING  Weak multi-mark fallback: field 'q11' -> append core.py:138
                    'C' (mean=194.14, blank_baseline=209.25,                   
                    delta=15.11)                                               
           WARNING  Weak multi-mark fallback: field 'q11' -> append core.py:138
                    'D' (mean=197.42, blank_baseline=209.25,                   
                    delta=11.83)                                               
           INFO     Saving Image to                                 image.py:24
                    'outputs_inputs_21_baseline\CheckedOMRs\MX-M365            
                    8N_20260731_123655_016.png'                                
           INFO     Read Response:                                 entry.py:289
                    {'q5': 'ABC', 'q3': 'A', 'id8': '', 'q10':                 
                    'AB', 'id1': '', 'q4': 'BC', 'q8': 'B', 'id7':             
                    '', 'q7': 'D', 'q11': 'BCD', 'id4': '', 'q6':              
                    'B', 'q9': 'D', 'id6': '1', 'q2': 'AC', 'id3':             
                    '', 'id5': '', 'id2': '', 'q1': 'C'}                       
           INFO     (/16) Processed file:                          entry.py:303
                    'MX-M3658N_20260731_123655_016.png'                        
           INFO     Processing PDF                                 image.py:212
                    'MX-M3658N_20260731_123655_017.pdf'                        
                    (pdf_dpi=144, pdf_page=1)                                  
           INFO                                                    entry.py:234
           INFO     (17) Opening image:                            entry.py:235
                    'MX-M3658N_20260731_123655_017.png'                        
                    Resolution: (1682, 1190)                                   
           INFO     Thresholding:   global_thr: 164.91              core.py:353
                    global_std_THR: 200                                        
           WARNING  Weak multi-mark fallback: field 'q9' -> append  core.py:138
                    'B' (mean=208.87, blank_baseline=219.79,                   
                    delta=10.92)                                               
           WARNING  Weak multi-mark fallback: field 'q9' -> append  core.py:138
                    'C' (mean=206.20, blank_baseline=219.79,                   
                    delta=13.60)                                               
           INFO     Saving Image to                                 image.py:24
                    'outputs_inputs_21_baseline\CheckedOMRs\MX-M365            
                    8N_20260731_123655_017.png'                                
           INFO     Read Response:                                 entry.py:289
                    {'q5': 'ABC', 'q3': 'B', 'id8': '', 'q10':                 
                    'BCD', 'id1': '', 'q4': 'BC', 'q8': 'D',                   
                    'id7': '', 'q7': 'A', 'q11': 'ABC', 'id4': '',             
                    'q6': 'C', 'q9': 'BC', 'id6': '', 'q2': 'A',               
                    'id3': '', 'id5': '', 'id2': '', 'q1': 'D'}                
           INFO     (/17) Processed file:                          entry.py:303
                    'MX-M3658N_20260731_123655_017.png'                        
           INFO     Processing PDF                                 image.py:212
                    'MX-M3658N_20260731_123655_018.pdf'                        
                    (pdf_dpi=144, pdf_page=1)                                  
           INFO                                                    entry.py:234
           INFO     (18) Opening image:                            entry.py:235
                    'MX-M3658N_20260731_123655_018.png'                        
                    Resolution: (1682, 1190)                                   
           INFO     Thresholding:   global_thr: 164.98              core.py:353
                    global_std_THR: 200                                        
           WARNING  Weak mark fallback: field 'q4' -> 'B'            core.py:89
                    (darkest_mean=194.95,                                      
                    second_darkest_mean=207.31, gap=12.36)                     
           WARNING  Weak multi-mark fallback: field 'q9' -> append  core.py:138
                    'B' (mean=213.02, blank_baseline=231.43,                   
                    delta=18.41)                                               
           WARNING  Weak multi-mark fallback: field 'q9' -> append  core.py:138
                    'C' (mean=208.35, blank_baseline=231.43,                   
                    delta=23.08)                                               
           INFO     Saving Image to                                 image.py:24
                    'outputs_inputs_21_baseline\CheckedOMRs\MX-M365            
                    8N_20260731_123655_018.png'                                
           INFO     Read Response:                                 entry.py:289
                    {'q5': 'C', 'q3': 'D', 'id8': '', 'q10':                   
                    'BCD', 'id1': '1', 'q4': 'B', 'q8': 'C',                   
                    'id7': '', 'q7': 'B', 'q11': 'ABC', 'id4': '',             
                    'q6': 'C', 'q9': 'BC', 'id6': '', 'q2': 'A',               
                    'id3': '', 'id5': '', 'id2': '', 'q1': 'B'}                
           INFO     (/18) Processed file:                          entry.py:303
                    'MX-M3658N_20260731_123655_018.png'                        
           INFO     Processing PDF                                 image.py:212
                    'MX-M3658N_20260731_123655_019.pdf'                        
                    (pdf_dpi=144, pdf_page=1)                                  
[12:37:32] INFO                                                    entry.py:234
           INFO     (19) Opening image:                            entry.py:235
                    'MX-M3658N_20260731_123655_019.png'                        
                    Resolution: (1682, 1190)                                   
           INFO     Thresholding:   global_thr: 183.48              core.py:353
                    global_std_THR: 200                                        
           WARNING  Weak mark fallback: field 'q6' -> 'D'            core.py:89
                    (darkest_mean=199.51,                                      
                    second_darkest_mean=225.32, gap=25.81)                     
           INFO     Saving Image to                                 image.py:24
                    'outputs_inputs_21_baseline\CheckedOMRs\MX-M365            
                    8N_20260731_123655_019.png'                                
           INFO     Read Response:                                 entry.py:289
                    {'q5': 'B', 'q3': 'C', 'id8': '', 'q10': '',               
                    'id1': '', 'q4': 'C', 'q8': 'A', 'id7': '',                
                    'q7': 'B', 'q11': '', 'id4': '', 'q6': 'D',                
                    'q9': '', 'id6': '', 'q2': 'A', 'id3': '',                 
                    'id5': '', 'id2': '', 'q1': 'C'}                           
           INFO     (/19) Processed file:                          entry.py:303
                    'MX-M3658N_20260731_123655_019.png'                        
           INFO     Processing PDF                                 image.py:212
                    'MX-M3658N_20260731_123655_020.pdf'                        
                    (pdf_dpi=144, pdf_page=1)                                  
           INFO                                                    entry.py:234
           INFO     (20) Opening image:                            entry.py:235
                    'MX-M3658N_20260731_123655_020.png'                        
                    Resolution: (1682, 1190)                                   
           INFO     Thresholding:   global_thr: 148.08              core.py:353
                    global_std_THR: 200                                        
           WARNING  Weak mark fallback: field 'q1' -> 'A'            core.py:89
                    (darkest_mean=188.69,                                      
                    second_darkest_mean=201.28, gap=12.59)                     
           WARNING  Weak multi-mark fallback: field 'q9' -> append  core.py:138
                    'D' (mean=203.50, blank_baseline=223.01,                   
                    delta=19.51)                                               
           WARNING  Weak multi-mark fallback: field 'q11' -> append core.py:138
                    'B' (mean=198.06, blank_baseline=214.32,                   
                    delta=16.26)                                               
           WARNING  Weak multi-mark fallback: field 'q11' -> append core.py:138
                    'D' (mean=195.18, blank_baseline=214.32,                   
                    delta=19.14)                                               
           INFO     Saving Image to                                 image.py:24
                    'outputs_inputs_21_baseline\CheckedOMRs\MX-M365            
                    8N_20260731_123655_020.png'                                
           INFO     Read Response:                                 entry.py:289
                    {'q5': 'A', 'q3': 'C', 'id8': '', 'q10': 'BD',             
                    'id1': '', 'q4': '', 'q8': 'A', 'id7': '',                 
                    'q7': 'C', 'q11': 'BD', 'id4': '', 'q6': 'B',              
                    'q9': 'D', 'id6': '', 'q2': 'D', 'id3': '',                
                    'id5': '', 'id2': '', 'q1': 'A'}                           
           INFO     (/20) Processed file:                          entry.py:303
                    'MX-M3658N_20260731_123655_020.png'                        
           INFO     Processing PDF                                 image.py:212
                    'MX-M3658N_20260731_123655_021.pdf'                        
                    (pdf_dpi=144, pdf_page=1)                                  
           INFO                                                    entry.py:234
           INFO     (21) Opening image:                            entry.py:235
                    'MX-M3658N_20260731_123655_021.png'                        
                    Resolution: (1682, 1190)                                   
           INFO     Thresholding:   global_thr: 141.32              core.py:353
                    global_std_THR: 200                                        
           WARNING  Weak multi-mark fallback: field 'q9' -> append  core.py:138
                    'B' (mean=211.50, blank_baseline=229.90,                   
                    delta=18.40)                                               
           WARNING  Weak multi-mark fallback: field 'q9' -> append  core.py:138
                    'D' (mean=209.14, blank_baseline=229.90,                   
                    delta=20.76)                                               
           WARNING  Weak multi-mark fallback: field 'q11' -> append core.py:138
                    'A' (mean=188.16, blank_baseline=210.34,                   
                    delta=22.18)                                               
           WARNING  Weak multi-mark fallback: field 'q11' -> append core.py:138
                    'C' (mean=196.12, blank_baseline=210.34,                   
                    delta=14.23)                                               
           WARNING  Weak multi-mark fallback: field 'q11' -> append core.py:138
                    'D' (mean=198.81, blank_baseline=210.34,                   
                    delta=11.54)                                               
           INFO     Saving Image to                                 image.py:24
                    'outputs_inputs_21_baseline\CheckedOMRs\MX-M365            
                    8N_20260731_123655_021.png'                                
           INFO     Read Response:                                 entry.py:289
                    {'q5': 'A', 'q3': 'C', 'id8': '', 'q10': 'AC',             
                    'id1': '', 'q4': 'AB', 'q8': 'B', 'id7': '',               
                    'q7': 'D', 'q11': 'ACD', 'id4': '', 'q6': 'C',             
                    'q9': 'BD', 'id6': '', 'q2': 'C', 'id3': '',               
                    'id5': '', 'id2': '', 'q1': 'C'}                           
           INFO     (/21) Processed file:                          entry.py:303
                    'MX-M3658N_20260731_123655_021.png'                        
           INFO                                                    entry.py:397
           INFO     Total file(s) moved        : 0                 entry.py:398
           INFO     Total file(s) not moved    : 21                entry.py:399
           INFO     --------------------------------               entry.py:400
           INFO     Total file(s) processed    : 21 (Sum Tallied!) entry.py:401
           INFO                                                    entry.py:406
                    Finished Checking 21 file(s) in 2.2 seconds                
                    i.e. ~0.0 minute(s).                                       
           INFO     OMR Processing Rate        :     ~ 0.11        entry.py:409
                    seconds/OMR                                                
           INFO     OMR Processing Speed       :     ~ 565.02      entry.py:412
                    OMRs/minute                                                
           INFO                                                    entry.py:419
                    Tip: To see some awesome visuals, open                     
                    config.json and increase 'show_image_level'                
