[12:37:41] INFO     Loading OMRChecker modules...                 __init__.py:5
[12:37:43] INFO     Loading processors from "src.processors"...   manager.py:53
           INFO     Loaded processors: ['CropOnMarkers',          manager.py:76
                    'CropPage', 'FeatureBasedAlignment',                       
                    'GaussianBlur', 'Levels', 'MedianBlur']                    
           INFO     Loading config.json:                      validations.py:84
                    alignment_experiments\feature_align\confi                  
                    g.json                                                     
           INFO     Loading template.json:                    validations.py:49
                    alignment_experiments\feature_align\templ                  
                    ate.json                                                   
           INFO     Checking Directories...                          file.py:34
           INFO     Created :                                        file.py:37
                    outputs_inputs_21_feature_align\CheckedOMRs                
           INFO     Created : outputs_inputs_21_feature_align\Manual file.py:45
           INFO     Created :                                        file.py:45
                    outputs_inputs_21_feature_align\Results                    
           INFO     Created :                                        file.py:45
                    outputs_inputs_21_feature_align\Evaluation                 
           INFO     Created :                                        file.py:50
                    outputs_inputs_21_feature_align\Manual\MultiMark           
                    edFiles                                                    
           INFO     Created :                                        file.py:50
                    outputs_inputs_21_feature_align\Manual\ErrorFile           
                    s                                                          
           INFO     Checking Files...                                file.py:57
           INFO     Created new file:                                file.py:80
                    'outputs_inputs_21_feature_align\Results\Results           
                    _12PM.csv'                                                 
           INFO     Created new file:                                file.py:80
                    'outputs_inputs_21_feature_align\Manual\MultiMar           
                    kedFiles.csv'                                              
           INFO     Created new file:                                file.py:80
                    'outputs_inputs_21_feature_align\Manual\ErrorFil           
                    es.csv'                                                    
           INFO                                                     entry.py:53
                            Current Configurations                             
+-----------------------------------------------------------------------------+
| Directory Path          | alignment_experiments\feature_align               |
| Count of Images         | 21                                                |
| Set Layout Mode         | OFF                                               |
| Markers Detection       | OFF                                               |
| Auto Alignment          | False                                             |
| Detected Template Path  | alignment_experiments\feature_align\template.json |
| Detected Local Config   | alignment_experiments\feature_align\config.json   |
| Detected pre-processors | FeatureBasedAlignment                             |
+-----------------------------------------------------------------------------+
           INFO     Processing PDF                                 image.py:212
                    'MX-M3658N_20260731_123655_001.pdf'                        
                    (pdf_dpi=144, pdf_page=1)                                  
           INFO                                                    entry.py:234
           INFO     (1) Opening image:                             entry.py:235
                    'MX-M3658N_20260731_123655_001.png'                        
                    Resolution: (1682, 1190)                                   
[12:37:44] INFO     Thresholding:   global_thr: 181.13              core.py:353
                    global_std_THR: 200                                        
           INFO     Saving Image to                                 image.py:24
                    'outputs_inputs_21_feature_align\CheckedOMRs\MX            
                    -M3658N_20260731_123655_001.png'                           
           INFO     Read Response:                                 entry.py:289
                    {'q4': 'A', 'id7': '1', 'id5': '0', 'q3': 'C',             
                    'id1': '2', 'q6': 'B', 'id6': '4', 'q11':                  
                    'ABCD', 'q2': 'B', 'id2': '0', 'id3': '2',                 
                    'id8': '7', 'q5': 'B', 'q8': 'D', 'id4': '6',              
                    'q1': 'A', 'q9': 'AB', 'q10': 'BCD', 'q7':                 
                    'D'}                                                       
           INFO     (/1) Processed file:                           entry.py:303
                    'MX-M3658N_20260731_123655_001.png'                        
           INFO     Processing PDF                                 image.py:212
                    'MX-M3658N_20260731_123655_002.pdf'                        
                    (pdf_dpi=144, pdf_page=1)                                  
           INFO                                                    entry.py:234
           INFO     (2) Opening image:                             entry.py:235
                    'MX-M3658N_20260731_123655_002.png'                        
                    Resolution: (1682, 1190)                                   
           INFO     Thresholding:   global_thr: 119.85              core.py:353
                    global_std_THR: 200                                        
           INFO     Saving Image to                                 image.py:24
                    'outputs_inputs_21_feature_align\CheckedOMRs\MX            
                    -M3658N_20260731_123655_002.png'                           
           INFO     Read Response:                                 entry.py:289
                    {'q4': 'C', 'id7': '4', 'id5': '2', 'q3': 'B',             
                    'id1': '3', 'q6': 'D', 'id6': '9', 'q11':                  
                    'AB', 'q2': 'A', 'id2': '6', 'id3': '5',                   
                    'id8': '1', 'q5': 'A', 'q8': 'A', 'id4': '7',              
                    'q1': 'C', 'q9': 'ABD', 'q10': 'BCD', 'q7':                
                    'B'}                                                       
           INFO     (/2) Processed file:                           entry.py:303
                    'MX-M3658N_20260731_123655_002.png'                        
           INFO     Processing PDF                                 image.py:212
                    'MX-M3658N_20260731_123655_003.pdf'                        
                    (pdf_dpi=144, pdf_page=1)                                  
           INFO                                                    entry.py:234
           INFO     (3) Opening image:                             entry.py:235
                    'MX-M3658N_20260731_123655_003.png'                        
                    Resolution: (1682, 1190)                                   
           INFO     Thresholding:   global_thr: 200                 core.py:353
                    global_std_THR: 200                                        
           INFO     Saving Image to                                 image.py:24
                    'outputs_inputs_21_feature_align\CheckedOMRs\MX            
                    -M3658N_20260731_123655_003.png'                           
           INFO     Read Response:                                 entry.py:289
                    {'q4': 'D', 'id7': '0', 'id5': '7', 'q3': 'C',             
                    'id1': '2', 'q6': 'A', 'id6': '6', 'q11':                  
                    'CD', 'q2': 'C', 'id2': '3', 'id3': '4',                   
                    'id8': '1', 'q5': 'A', 'q8': 'B', 'id4': '3',              
                    'q1': 'A', 'q9': 'ACD', 'q10': 'BC', 'q7':                 
                    'D'}                                                       
           INFO     (/3) Processed file:                           entry.py:303
                    'MX-M3658N_20260731_123655_003.png'                        
           INFO     Processing PDF                                 image.py:212
                    'MX-M3658N_20260731_123655_004.pdf'                        
                    (pdf_dpi=144, pdf_page=1)                                  
           INFO                                                    entry.py:234
           INFO     (4) Opening image:                             entry.py:235
                    'MX-M3658N_20260731_123655_004.png'                        
                    Resolution: (1682, 1190)                                   
           INFO     Thresholding:   global_thr: 200                 core.py:353
                    global_std_THR: 200                                        
           INFO     Saving Image to                                 image.py:24
                    'outputs_inputs_21_feature_align\CheckedOMRs\MX            
                    -M3658N_20260731_123655_004.png'                           
           INFO     Read Response:                                 entry.py:289
                    {'q4': 'A', 'id7': '7', 'id5': '9', 'q3': 'B',             
                    'id1': '1', 'q6': 'A', 'id6': '9', 'q11':                  
                    'AB', 'q2': 'A', 'id2': '4', 'id3': '3',                   
                    'id8': '2', 'q5': 'D', 'q8': 'B', 'id4': '5',              
                    'q1': 'C', 'q9': 'BD', 'q10': 'AD', 'q7': 'C'}             
           INFO     (/4) Processed file:                           entry.py:303
                    'MX-M3658N_20260731_123655_004.png'                        
           INFO     Processing PDF                                 image.py:212
                    'MX-M3658N_20260731_123655_005.pdf'                        
                    (pdf_dpi=144, pdf_page=1)                                  
           INFO                                                    entry.py:234
           INFO     (5) Opening image:                             entry.py:235
                    'MX-M3658N_20260731_123655_005.png'                        
                    Resolution: (1682, 1190)                                   
           INFO     Thresholding:   global_thr: 200                 core.py:353
                    global_std_THR: 200                                        
           INFO     Saving Image to                                 image.py:24
                    'outputs_inputs_21_feature_align\CheckedOMRs\MX            
                    -M3658N_20260731_123655_005.png'                           
           INFO     Read Response:                                 entry.py:289
                    {'q4': 'A', 'id7': '4', 'id5': '7', 'q3': 'C',             
                    'id1': '2', 'q6': 'C', 'id6': '9', 'q11':                  
                    'ABCD', 'q2': 'A', 'id2': '3', 'id3': '4',                 
                    'id8': '0', 'q5': 'D', 'q8': 'B', 'id4': '5',              
                    'q1': 'B', 'q9': 'AC', 'q10': 'ABC', 'q7':                 
                    'B'}                                                       
           INFO     (/5) Processed file:                           entry.py:303
                    'MX-M3658N_20260731_123655_005.png'                        
           INFO     Processing PDF                                 image.py:212
                    'MX-M3658N_20260731_123655_006.pdf'                        
                    (pdf_dpi=144, pdf_page=1)                                  
           INFO                                                    entry.py:234
           INFO     (6) Opening image:                             entry.py:235
                    'MX-M3658N_20260731_123655_006.png'                        
                    Resolution: (1682, 1190)                                   
           INFO     Thresholding:   global_thr: 181.19              core.py:353
                    global_std_THR: 200                                        
           INFO     Saving Image to                                 image.py:24
                    'outputs_inputs_21_feature_align\CheckedOMRs\MX            
                    -M3658N_20260731_123655_006.png'                           
           INFO     Read Response:                                 entry.py:289
                    {'q4': 'B', 'id7': '0', 'id5': '7', 'q3': 'D',             
                    'id1': '2', 'q6': 'C', 'id6': '6', 'q11':                  
                    'CD', 'q2': 'A', 'id2': '4', 'id3': '1',                   
                    'id8': '9', 'q5': 'A', 'q8': 'B', 'id4': '3',              
                    'q1': 'B', 'q9': 'BD', 'q10': 'ABC', 'q7':                 
                    'D'}                                                       
           INFO     (/6) Processed file:                           entry.py:303
                    'MX-M3658N_20260731_123655_006.png'                        
           INFO     Processing PDF                                 image.py:212
                    'MX-M3658N_20260731_123655_007.pdf'                        
                    (pdf_dpi=144, pdf_page=1)                                  
           INFO                                                    entry.py:234
           INFO     (7) Opening image:                             entry.py:235
                    'MX-M3658N_20260731_123655_007.png'                        
                    Resolution: (1682, 1190)                                   
           INFO     Thresholding:   global_thr: 120.85              core.py:353
                    global_std_THR: 200                                        
           INFO     Saving Image to                                 image.py:24
                    'outputs_inputs_21_feature_align\CheckedOMRs\MX            
                    -M3658N_20260731_123655_007.png'                           
           INFO     Read Response:                                 entry.py:289
                    {'q4': 'D', 'id7': '3', 'id5': '7', 'q3': 'B',             
                    'id1': '1', 'q6': 'D', 'id6': '6', 'q11':                  
                    'ACD', 'q2': 'C', 'id2': '4', 'id3': '2',                  
                    'id8': '3', 'q5': 'C', 'q8': 'B', 'id4': '5',              
                    'q1': 'A', 'q9': 'ABC', 'q10': '', 'q7': 'C'}              
           INFO     (/7) Processed file:                           entry.py:303
                    'MX-M3658N_20260731_123655_007.png'                        
           INFO     Processing PDF                                 image.py:212
                    'MX-M3658N_20260731_123655_008.pdf'                        
                    (pdf_dpi=144, pdf_page=1)                                  
           INFO                                                    entry.py:234
           INFO     (8) Opening image:                             entry.py:235
                    'MX-M3658N_20260731_123655_008.png'                        
                    Resolution: (1682, 1190)                                   
           INFO     Thresholding:   global_thr: 200                 core.py:353
                    global_std_THR: 200                                        
           INFO     Saving Image to                                 image.py:24
                    'outputs_inputs_21_feature_align\CheckedOMRs\MX            
                    -M3658N_20260731_123655_008.png'                           
[12:37:45] INFO     Read Response:                                 entry.py:289
                    {'q4': 'C', 'id7': '0', 'id5': '4', 'q3': 'B',             
                    'id1': '2', 'q6': 'C', 'id6': '5', 'q11':                  
                    'BCD', 'q2': 'C', 'id2': '4', 'id3': '3',                  
                    'id8': '6', 'q5': 'A', 'q8': 'D', 'id4': '7',              
                    'q1': 'B', 'q9': 'AC', 'q10': 'ABC', 'q7':                 
                    'A'}                                                       
           INFO     (/8) Processed file:                           entry.py:303
                    'MX-M3658N_20260731_123655_008.png'                        
           INFO     Processing PDF                                 image.py:212
                    'MX-M3658N_20260731_123655_009.pdf'                        
                    (pdf_dpi=144, pdf_page=1)                                  
           INFO                                                    entry.py:234
           INFO     (9) Opening image:                             entry.py:235
                    'MX-M3658N_20260731_123655_009.png'                        
                    Resolution: (1682, 1190)                                   
           INFO     Thresholding:   global_thr: 200                 core.py:353
                    global_std_THR: 200                                        
           INFO     Saving Image to                                 image.py:24
                    'outputs_inputs_21_feature_align\CheckedOMRs\MX            
                    -M3658N_20260731_123655_009.png'                           
           INFO     Read Response:                                 entry.py:289
                    {'q4': 'C', 'id7': '4', 'id5': '2', 'q3': 'B',             
                    'id1': '0', 'q6': 'D', 'id6': '0', 'q11':                  
                    'BD', 'q2': 'B', 'id2': '2', 'id3': '3',                   
                    'id8': '7', 'q5': 'C', 'q8': 'B', 'id4': '4',              
                    'q1': 'A', 'q9': 'BD', 'q10': 'ABC', 'q7':                 
                    'C'}                                                       
           INFO     (/9) Processed file:                           entry.py:303
                    'MX-M3658N_20260731_123655_009.png'                        
           INFO     Processing PDF                                 image.py:212
                    'MX-M3658N_20260731_123655_010.pdf'                        
                    (pdf_dpi=144, pdf_page=1)                                  
           INFO                                                    entry.py:234
           INFO     (10) Opening image:                            entry.py:235
                    'MX-M3658N_20260731_123655_010.png'                        
                    Resolution: (1682, 1190)                                   
           INFO     Thresholding:   global_thr: 200                 core.py:353
                    global_std_THR: 200                                        
           INFO     Saving Image to                                 image.py:24
                    'outputs_inputs_21_feature_align\CheckedOMRs\MX            
                    -M3658N_20260731_123655_010.png'                           
           INFO     Read Response:                                 entry.py:289
                    {'q4': 'A', 'id7': '7', 'id5': '5', 'q3': 'C',             
                    'id1': '3', 'q6': 'C', 'id6': '1', 'q11':                  
                    'BCD', 'q2': 'B', 'id2': '4', 'id3': '9',                  
                    'id8': '0', 'q5': 'C', 'q8': 'D', 'id4': '3',              
                    'q1': 'A', 'q9': 'BD', 'q10': 'AD', 'q7': 'B'}             
           INFO     (/10) Processed file:                          entry.py:303
                    'MX-M3658N_20260731_123655_010.png'                        
           INFO     Processing PDF                                 image.py:212
                    'MX-M3658N_20260731_123655_011.pdf'                        
                    (pdf_dpi=144, pdf_page=1)                                  
           INFO                                                    entry.py:234
           INFO     (11) Opening image:                            entry.py:235
                    'MX-M3658N_20260731_123655_011.png'                        
                    Resolution: (1682, 1190)                                   
           INFO     Thresholding:   global_thr: 200                 core.py:353
                    global_std_THR: 200                                        
           INFO     Saving Image to                                 image.py:24
                    'outputs_inputs_21_feature_align\CheckedOMRs\MX            
                    -M3658N_20260731_123655_011.png'                           
           INFO     Read Response:                                 entry.py:289
                    {'q4': 'CD', 'id7': '6', 'id5': '6', 'q3':                 
                    'D', 'id1': '6', 'q6': 'A', 'id6': '2', 'q11':             
                    'BD', 'q2': 'C', 'id2': '1', 'id3': '0',                   
                    'id8': '8', 'q5': 'B', 'q8': 'B', 'id4': '4',              
                    'q1': 'B', 'q9': 'CD', 'q10': 'AC', 'q7': 'B'}             
           INFO     (/11) Processed file:                          entry.py:303
                    'MX-M3658N_20260731_123655_011.png'                        
           INFO     Processing PDF                                 image.py:212
                    'MX-M3658N_20260731_123655_012.pdf'                        
                    (pdf_dpi=144, pdf_page=1)                                  
           INFO                                                    entry.py:234
           INFO     (12) Opening image:                            entry.py:235
                    'MX-M3658N_20260731_123655_012.png'                        
                    Resolution: (1682, 1190)                                   
           INFO     Thresholding:   global_thr: 200                 core.py:353
                    global_std_THR: 200                                        
           INFO     Saving Image to                                 image.py:24
                    'outputs_inputs_21_feature_align\CheckedOMRs\MX            
                    -M3658N_20260731_123655_012.png'                           
           INFO     Read Response:                                 entry.py:289
                    {'q4': 'B', 'id7': '3', 'id5': '7', 'q3': 'B',             
                    'id1': '4', 'q6': 'C', 'id6': '5', 'q11':                  
                    'ABD', 'q2': 'B', 'id2': '0', 'id3': '3',                  
                    'id8': '5', 'q5': 'C', 'q8': 'D', 'id4': '5',              
                    'q1': 'A', 'q9': 'CD', 'q10': 'AC', 'q7': 'B'}             
           INFO     (/12) Processed file:                          entry.py:303
                    'MX-M3658N_20260731_123655_012.png'                        
           INFO     Processing PDF                                 image.py:212
                    'MX-M3658N_20260731_123655_013.pdf'                        
                    (pdf_dpi=144, pdf_page=1)                                  
           INFO                                                    entry.py:234
           INFO     (13) Opening image:                            entry.py:235
                    'MX-M3658N_20260731_123655_013.png'                        
                    Resolution: (1682, 1190)                                   
           INFO     Thresholding:   global_thr: 118.91              core.py:353
                    global_std_THR: 200                                        
           INFO     Saving Image to                                 image.py:24
                    'outputs_inputs_21_feature_align\CheckedOMRs\MX            
                    -M3658N_20260731_123655_013.png'                           
           INFO     Read Response:                                 entry.py:289
                    {'q4': 'D', 'id7': '0', 'id5': '7', 'q3': 'A',             
                    'id1': '2', 'q6': 'C', 'id6': '9', 'q11':                  
                    'ABC', 'q2': 'C', 'id2': '1', 'id3': '4',                  
                    'id8': '6', 'q5': 'A', 'q8': 'D', 'id4': '5',              
                    'q1': 'B', 'q9': 'BC', 'q10': 'BCD', 'q7':                 
                    'B'}                                                       
           INFO     (/13) Processed file:                          entry.py:303
                    'MX-M3658N_20260731_123655_013.png'                        
           INFO     Processing PDF                                 image.py:212
                    'MX-M3658N_20260731_123655_014.pdf'                        
                    (pdf_dpi=144, pdf_page=1)                                  
           INFO                                                    entry.py:234
           INFO     (14) Opening image:                            entry.py:235
                    'MX-M3658N_20260731_123655_014.png'                        
                    Resolution: (1682, 1190)                                   
           INFO     Thresholding:   global_thr: 200                 core.py:353
                    global_std_THR: 200                                        
           INFO     Saving Image to                                 image.py:24
                    'outputs_inputs_21_feature_align\CheckedOMRs\MX            
                    -M3658N_20260731_123655_014.png'                           
           INFO     Read Response:                                 entry.py:289
                    {'q4': 'A', 'id7': '2', 'id5': '9', 'q3': 'C',             
                    'id1': '3', 'q6': 'C', 'id6': '0', 'q11':                  
                    'ABCD', 'q2': 'A', 'id2': '4', 'id3': '7',                 
                    'id8': '5', 'q5': 'B', 'q8': 'D', 'id4': '8',              
                    'q1': 'B', 'q9': 'ABC', 'q10': 'BCD', 'q7':                
                    'C'}                                                       
           INFO     (/14) Processed file:                          entry.py:303
                    'MX-M3658N_20260731_123655_014.png'                        
           INFO     Processing PDF                                 image.py:212
                    'MX-M3658N_20260731_123655_015.pdf'                        
                    (pdf_dpi=144, pdf_page=1)                                  
           INFO                                                    entry.py:234
           INFO     (15) Opening image:                            entry.py:235
                    'MX-M3658N_20260731_123655_015.png'                        
                    Resolution: (1682, 1190)                                   
           INFO     Thresholding:   global_thr: 200                 core.py:353
                    global_std_THR: 200                                        
           INFO     Saving Image to                                 image.py:24
                    'outputs_inputs_21_feature_align\CheckedOMRs\MX            
                    -M3658N_20260731_123655_015.png'                           
           INFO     Read Response:                                 entry.py:289
                    {'q4': 'D', 'id7': '3', 'id5': '9', 'q3': 'D',             
                    'id1': '4', 'q6': 'B', 'id6': '1', 'q11':                  
                    'ABC', 'q2': 'A', 'id2': '7', 'id3': '8',                  
                    'id8': '5', 'q5': 'A', 'q8': 'C', 'id4': '0',              
                    'q1': 'C', 'q9': 'ABC', 'q10': 'CD', 'q7':                 
                    'C'}                                                       
           INFO     (/15) Processed file:                          entry.py:303
                    'MX-M3658N_20260731_123655_015.png'                        
           INFO     Processing PDF                                 image.py:212
                    'MX-M3658N_20260731_123655_016.pdf'                        
                    (pdf_dpi=144, pdf_page=1)                                  
           INFO                                                    entry.py:234
           INFO     (16) Opening image:                            entry.py:235
                    'MX-M3658N_20260731_123655_016.png'                        
                    Resolution: (1682, 1190)                                   
[12:37:46] INFO     Thresholding:   global_thr: 109.45              core.py:353
                    global_std_THR: 200                                        
           INFO     Saving Image to                                 image.py:24
                    'outputs_inputs_21_feature_align\CheckedOMRs\MX            
                    -M3658N_20260731_123655_016.png'                           
           INFO     Read Response:                                 entry.py:289
                    {'q4': 'C', 'id7': '0', 'id5': '5', 'q3': 'A',             
                    'id1': '2', 'q6': 'B', 'id6': '6', 'q11':                  
                    'BCD', 'q2': 'AC', 'id2': '3', 'id3': '7',                 
                    'id8': '9', 'q5': 'A', 'q8': 'B', 'id4': '4',              
                    'q1': 'C', 'q9': 'AD', 'q10': 'AB', 'q7': 'D'}             
           INFO     (/16) Processed file:                          entry.py:303
                    'MX-M3658N_20260731_123655_016.png'                        
           INFO     Processing PDF                                 image.py:212
                    'MX-M3658N_20260731_123655_017.pdf'                        
                    (pdf_dpi=144, pdf_page=1)                                  
           INFO                                                    entry.py:234
           INFO     (17) Opening image:                            entry.py:235
                    'MX-M3658N_20260731_123655_017.png'                        
                    Resolution: (1682, 1190)                                   
           INFO     Thresholding:   global_thr: 113.81              core.py:353
                    global_std_THR: 200                                        
           INFO     Saving Image to                                 image.py:24
                    'outputs_inputs_21_feature_align\CheckedOMRs\MX            
                    -M3658N_20260731_123655_017.png'                           
           INFO     Read Response:                                 entry.py:289
                    {'q4': 'C', 'id7': '8', 'id5': '0', 'q3': 'B',             
                    'id1': '3', 'q6': 'C', 'id6': '6', 'q11':                  
                    'ABC', 'q2': 'A', 'id2': '3', 'id3': '9',                  
                    'id8': '5', 'q5': 'A', 'q8': 'D', 'id4': '7',              
                    'q1': 'D', 'q9': 'ABC', 'q10': 'BCD', 'q7':                
                    'A'}                                                       
           INFO     (/17) Processed file:                          entry.py:303
                    'MX-M3658N_20260731_123655_017.png'                        
           INFO     Processing PDF                                 image.py:212
                    'MX-M3658N_20260731_123655_018.pdf'                        
                    (pdf_dpi=144, pdf_page=1)                                  
           INFO                                                    entry.py:234
           INFO     (18) Opening image:                            entry.py:235
                    'MX-M3658N_20260731_123655_018.png'                        
                    Resolution: (1682, 1190)                                   
           INFO     Thresholding:   global_thr: 200                 core.py:353
                    global_std_THR: 200                                        
           INFO     Saving Image to                                 image.py:24
                    'outputs_inputs_21_feature_align\CheckedOMRs\MX            
                    -M3658N_20260731_123655_018.png'                           
           INFO     Read Response:                                 entry.py:289
                    {'q4': 'B', 'id7': '2', 'id5': '4', 'q3': 'D',             
                    'id1': '0', 'q6': 'C', 'id6': '1', 'q11':                  
                    'ABC', 'q2': 'A', 'id2': '9', 'id3': '3',                  
                    'id8': '8', 'q5': 'D', 'q8': 'C', 'id4': '7',              
                    'q1': 'B', 'q9': 'BC', 'q10': 'BCD', 'q7':                 
                    'B'}                                                       
           INFO     (/18) Processed file:                          entry.py:303
                    'MX-M3658N_20260731_123655_018.png'                        
           INFO     Processing PDF                                 image.py:212
                    'MX-M3658N_20260731_123655_019.pdf'                        
                    (pdf_dpi=144, pdf_page=1)                                  
           INFO                                                    entry.py:234
           INFO     (19) Opening image:                            entry.py:235
                    'MX-M3658N_20260731_123655_019.png'                        
                    Resolution: (1682, 1190)                                   
           INFO     Thresholding:   global_thr: 200                 core.py:353
                    global_std_THR: 200                                        
           INFO     Saving Image to                                 image.py:24
                    'outputs_inputs_21_feature_align\CheckedOMRs\MX            
                    -M3658N_20260731_123655_019.png'                           
           INFO     Read Response:                                 entry.py:289
                    {'q4': 'D', 'id7': '2', 'id5': '5', 'q3': 'C',             
                    'id1': '2', 'q6': 'D', 'id6': '7', 'q11':                  
                    'BCD', 'q2': 'A', 'id2': '4', 'id3': '0',                  
                    'id8': '8', 'q5': 'C', 'q8': 'A', 'id4': '6',              
                    'q1': 'C', 'q9': 'CD', 'q10': 'ABC', 'q7':                 
                    'B'}                                                       
           INFO     (/19) Processed file:                          entry.py:303
                    'MX-M3658N_20260731_123655_019.png'                        
           INFO     Processing PDF                                 image.py:212
                    'MX-M3658N_20260731_123655_020.pdf'                        
                    (pdf_dpi=144, pdf_page=1)                                  
           INFO                                                    entry.py:234
           INFO     (20) Opening image:                            entry.py:235
                    'MX-M3658N_20260731_123655_020.png'                        
                    Resolution: (1682, 1190)                                   
           INFO     Thresholding:   global_thr: 200                 core.py:353
                    global_std_THR: 200                                        
           INFO     Saving Image to                                 image.py:24
                    'outputs_inputs_21_feature_align\CheckedOMRs\MX            
                    -M3658N_20260731_123655_020.png'                           
           INFO     Read Response:                                 entry.py:289
                    {'q4': 'B', 'id7': '3', 'id5': '6', 'q3': 'C',             
                    'id1': '1', 'q6': 'B', 'id6': '7', 'q11':                  
                    'BCD', 'q2': 'D', 'id2': '4', 'id3': '1',                  
                    'id8': '5', 'q5': 'B', 'q8': 'A', 'id4': '4',              
                    'q1': 'A', 'q9': 'AD', 'q10': 'BD', 'q7': 'C'}             
           INFO     (/20) Processed file:                          entry.py:303
                    'MX-M3658N_20260731_123655_020.png'                        
           INFO     Processing PDF                                 image.py:212
                    'MX-M3658N_20260731_123655_021.pdf'                        
                    (pdf_dpi=144, pdf_page=1)                                  
           INFO                                                    entry.py:234
           INFO     (21) Opening image:                            entry.py:235
                    'MX-M3658N_20260731_123655_021.png'                        
                    Resolution: (1682, 1190)                                   
           INFO     Thresholding:   global_thr: 176.3               core.py:353
                    global_std_THR: 200                                        
           INFO     Saving Image to                                 image.py:24
                    'outputs_inputs_21_feature_align\CheckedOMRs\MX            
                    -M3658N_20260731_123655_021.png'                           
           INFO     Read Response:                                 entry.py:289
                    {'q4': 'B', 'id7': '7', 'id5': '6', 'q3': 'C',             
                    'id1': '1', 'q6': 'C', 'id6': '3', 'q11':                  
                    'ACD', 'q2': 'C', 'id2': '3', 'id3': '1',                  
                    'id8': '3', 'q5': 'B', 'q8': 'B', 'id4': '5',              
                    'q1': 'AC', 'q9': 'BD', 'q10': 'AC', 'q7':                 
                    'D'}                                                       
           INFO     (/21) Processed file:                          entry.py:303
                    'MX-M3658N_20260731_123655_021.png'                        
           INFO                                                    entry.py:397
           INFO     Total file(s) moved        : 0                 entry.py:398
           INFO     Total file(s) not moved    : 21                entry.py:399
           INFO     --------------------------------               entry.py:400
           INFO     Total file(s) processed    : 21 (Sum Tallied!) entry.py:401
           INFO                                                    entry.py:406
                    Finished Checking 21 file(s) in 3.7 seconds                
                    i.e. ~0.1 minute(s).                                       
           INFO     OMR Processing Rate        :     ~ 0.18        entry.py:409
                    seconds/OMR                                                
           INFO     OMR Processing Speed       :     ~ 341.46      entry.py:412
                    OMRs/minute                                                
           INFO                                                    entry.py:419
                    Tip: To see some awesome visuals, open                     
                    config.json and increase 'show_image_level'                
