[12:37:33] INFO     Loading OMRChecker modules...                 __init__.py:5
[12:37:34] INFO     Loading processors from "src.processors"...   manager.py:53
           INFO     Loaded processors: ['CropOnMarkers',          manager.py:76
                    'CropPage', 'FeatureBasedAlignment',                       
                    'GaussianBlur', 'Levels', 'MedianBlur']                    
           INFO     Loading config.json:                      validations.py:84
                    alignment_experiments\auto_align\config.j                  
                    son                                                        
           INFO     Loading template.json:                    validations.py:49
                    alignment_experiments\auto_align\template                  
                    .json                                                      
           INFO     Checking Directories...                          file.py:34
           INFO     Created :                                        file.py:37
                    outputs_inputs_21_auto_align\CheckedOMRs                   
           INFO     Created : outputs_inputs_21_auto_align\Manual    file.py:45
           INFO     Created : outputs_inputs_21_auto_align\Results   file.py:45
           INFO     Created :                                        file.py:45
                    outputs_inputs_21_auto_align\Evaluation                    
           INFO     Created :                                        file.py:50
                    outputs_inputs_21_auto_align\Manual\MultiMarkedF           
                    iles                                                       
           INFO     Created :                                        file.py:50
                    outputs_inputs_21_auto_align\Manual\ErrorFiles             
           INFO     Checking Files...                                file.py:57
           INFO     Created new file:                                file.py:80
                    'outputs_inputs_21_auto_align\Results\Results_12           
                    PM.csv'                                                    
           INFO     Created new file:                                file.py:80
                    'outputs_inputs_21_auto_align\Manual\MultiMarked           
                    Files.csv'                                                 
           INFO     Created new file:                                file.py:80
                    'outputs_inputs_21_auto_align\Manual\ErrorFiles.           
                    csv'                                                       
           INFO                                                     entry.py:53
                            Current Configurations                             
 +--------------------------------------------------------------------------+  
 | Directory Path          | alignment_experiments\auto_align               |  
 | Count of Images         | 21                                             |  
 | Set Layout Mode         | OFF                                            |  
 | Markers Detection       | OFF                                            |  
 | Auto Alignment          | True                                           |  
 | Detected Template Path  | alignment_experiments\auto_align\template.json |  
 | Detected Local Config   | alignment_experiments\auto_align\config.json   |  
 | Detected pre-processors |                                                |  
 +--------------------------------------------------------------------------+  
           INFO     Processing PDF                                 image.py:212
                    'MX-M3658N_20260731_123655_001.pdf'                        
                    (pdf_dpi=144, pdf_page=1)                                  
           INFO                                                    entry.py:234
           INFO     (1) Opening image:                             entry.py:235
                    'MX-M3658N_20260731_123655_001.png'                        
                    Resolution: (1682, 1190)                                   
           INFO     Thresholding:   global_thr: 181.13              core.py:353
                    global_std_THR: 200                                        
           INFO     Saving Image to                                 image.py:24
                    'outputs_inputs_21_auto_align\CheckedOMRs\MX-M3            
                    658N_20260731_123655_001.png'                              
           INFO     Read Response:                                 entry.py:289
                    {'q11': 'ABCD', 'q5': 'B', 'id3': '2', 'id6':              
                    '4', 'q7': 'D', 'id4': '6', 'q6': 'B', 'id8':              
                    '7', 'q1': 'A', 'q10': 'BCD', 'id7': '1',                  
                    'id1': '2', 'q9': 'AB', 'id2': '0', 'q3': 'C',             
                    'q8': 'D', 'id5': '0', 'q2': 'B', 'q4': 'A'}               
           INFO     (/1) Processed file:                           entry.py:303
                    'MX-M3658N_20260731_123655_001.png'                        
           INFO     Processing PDF                                 image.py:212
                    'MX-M3658N_20260731_123655_002.pdf'                        
                    (pdf_dpi=144, pdf_page=1)                                  
           INFO                                                    entry.py:234
           INFO     (2) Opening image:                             entry.py:235
                    'MX-M3658N_20260731_123655_002.png'                        
                    Resolution: (1682, 1190)                                   
           INFO     Thresholding:   global_thr: 200                 core.py:353
                    global_std_THR: 200                                        
           INFO     Saving Image to                                 image.py:24
                    'outputs_inputs_21_auto_align\CheckedOMRs\MX-M3            
                    658N_20260731_123655_002.png'                              
           INFO     Read Response:                                 entry.py:289
                    {'q11': 'AB', 'q5': 'A', 'id3': '5', 'id6':                
                    '9', 'q7': 'B', 'id4': '7', 'q6': 'D', 'id8':              
                    '1', 'q1': 'C', 'q10': 'BCD', 'id7': '4',                  
                    'id1': '3', 'q9': 'ABD', 'id2': '6', 'q3':                 
                    'B', 'q8': 'A', 'id5': '2', 'q2': 'A', 'q4':               
                    'C'}                                                       
           INFO     (/2) Processed file:                           entry.py:303
                    'MX-M3658N_20260731_123655_002.png'                        
           INFO     Processing PDF                                 image.py:212
                    'MX-M3658N_20260731_123655_003.pdf'                        
                    (pdf_dpi=144, pdf_page=1)                                  
           INFO                                                    entry.py:234
           INFO     (3) Opening image:                             entry.py:235
                    'MX-M3658N_20260731_123655_003.png'                        
                    Resolution: (1682, 1190)                                   
           INFO     Thresholding:   global_thr: 184.59              core.py:353
                    global_std_THR: 200                                        
           INFO     Saving Image to                                 image.py:24
                    'outputs_inputs_21_auto_align\CheckedOMRs\MX-M3            
                    658N_20260731_123655_003.png'                              
           INFO     Read Response:                                 entry.py:289
                    {'q11': 'CD', 'q5': 'A', 'id3': '4', 'id6':                
                    '6', 'q7': 'D', 'id4': '3', 'q6': 'A', 'id8':              
                    '1', 'q1': 'A', 'q10': 'BC', 'id7': '0',                   
                    'id1': '2', 'q9': 'ACD', 'id2': '3', 'q3':                 
                    'C', 'q8': 'B', 'id5': '7', 'q2': 'C', 'q4':               
                    'D'}                                                       
           INFO     (/3) Processed file:                           entry.py:303
                    'MX-M3658N_20260731_123655_003.png'                        
[12:37:35] INFO     Processing PDF                                 image.py:212
                    'MX-M3658N_20260731_123655_004.pdf'                        
                    (pdf_dpi=144, pdf_page=1)                                  
           INFO                                                    entry.py:234
           INFO     (4) Opening image:                             entry.py:235
                    'MX-M3658N_20260731_123655_004.png'                        
                    Resolution: (1682, 1190)                                   
           INFO     Thresholding:   global_thr: 200                 core.py:353
                    global_std_THR: 200                                        
           INFO     Saving Image to                                 image.py:24
                    'outputs_inputs_21_auto_align\CheckedOMRs\MX-M3            
                    658N_20260731_123655_004.png'                              
           INFO     Read Response:                                 entry.py:289
                    {'q11': 'AB', 'q5': 'D', 'id3': '3', 'id6':                
                    '9', 'q7': 'C', 'id4': '5', 'q6': 'A', 'id8':              
                    '2', 'q1': 'C', 'q10': 'AD', 'id7': '7',                   
                    'id1': '1', 'q9': 'BD', 'id2': '4', 'q3': 'B',             
                    'q8': 'B', 'id5': '9', 'q2': 'A', 'q4': 'A'}               
           INFO     (/4) Processed file:                           entry.py:303
                    'MX-M3658N_20260731_123655_004.png'                        
           INFO     Processing PDF                                 image.py:212
                    'MX-M3658N_20260731_123655_005.pdf'                        
                    (pdf_dpi=144, pdf_page=1)                                  
           INFO                                                    entry.py:234
           INFO     (5) Opening image:                             entry.py:235
                    'MX-M3658N_20260731_123655_005.png'                        
                    Resolution: (1682, 1190)                                   
           INFO     Thresholding:   global_thr: 182.91              core.py:353
                    global_std_THR: 200                                        
           INFO     Saving Image to                                 image.py:24
                    'outputs_inputs_21_auto_align\CheckedOMRs\MX-M3            
                    658N_20260731_123655_005.png'                              
           INFO     Read Response:                                 entry.py:289
                    {'q11': 'ABCD', 'q5': 'D', 'id3': '4', 'id6':              
                    '9', 'q7': 'B', 'id4': '5', 'q6': 'C', 'id8':              
                    '0', 'q1': 'B', 'q10': 'ABC', 'id7': '4',                  
                    'id1': '2', 'q9': 'AC', 'id2': '3', 'q3': 'C',             
                    'q8': 'B', 'id5': '7', 'q2': 'A', 'q4': 'A'}               
           INFO     (/5) Processed file:                           entry.py:303
                    'MX-M3658N_20260731_123655_005.png'                        
           INFO     Processing PDF                                 image.py:212
                    'MX-M3658N_20260731_123655_006.pdf'                        
                    (pdf_dpi=144, pdf_page=1)                                  
           INFO                                                    entry.py:234
           INFO     (6) Opening image:                             entry.py:235
                    'MX-M3658N_20260731_123655_006.png'                        
                    Resolution: (1682, 1190)                                   
           INFO     Thresholding:   global_thr: 180.93              core.py:353
                    global_std_THR: 200                                        
           INFO     Saving Image to                                 image.py:24
                    'outputs_inputs_21_auto_align\CheckedOMRs\MX-M3            
                    658N_20260731_123655_006.png'                              
           INFO     Read Response:                                 entry.py:289
                    {'q11': 'CD', 'q5': 'A', 'id3': '1', 'id6':                
                    '6', 'q7': 'D', 'id4': '3', 'q6': 'C', 'id8':              
                    '9', 'q1': 'B', 'q10': 'ABC', 'id7': '0',                  
                    'id1': '2', 'q9': 'BD', 'id2': '4', 'q3': 'D',             
                    'q8': 'B', 'id5': '7', 'q2': 'A', 'q4': 'B'}               
           INFO     (/6) Processed file:                           entry.py:303
                    'MX-M3658N_20260731_123655_006.png'                        
           INFO     Processing PDF                                 image.py:212
                    'MX-M3658N_20260731_123655_007.pdf'                        
                    (pdf_dpi=144, pdf_page=1)                                  
           INFO                                                    entry.py:234
           INFO     (7) Opening image:                             entry.py:235
                    'MX-M3658N_20260731_123655_007.png'                        
                    Resolution: (1682, 1190)                                   
           INFO     Thresholding:   global_thr: 200                 core.py:353
                    global_std_THR: 200                                        
           INFO     Saving Image to                                 image.py:24
                    'outputs_inputs_21_auto_align\CheckedOMRs\MX-M3            
                    658N_20260731_123655_007.png'                              
           INFO     Read Response:                                 entry.py:289
                    {'q11': 'ACD', 'q5': 'C', 'id3': '2', 'id6':               
                    '6', 'q7': 'C', 'id4': '5', 'q6': 'D', 'id8':              
                    '3', 'q1': 'A', 'q10': 'ABCD', 'id7': '3',                 
                    'id1': '1', 'q9': 'ABC', 'id2': '4', 'q3':                 
                    'B', 'q8': 'B', 'id5': '7', 'q2': 'C', 'q4':               
                    'D'}                                                       
           INFO     (/7) Processed file:                           entry.py:303
                    'MX-M3658N_20260731_123655_007.png'                        
           INFO     Processing PDF                                 image.py:212
                    'MX-M3658N_20260731_123655_008.pdf'                        
                    (pdf_dpi=144, pdf_page=1)                                  
           INFO                                                    entry.py:234
           INFO     (8) Opening image:                             entry.py:235
                    'MX-M3658N_20260731_123655_008.png'                        
                    Resolution: (1682, 1190)                                   
           INFO     Thresholding:   global_thr: 129.13              core.py:353
                    global_std_THR: 200                                        
           WARNING  Weak multi-mark fallback: field 'q9' -> append  core.py:138
                    'A' (mean=213.35, blank_baseline=228.16,                   
                    delta=14.80)                                               
           WARNING  Weak multi-mark fallback: field 'q9' -> append  core.py:138
                    'C' (mean=209.17, blank_baseline=228.16,                   
                    delta=18.99)                                               
           WARNING  Weak multi-mark fallback: field 'q10' -> append core.py:138
                    'B' (mean=203.00, blank_baseline=213.71,                   
                    delta=10.71)                                               
           WARNING  Weak multi-mark fallback: field 'q10' -> append core.py:138
                    'C' (mean=201.78, blank_baseline=213.71,                   
                    delta=11.93)                                               
           WARNING  Weak multi-mark fallback: field 'q11' -> append core.py:138
                    'B' (mean=201.32, blank_baseline=215.28,                   
                    delta=13.96)                                               
           WARNING  Weak multi-mark fallback: field 'q11' -> append core.py:138
                    'C' (mean=204.69, blank_baseline=215.28,                   
                    delta=10.59)                                               
           WARNING  Weak multi-mark fallback: field 'q11' -> append core.py:138
                    'D' (mean=204.28, blank_baseline=215.28,                   
                    delta=11.00)                                               
           INFO     Saving Image to                                 image.py:24
                    'outputs_inputs_21_auto_align\CheckedOMRs\MX-M3            
                    658N_20260731_123655_008.png'                              
           INFO     Read Response:                                 entry.py:289
                    {'q11': 'BCD', 'q5': 'ABC', 'id3': '', 'id6':              
                    '', 'q7': 'A', 'id4': '', 'q6': 'C', 'id8':                
                    '', 'q1': 'B', 'q10': 'BC', 'id7': '', 'id1':              
                    '', 'q9': 'AC', 'id2': '', 'q3': 'B', 'q8':                
                    'D', 'id5': '', 'q2': 'C', 'q4': 'C'}                      
           INFO     (/8) Processed file:                           entry.py:303
                    'MX-M3658N_20260731_123655_008.png'                        
           INFO     Processing PDF                                 image.py:212
                    'MX-M3658N_20260731_123655_009.pdf'                        
                    (pdf_dpi=144, pdf_page=1)                                  
           INFO                                                    entry.py:234
           INFO     (9) Opening image:                             entry.py:235
                    'MX-M3658N_20260731_123655_009.png'                        
                    Resolution: (1682, 1190)                                   
           INFO     Thresholding:   global_thr: 200                 core.py:353
                    global_std_THR: 200                                        
           INFO     Saving Image to                                 image.py:24
                    'outputs_inputs_21_auto_align\CheckedOMRs\MX-M3            
                    658N_20260731_123655_009.png'                              
           INFO     Read Response:                                 entry.py:289
                    {'q11': 'BD', 'q5': 'C', 'id3': '3', 'id6':                
                    '0', 'q7': 'C', 'id4': '4', 'q6': 'D', 'id8':              
                    '7', 'q1': 'A', 'q10': 'ABC', 'id7': '4',                  
                    'id1': '0', 'q9': 'BD', 'id2': '2', 'q3': 'B',             
                    'q8': 'B', 'id5': '2', 'q2': 'B', 'q4': 'C'}               
           INFO     (/9) Processed file:                           entry.py:303
                    'MX-M3658N_20260731_123655_009.png'                        
           INFO     Processing PDF                                 image.py:212
                    'MX-M3658N_20260731_123655_010.pdf'                        
                    (pdf_dpi=144, pdf_page=1)                                  
           INFO                                                    entry.py:234
           INFO     (10) Opening image:                            entry.py:235
                    'MX-M3658N_20260731_123655_010.png'                        
                    Resolution: (1682, 1190)                                   
           INFO     Thresholding:   global_thr: 200                 core.py:353
                    global_std_THR: 200                                        
           INFO     Saving Image to                                 image.py:24
                    'outputs_inputs_21_auto_align\CheckedOMRs\MX-M3            
                    658N_20260731_123655_010.png'                              
           INFO     Read Response:                                 entry.py:289
                    {'q11': 'BCD', 'q5': 'C', 'id3': '9', 'id6':               
                    '1', 'q7': 'B', 'id4': '3', 'q6': 'C', 'id8':              
                    '0', 'q1': 'A', 'q10': 'AD', 'id7': '7',                   
                    'id1': '3', 'q9': 'BD', 'id2': '4', 'q3': 'C',             
                    'q8': 'D', 'id5': '5', 'q2': 'B', 'q4': 'A'}               
           INFO     (/10) Processed file:                          entry.py:303
                    'MX-M3658N_20260731_123655_010.png'                        
           INFO     Processing PDF                                 image.py:212
                    'MX-M3658N_20260731_123655_011.pdf'                        
                    (pdf_dpi=144, pdf_page=1)                                  
           INFO                                                    entry.py:234
           INFO     (11) Opening image:                            entry.py:235
                    'MX-M3658N_20260731_123655_011.png'                        
                    Resolution: (1682, 1190)                                   
           INFO     Thresholding:   global_thr: 184.7               core.py:353
                    global_std_THR: 200                                        
           INFO     Saving Image to                                 image.py:24
                    'outputs_inputs_21_auto_align\CheckedOMRs\MX-M3            
                    658N_20260731_123655_011.png'                              
           INFO     Read Response:                                 entry.py:289
                    {'q11': 'BD', 'q5': 'B', 'id3': '0', 'id6':                
                    '2', 'q7': 'B', 'id4': '4', 'q6': 'A', 'id8':              
                    '8', 'q1': 'B', 'q10': 'AC', 'id7': '6',                   
                    'id1': '6', 'q9': 'CD', 'id2': '1', 'q3': 'D',             
                    'q8': 'B', 'id5': '6', 'q2': 'C', 'q4': 'CD'}              
           INFO     (/11) Processed file:                          entry.py:303
                    'MX-M3658N_20260731_123655_011.png'                        
           INFO     Processing PDF                                 image.py:212
                    'MX-M3658N_20260731_123655_012.pdf'                        
                    (pdf_dpi=144, pdf_page=1)                                  
           INFO                                                    entry.py:234
           INFO     (12) Opening image:                            entry.py:235
                    'MX-M3658N_20260731_123655_012.png'                        
                    Resolution: (1682, 1190)                                   
           INFO     Thresholding:   global_thr: 200                 core.py:353
                    global_std_THR: 200                                        
           INFO     Saving Image to                                 image.py:24
                    'outputs_inputs_21_auto_align\CheckedOMRs\MX-M3            
                    658N_20260731_123655_012.png'                              
           INFO     Read Response:                                 entry.py:289
                    {'q11': 'ABD', 'q5': 'C', 'id3': '3', 'id6':               
                    '5', 'q7': 'B', 'id4': '5', 'q6': 'C', 'id8':              
                    '5', 'q1': 'A', 'q10': 'AC', 'id7': '3',                   
                    'id1': '4', 'q9': 'CD', 'id2': '0', 'q3': 'B',             
                    'q8': 'D', 'id5': '7', 'q2': 'B', 'q4': 'B'}               
           INFO     (/12) Processed file:                          entry.py:303
                    'MX-M3658N_20260731_123655_012.png'                        
           INFO     Processing PDF                                 image.py:212
                    'MX-M3658N_20260731_123655_013.pdf'                        
                    (pdf_dpi=144, pdf_page=1)                                  
           INFO                                                    entry.py:234
           INFO     (13) Opening image:                            entry.py:235
                    'MX-M3658N_20260731_123655_013.png'                        
                    Resolution: (1682, 1190)                                   
           INFO     Thresholding:   global_thr: 166.02              core.py:353
                    global_std_THR: 200                                        
           WARNING  Weak multi-mark fallback: field 'q9' -> append  core.py:138
                    'B' (mean=211.17, blank_baseline=225.06,                   
                    delta=13.89)                                               
           WARNING  Weak multi-mark fallback: field 'q9' -> append  core.py:138
                    'C' (mean=205.61, blank_baseline=225.06,                   
                    delta=19.45)                                               
           WARNING  Weak multi-mark fallback: field 'q10' -> append core.py:138
                    'B' (mean=201.64, blank_baseline=214.82,                   
                    delta=13.18)                                               
           WARNING  Weak multi-mark fallback: field 'q10' -> append core.py:138
                    'C' (mean=201.58, blank_baseline=214.82,                   
                    delta=13.23)                                               
           WARNING  Weak multi-mark fallback: field 'q10' -> append core.py:138
                    'D' (mean=204.50, blank_baseline=214.82,                   
                    delta=10.32)                                               
           WARNING  Weak multi-mark fallback: field 'q11' -> append core.py:138
                    'A' (mean=206.35, blank_baseline=218.81,                   
                    delta=12.46)                                               
           WARNING  Weak multi-mark fallback: field 'q11' -> append core.py:138
                    'B' (mean=207.68, blank_baseline=218.81,                   
                    delta=11.13)                                               
[12:37:36] INFO     Saving Image to                                 image.py:24
                    'outputs_inputs_21_auto_align\CheckedOMRs\MX-M3            
                    658N_20260731_123655_013.png'                              
           INFO     Read Response:                                 entry.py:289
                    {'q11': 'AB', 'q5': 'ABC', 'id3': '', 'id6':               
                    '', 'q7': 'B', 'id4': '', 'q6': 'C', 'id8':                
                    '', 'q1': 'B', 'q10': 'BCD', 'id7': '', 'id1':             
                    '', 'q9': 'BC', 'id2': '', 'q3': 'A', 'q8':                
                    'D', 'id5': '', 'q2': 'C', 'q4': 'D'}                      
           INFO     (/13) Processed file:                          entry.py:303
                    'MX-M3658N_20260731_123655_013.png'                        
           INFO     Processing PDF                                 image.py:212
                    'MX-M3658N_20260731_123655_014.pdf'                        
                    (pdf_dpi=144, pdf_page=1)                                  
           INFO                                                    entry.py:234
           INFO     (14) Opening image:                            entry.py:235
                    'MX-M3658N_20260731_123655_014.png'                        
                    Resolution: (1682, 1190)                                   
           INFO     Thresholding:   global_thr: 163.81              core.py:353
                    global_std_THR: 200                                        
           WARNING  Weak multi-mark fallback: field 'q9' -> append  core.py:138
                    'C' (mean=194.35, blank_baseline=209.07,                   
                    delta=14.72)                                               
           WARNING  Weak multi-mark fallback: field 'q10' -> append core.py:138
                    'B' (mean=199.62, blank_baseline=211.60,                   
                    delta=11.97)                                               
           WARNING  Weak multi-mark fallback: field 'q10' -> append core.py:138
                    'C' (mean=196.18, blank_baseline=211.60,                   
                    delta=15.42)                                               
           WARNING  Weak multi-mark fallback: field 'q10' -> append core.py:138
                    'D' (mean=192.16, blank_baseline=211.60,                   
                    delta=19.44)                                               
           INFO     Saving Image to                                 image.py:24
                    'outputs_inputs_21_auto_align\CheckedOMRs\MX-M3            
                    658N_20260731_123655_014.png'                              
           INFO     Read Response:                                 entry.py:289
                    {'q11': '', 'q5': 'B', 'id3': '', 'id6': '',               
                    'q7': 'C', 'id4': '', 'q6': 'C', 'id8': '',                
                    'q1': 'B', 'q10': 'BCD', 'id7': '', 'id1': '',             
                    'q9': 'C', 'id2': '', 'q3': 'C', 'q8': 'D',                
                    'id5': '', 'q2': 'A', 'q4': 'A'}                           
           INFO     (/14) Processed file:                          entry.py:303
                    'MX-M3658N_20260731_123655_014.png'                        
           INFO     Processing PDF                                 image.py:212
                    'MX-M3658N_20260731_123655_015.pdf'                        
                    (pdf_dpi=144, pdf_page=1)                                  
           INFO                                                    entry.py:234
           INFO     (15) Opening image:                            entry.py:235
                    'MX-M3658N_20260731_123655_015.png'                        
                    Resolution: (1682, 1190)                                   
           INFO     Thresholding:   global_thr: 150.0               core.py:353
                    global_std_THR: 200                                        
           INFO     Saving Image to                                 image.py:24
                    'outputs_inputs_21_auto_align\CheckedOMRs\MX-M3            
                    658N_20260731_123655_015.png'                              
           INFO     Read Response:                                 entry.py:289
                    {'q11': 'ABC', 'q5': 'ABC', 'id3': '', 'id6':              
                    '', 'q7': 'C', 'id4': '1', 'q6': 'B', 'id8':               
                    '', 'q1': 'C', 'q10': 'CD', 'id7': '', 'id1':              
                    '', 'q9': 'ABC', 'id2': '', 'q3': 'D', 'q8':               
                    'C', 'id5': '', 'q2': 'A', 'q4': 'C'}                      
           INFO     (/15) Processed file:                          entry.py:303
                    'MX-M3658N_20260731_123655_015.png'                        
           INFO     Processing PDF                                 image.py:212
                    'MX-M3658N_20260731_123655_016.pdf'                        
                    (pdf_dpi=144, pdf_page=1)                                  
           INFO                                                    entry.py:234
           INFO     (16) Opening image:                            entry.py:235
                    'MX-M3658N_20260731_123655_016.png'                        
                    Resolution: (1682, 1190)                                   
           INFO     Thresholding:   global_thr: 159.21              core.py:353
                    global_std_THR: 200                                        
           WARNING  Weak multi-mark fallback: field 'q11' -> append core.py:138
                    'B' (mean=192.45, blank_baseline=209.25,                   
                    delta=16.80)                                               
           WARNING  Weak multi-mark fallback: field 'q11' -> append core.py:138
                    'C' (mean=194.14, blank_baseline=209.25,                   
                    delta=15.11)                                               
           WARNING  Weak multi-mark fallback: field 'q11' -> append core.py:138
                    'D' (mean=197.42, blank_baseline=209.25,                   
                    delta=11.83)                                               
           INFO     Saving Image to                                 image.py:24
                    'outputs_inputs_21_auto_align\CheckedOMRs\MX-M3            
                    658N_20260731_123655_016.png'                              
           INFO     Read Response:                                 entry.py:289
                    {'q11': 'BCD', 'q5': 'ABC', 'id3': '', 'id6':              
                    '', 'q7': 'D', 'id4': '', 'q6': 'B', 'id8':                
                    '', 'q1': 'C', 'q10': 'AB', 'id7': '', 'id1':              
                    '3', 'q9': 'AD', 'id2': '', 'q3': 'A', 'q8':               
                    'B', 'id5': '', 'q2': 'AC', 'q4': 'C'}                     
           INFO     (/16) Processed file:                          entry.py:303
                    'MX-M3658N_20260731_123655_016.png'                        
           INFO     Processing PDF                                 image.py:212
                    'MX-M3658N_20260731_123655_017.pdf'                        
                    (pdf_dpi=144, pdf_page=1)                                  
           INFO                                                    entry.py:234
           INFO     (17) Opening image:                            entry.py:235
                    'MX-M3658N_20260731_123655_017.png'                        
                    Resolution: (1682, 1190)                                   
           INFO     Thresholding:   global_thr: 155.4               core.py:353
                    global_std_THR: 200                                        
           WARNING  Weak multi-mark fallback: field 'q9' -> append  core.py:138
                    'A' (mean=188.56, blank_baseline=203.07,                   
                    delta=14.51)                                               
           WARNING  Weak multi-mark fallback: field 'q9' -> append  core.py:138
                    'B' (mean=190.95, blank_baseline=203.07,                   
                    delta=12.12)                                               
           WARNING  Weak multi-mark fallback: field 'q9' -> append  core.py:138
                    'C' (mean=187.82, blank_baseline=203.07,                   
                    delta=15.25)                                               
           INFO     Saving Image to                                 image.py:24
                    'outputs_inputs_21_auto_align\CheckedOMRs\MX-M3            
                    658N_20260731_123655_017.png'                              
           INFO     Read Response:                                 entry.py:289
                    {'q11': 'ABC', 'q5': 'ABC', 'id3': '', 'id6':              
                    '', 'q7': 'A', 'id4': '', 'q6': 'C', 'id8':                
                    '', 'q1': 'D', 'q10': 'BCD', 'id7': '', 'id1':             
                    '', 'q9': 'ABC', 'id2': '', 'q3': 'B', 'q8':               
                    'D', 'id5': '1', 'q2': 'A', 'q4': 'C'}                     
           INFO     (/17) Processed file:                          entry.py:303
                    'MX-M3658N_20260731_123655_017.png'                        
           INFO     Processing PDF                                 image.py:212
                    'MX-M3658N_20260731_123655_018.pdf'                        
                    (pdf_dpi=144, pdf_page=1)                                  
           INFO                                                    entry.py:234
           INFO     (18) Opening image:                            entry.py:235
                    'MX-M3658N_20260731_123655_018.png'                        
                    Resolution: (1682, 1190)                                   
           INFO     Thresholding:   global_thr: 161.71              core.py:353
                    global_std_THR: 200                                        
           WARNING  Weak mark fallback: field 'q4' -> 'B'            core.py:89
                    (darkest_mean=194.95,                                      
                    second_darkest_mean=207.31, gap=12.36)                     
           INFO     Saving Image to                                 image.py:24
                    'outputs_inputs_21_auto_align\CheckedOMRs\MX-M3            
                    658N_20260731_123655_018.png'                              
           INFO     Read Response:                                 entry.py:289
                    {'q11': 'ABC', 'q5': 'C', 'id3': '', 'id6':                
                    '', 'q7': 'B', 'id4': '', 'q6': 'C', 'id8':                
                    '', 'q1': 'B', 'q10': 'BCD', 'id7': '', 'id1':             
                    '1', 'q9': 'BC', 'id2': '', 'q3': 'D', 'q8':               
                    'C', 'id5': '', 'q2': 'A', 'q4': 'B'}                      
           INFO     (/18) Processed file:                          entry.py:303
                    'MX-M3658N_20260731_123655_018.png'                        
           INFO     Processing PDF                                 image.py:212
                    'MX-M3658N_20260731_123655_019.pdf'                        
                    (pdf_dpi=144, pdf_page=1)                                  
           INFO                                                    entry.py:234
           INFO     (19) Opening image:                            entry.py:235
                    'MX-M3658N_20260731_123655_019.png'                        
                    Resolution: (1682, 1190)                                   
           INFO     Thresholding:   global_thr: 178.35              core.py:353
                    global_std_THR: 200                                        
           INFO     Saving Image to                                 image.py:24
                    'outputs_inputs_21_auto_align\CheckedOMRs\MX-M3            
                    658N_20260731_123655_019.png'                              
           INFO     Read Response:                                 entry.py:289
                    {'q11': '', 'q5': 'B', 'id3': '', 'id6': '',               
                    'q7': 'B', 'id4': '', 'q6': 'D', 'id8': '',                
                    'q1': 'C', 'q10': '', 'id7': '', 'id1': '',                
                    'q9': '', 'id2': '', 'q3': 'C', 'q8': 'A',                 
                    'id5': '', 'q2': 'A', 'q4': 'D'}                           
           INFO     (/19) Processed file:                          entry.py:303
                    'MX-M3658N_20260731_123655_019.png'                        
           INFO     Processing PDF                                 image.py:212
                    'MX-M3658N_20260731_123655_020.pdf'                        
                    (pdf_dpi=144, pdf_page=1)                                  
           INFO                                                    entry.py:234
           INFO     (20) Opening image:                            entry.py:235
                    'MX-M3658N_20260731_123655_020.png'                        
                    Resolution: (1682, 1190)                                   
           INFO     Thresholding:   global_thr: 148.44              core.py:353
                    global_std_THR: 200                                        
           WARNING  Weak multi-mark fallback: field 'q11' -> append core.py:138
                    'B' (mean=195.77, blank_baseline=212.75,                   
                    delta=16.98)                                               
           WARNING  Weak multi-mark fallback: field 'q11' -> append core.py:138
                    'D' (mean=191.99, blank_baseline=212.75,                   
                    delta=20.76)                                               
           INFO     Saving Image to                                 image.py:24
                    'outputs_inputs_21_auto_align\CheckedOMRs\MX-M3            
                    658N_20260731_123655_020.png'                              
           INFO     Read Response:                                 entry.py:289
                    {'q11': 'BD', 'q5': 'A', 'id3': '', 'id6': '',             
                    'q7': 'C', 'id4': '', 'q6': 'B', 'id8': '',                
                    'q1': 'A', 'q10': 'BD', 'id7': '', 'id1': '2',             
                    'q9': 'AD', 'id2': '', 'q3': 'C', 'q8': 'A',               
                    'id5': '', 'q2': 'D', 'q4': 'B'}                           
           INFO     (/20) Processed file:                          entry.py:303
                    'MX-M3658N_20260731_123655_020.png'                        
           INFO     Processing PDF                                 image.py:212
                    'MX-M3658N_20260731_123655_021.pdf'                        
                    (pdf_dpi=144, pdf_page=1)                                  
           INFO                                                    entry.py:234
           INFO     (21) Opening image:                            entry.py:235
                    'MX-M3658N_20260731_123655_021.png'                        
                    Resolution: (1682, 1190)                                   
           INFO     Thresholding:   global_thr: 166.83              core.py:353
                    global_std_THR: 200                                        
           WARNING  Weak multi-mark fallback: field 'q11' -> append core.py:138
                    'A' (mean=188.16, blank_baseline=210.34,                   
                    delta=22.18)                                               
           WARNING  Weak multi-mark fallback: field 'q11' -> append core.py:138
                    'C' (mean=196.12, blank_baseline=210.34,                   
                    delta=14.23)                                               
           WARNING  Weak multi-mark fallback: field 'q11' -> append core.py:138
                    'D' (mean=198.81, blank_baseline=210.34,                   
                    delta=11.54)                                               
           INFO     Saving Image to                                 image.py:24
                    'outputs_inputs_21_auto_align\CheckedOMRs\MX-M3            
                    658N_20260731_123655_021.png'                              
           INFO     Read Response:                                 entry.py:289
                    {'q11': 'ACD', 'q5': 'A', 'id3': '', 'id6':                
                    '', 'q7': 'D', 'id4': '', 'q6': 'C', 'id8':                
                    '', 'q1': 'AC', 'q10': 'AC', 'id7': '', 'id1':             
                    '2', 'q9': 'BD', 'id2': '', 'q3': 'C', 'q8':               
                    'B', 'id5': '', 'q2': 'C', 'q4': 'B'}                      
           INFO     (/21) Processed file:                          entry.py:303
                    'MX-M3658N_20260731_123655_021.png'                        
           INFO                                                    entry.py:397
           INFO     Total file(s) moved        : 0                 entry.py:398
           INFO     Total file(s) not moved    : 21                entry.py:399
           INFO     --------------------------------               entry.py:400
           INFO     Total file(s) processed    : 21 (Sum Tallied!) entry.py:401
           INFO                                                    entry.py:406
                    Finished Checking 21 file(s) in 2.9 seconds                
                    i.e. ~0.0 minute(s).                                       
           INFO     OMR Processing Rate        :     ~ 0.14        entry.py:409
                    seconds/OMR                                                
           INFO     OMR Processing Speed       :     ~ 434.48      entry.py:412
                    OMRs/minute                                                
           INFO                                                    entry.py:419
                    Tip: To see some awesome visuals, open                     
                    config.json and increase 'show_image_level'                
