[12:55:30] INFO     Loading OMRChecker modules...                 __init__.py:5
[12:55:32] INFO     Loading processors from "src.processors"...   manager.py:53
           INFO     Loaded processors: ['CropOnMarkers',          manager.py:76
                    'CropPage', 'FeatureBasedAlignment',                       
                    'GaussianBlur', 'Levels', 'MedianBlur']                    
           INFO     Loading config.json: inputs\config.json   validations.py:84
           INFO     Loading template.json:                    validations.py:49
                    inputs\template.json                                       
           INFO     Checking Directories...                          file.py:34
           INFO     Created :                                        file.py:37
                    outputs_inputs_21_full_select_guarded\CheckedOMR           
                    s                                                          
           INFO     Created :                                        file.py:45
                    outputs_inputs_21_full_select_guarded\Manual               
           INFO     Created :                                        file.py:45
                    outputs_inputs_21_full_select_guarded\Results              
           INFO     Created :                                        file.py:45
                    outputs_inputs_21_full_select_guarded\Evaluation           
           INFO     Created :                                        file.py:50
                    outputs_inputs_21_full_select_guarded\Manual\Mul           
                    tiMarkedFiles                                              
           INFO     Created :                                        file.py:50
                    outputs_inputs_21_full_select_guarded\Manual\Err           
                    orFiles                                                    
           INFO     Checking Files...                                file.py:57
           INFO     Created new file:                                file.py:80
                    'outputs_inputs_21_full_select_guarded\Results\R           
                    esults_12PM.csv'                                           
           INFO     Created new file:                                file.py:80
                    'outputs_inputs_21_full_select_guarded\Manual\Mu           
                    ltiMarkedFiles.csv'                                        
           INFO     Created new file:                                file.py:80
                    'outputs_inputs_21_full_select_guarded\Manual\Er           
                    rorFiles.csv'                                              
           INFO                                                     entry.py:53
                            Current Configurations                             
              +-------------------------------------------------+              
              | Directory Path          | inputs                |              
              | Count of Images         | 21                    |              
              | Set Layout Mode         | OFF                   |              
              | Markers Detection       | OFF                   |              
              | Auto Alignment          | False                 |              
              | Detected Template Path  | inputs\template.json  |              
              | Detected Local Config   | inputs\config.json    |              
              | Detected pre-processors | FeatureBasedAlignment |              
              +-------------------------------------------------+              
           INFO     Processing PDF                                 image.py:212
                    'MX-M3658N_20260731_123655_001.pdf'                        
                    (pdf_dpi=144, pdf_page=1)                                  
           INFO                                                    entry.py:234
           INFO     (1) Opening image:                             entry.py:235
                    'MX-M3658N_20260731_123655_001.png'                        
                    Resolution: (1682, 1190)                                   
           INFO     Thresholding:   global_thr: 181.13              core.py:403
                    global_std_THR: 200                                        
           INFO     Saving Image to                                 image.py:24
                    'outputs_inputs_21_full_select_guarded\CheckedO            
                    MRs\MX-M3658N_20260731_123655_001.png'                     
           INFO     Read Response:                                 entry.py:289
                    {'id5': '0', 'q2': 'B', 'q5': 'B', 'id4': '6',             
                    'q4': 'A', 'q11': 'ABCD', 'id6': '4', 'q9':                
                    'AB', 'id3': '2', 'id1': '2', 'q7': 'D',                   
                    'q10': 'BCD', 'q6': 'B', 'id8': '7', 'q3':                 
                    'C', 'id2': '0', 'q1': 'A', 'q8': 'D', 'id7':              
                    '1'}                                                       
           INFO     (/1) Processed file:                           entry.py:303
                    'MX-M3658N_20260731_123655_001.png'                        
           INFO     Processing PDF                                 image.py:212
                    'MX-M3658N_20260731_123655_002.pdf'                        
                    (pdf_dpi=144, pdf_page=1)                                  
           INFO                                                    entry.py:234
           INFO     (2) Opening image:                             entry.py:235
                    'MX-M3658N_20260731_123655_002.png'                        
                    Resolution: (1682, 1190)                                   
           INFO     Thresholding:   global_thr: 119.85              core.py:403
                    global_std_THR: 200                                        
           INFO     Saving Image to                                 image.py:24
                    'outputs_inputs_21_full_select_guarded\CheckedO            
                    MRs\MX-M3658N_20260731_123655_002.png'                     
           INFO     Read Response:                                 entry.py:289
                    {'id5': '2', 'q2': 'A', 'q5': 'A', 'id4': '7',             
                    'q4': 'C', 'q11': 'AB', 'id6': '9', 'q9':                  
                    'ABD', 'id3': '5', 'id1': '3', 'q7': 'B',                  
                    'q10': 'BCD', 'q6': 'D', 'id8': '1', 'q3':                 
                    'B', 'id2': '6', 'q1': 'C', 'q8': 'A', 'id7':              
                    '4'}                                                       
           INFO     (/2) Processed file:                           entry.py:303
                    'MX-M3658N_20260731_123655_002.png'                        
           INFO     Processing PDF                                 image.py:212
                    'MX-M3658N_20260731_123655_003.pdf'                        
                    (pdf_dpi=144, pdf_page=1)                                  
           INFO                                                    entry.py:234
           INFO     (3) Opening image:                             entry.py:235
                    'MX-M3658N_20260731_123655_003.png'                        
                    Resolution: (1682, 1190)                                   
           INFO     Thresholding:   global_thr: 200                 core.py:403
                    global_std_THR: 200                                        
           INFO     Saving Image to                                 image.py:24
                    'outputs_inputs_21_full_select_guarded\CheckedO            
                    MRs\MX-M3658N_20260731_123655_003.png'                     
           INFO     Read Response:                                 entry.py:289
                    {'id5': '7', 'q2': 'C', 'q5': 'A', 'id4': '3',             
                    'q4': 'D', 'q11': 'CD', 'id6': '6', 'q9':                  
                    'ACD', 'id3': '4', 'id1': '2', 'q7': 'D',                  
                    'q10': 'BC', 'q6': 'A', 'id8': '1', 'q3': 'C',             
                    'id2': '3', 'q1': 'A', 'q8': 'B', 'id7': '0'}              
           INFO     (/3) Processed file:                           entry.py:303
                    'MX-M3658N_20260731_123655_003.png'                        
           INFO     Processing PDF                                 image.py:212
                    'MX-M3658N_20260731_123655_004.pdf'                        
                    (pdf_dpi=144, pdf_page=1)                                  
           INFO                                                    entry.py:234
           INFO     (4) Opening image:                             entry.py:235
                    'MX-M3658N_20260731_123655_004.png'                        
                    Resolution: (1682, 1190)                                   
           INFO     Thresholding:   global_thr: 200                 core.py:403
                    global_std_THR: 200                                        
           INFO     Saving Image to                                 image.py:24
                    'outputs_inputs_21_full_select_guarded\CheckedO            
                    MRs\MX-M3658N_20260731_123655_004.png'                     
           INFO     Read Response:                                 entry.py:289
                    {'id5': '9', 'q2': 'A', 'q5': 'D', 'id4': '5',             
                    'q4': 'A', 'q11': 'AB', 'id6': '9', 'q9':                  
                    'BD', 'id3': '3', 'id1': '1', 'q7': 'C',                   
                    'q10': 'AD', 'q6': 'A', 'id8': '2', 'q3': 'B',             
                    'id2': '4', 'q1': 'C', 'q8': 'B', 'id7': '7'}              
           INFO     (/4) Processed file:                           entry.py:303
                    'MX-M3658N_20260731_123655_004.png'                        
           INFO     Processing PDF                                 image.py:212
                    'MX-M3658N_20260731_123655_005.pdf'                        
                    (pdf_dpi=144, pdf_page=1)                                  
           INFO                                                    entry.py:234
           INFO     (5) Opening image:                             entry.py:235
                    'MX-M3658N_20260731_123655_005.png'                        
                    Resolution: (1682, 1190)                                   
           INFO     Thresholding:   global_thr: 200                 core.py:403
                    global_std_THR: 200                                        
           INFO     Saving Image to                                 image.py:24
                    'outputs_inputs_21_full_select_guarded\CheckedO            
                    MRs\MX-M3658N_20260731_123655_005.png'                     
[12:55:33] INFO     Read Response:                                 entry.py:289
                    {'id5': '7', 'q2': 'A', 'q5': 'D', 'id4': '5',             
                    'q4': 'A', 'q11': 'ABCD', 'id6': '9', 'q9':                
                    'AC', 'id3': '4', 'id1': '2', 'q7': 'B',                   
                    'q10': 'ABC', 'q6': 'C', 'id8': '0', 'q3':                 
                    'C', 'id2': '3', 'q1': 'B', 'q8': 'B', 'id7':              
                    '4'}                                                       
           INFO     (/5) Processed file:                           entry.py:303
                    'MX-M3658N_20260731_123655_005.png'                        
           INFO     Processing PDF                                 image.py:212
                    'MX-M3658N_20260731_123655_006.pdf'                        
                    (pdf_dpi=144, pdf_page=1)                                  
           INFO                                                    entry.py:234
           INFO     (6) Opening image:                             entry.py:235
                    'MX-M3658N_20260731_123655_006.png'                        
                    Resolution: (1682, 1190)                                   
           INFO     Thresholding:   global_thr: 181.19              core.py:403
                    global_std_THR: 200                                        
           INFO     Saving Image to                                 image.py:24
                    'outputs_inputs_21_full_select_guarded\CheckedO            
                    MRs\MX-M3658N_20260731_123655_006.png'                     
           INFO     Read Response:                                 entry.py:289
                    {'id5': '7', 'q2': 'A', 'q5': 'A', 'id4': '3',             
                    'q4': 'B', 'q11': 'CD', 'id6': '6', 'q9':                  
                    'BD', 'id3': '1', 'id1': '2', 'q7': 'D',                   
                    'q10': 'ABC', 'q6': 'C', 'id8': '9', 'q3':                 
                    'D', 'id2': '4', 'q1': 'B', 'q8': 'B', 'id7':              
                    '0'}                                                       
           INFO     (/6) Processed file:                           entry.py:303
                    'MX-M3658N_20260731_123655_006.png'                        
           INFO     Processing PDF                                 image.py:212
                    'MX-M3658N_20260731_123655_007.pdf'                        
                    (pdf_dpi=144, pdf_page=1)                                  
           INFO                                                    entry.py:234
           INFO     (7) Opening image:                             entry.py:235
                    'MX-M3658N_20260731_123655_007.png'                        
                    Resolution: (1682, 1190)                                   
           INFO     Thresholding:   global_thr: 120.85              core.py:403
                    global_std_THR: 200                                        
           WARNING  Weak multi full-select fallback: field 'q10' -> core.py:189
                    'ABCD' (max_mean=146.77,                                   
                    max_allowed_mean=150.85, spread=7.57)                      
           INFO     Saving Image to                                 image.py:24
                    'outputs_inputs_21_full_select_guarded\CheckedO            
                    MRs\MX-M3658N_20260731_123655_007.png'                     
           INFO     Read Response:                                 entry.py:289
                    {'id5': '7', 'q2': 'C', 'q5': 'C', 'id4': '5',             
                    'q4': 'D', 'q11': 'ACD', 'id6': '6', 'q9':                 
                    'ABC', 'id3': '2', 'id1': '1', 'q7': 'C',                  
                    'q10': 'ABCD', 'q6': 'D', 'id8': '3', 'q3':                
                    'B', 'id2': '4', 'q1': 'A', 'q8': 'B', 'id7':              
                    '3'}                                                       
           INFO     (/7) Processed file:                           entry.py:303
                    'MX-M3658N_20260731_123655_007.png'                        
           INFO     Processing PDF                                 image.py:212
                    'MX-M3658N_20260731_123655_008.pdf'                        
                    (pdf_dpi=144, pdf_page=1)                                  
           INFO                                                    entry.py:234
           INFO     (8) Opening image:                             entry.py:235
                    'MX-M3658N_20260731_123655_008.png'                        
                    Resolution: (1682, 1190)                                   
           INFO     Thresholding:   global_thr: 200                 core.py:403
                    global_std_THR: 200                                        
           INFO     Saving Image to                                 image.py:24
                    'outputs_inputs_21_full_select_guarded\CheckedO            
                    MRs\MX-M3658N_20260731_123655_008.png'                     
           INFO     Read Response:                                 entry.py:289
                    {'id5': '4', 'q2': 'C', 'q5': 'A', 'id4': '7',             
                    'q4': 'C', 'q11': 'BCD', 'id6': '5', 'q9':                 
                    'AC', 'id3': '3', 'id1': '2', 'q7': 'A',                   
                    'q10': 'ABC', 'q6': 'C', 'id8': '6', 'q3':                 
                    'B', 'id2': '4', 'q1': 'B', 'q8': 'D', 'id7':              
                    '0'}                                                       
           INFO     (/8) Processed file:                           entry.py:303
                    'MX-M3658N_20260731_123655_008.png'                        
           INFO     Processing PDF                                 image.py:212
                    'MX-M3658N_20260731_123655_009.pdf'                        
                    (pdf_dpi=144, pdf_page=1)                                  
           INFO                                                    entry.py:234
           INFO     (9) Opening image:                             entry.py:235
                    'MX-M3658N_20260731_123655_009.png'                        
                    Resolution: (1682, 1190)                                   
           INFO     Thresholding:   global_thr: 200                 core.py:403
                    global_std_THR: 200                                        
           INFO     Saving Image to                                 image.py:24
                    'outputs_inputs_21_full_select_guarded\CheckedO            
                    MRs\MX-M3658N_20260731_123655_009.png'                     
           INFO     Read Response:                                 entry.py:289
                    {'id5': '2', 'q2': 'B', 'q5': 'C', 'id4': '4',             
                    'q4': 'C', 'q11': 'BD', 'id6': '0', 'q9':                  
                    'BD', 'id3': '3', 'id1': '0', 'q7': 'C',                   
                    'q10': 'ABC', 'q6': 'D', 'id8': '7', 'q3':                 
                    'B', 'id2': '2', 'q1': 'A', 'q8': 'B', 'id7':              
                    '4'}                                                       
           INFO     (/9) Processed file:                           entry.py:303
                    'MX-M3658N_20260731_123655_009.png'                        
           INFO     Processing PDF                                 image.py:212
                    'MX-M3658N_20260731_123655_010.pdf'                        
                    (pdf_dpi=144, pdf_page=1)                                  
           INFO                                                    entry.py:234
           INFO     (10) Opening image:                            entry.py:235
                    'MX-M3658N_20260731_123655_010.png'                        
                    Resolution: (1682, 1190)                                   
           INFO     Thresholding:   global_thr: 200                 core.py:403
                    global_std_THR: 200                                        
           INFO     Saving Image to                                 image.py:24
                    'outputs_inputs_21_full_select_guarded\CheckedO            
                    MRs\MX-M3658N_20260731_123655_010.png'                     
           INFO     Read Response:                                 entry.py:289
                    {'id5': '5', 'q2': 'B', 'q5': 'C', 'id4': '3',             
                    'q4': 'A', 'q11': 'BCD', 'id6': '1', 'q9':                 
                    'BD', 'id3': '9', 'id1': '3', 'q7': 'B',                   
                    'q10': 'AD', 'q6': 'C', 'id8': '0', 'q3': 'C',             
                    'id2': '4', 'q1': 'A', 'q8': 'D', 'id7': '7'}              
           INFO     (/10) Processed file:                          entry.py:303
                    'MX-M3658N_20260731_123655_010.png'                        
           INFO     Processing PDF                                 image.py:212
                    'MX-M3658N_20260731_123655_011.pdf'                        
                    (pdf_dpi=144, pdf_page=1)                                  
           INFO                                                    entry.py:234
           INFO     (11) Opening image:                            entry.py:235
                    'MX-M3658N_20260731_123655_011.png'                        
                    Resolution: (1682, 1190)                                   
           INFO     Thresholding:   global_thr: 200                 core.py:403
                    global_std_THR: 200                                        
           INFO     Saving Image to                                 image.py:24
                    'outputs_inputs_21_full_select_guarded\CheckedO            
                    MRs\MX-M3658N_20260731_123655_011.png'                     
           INFO     Read Response:                                 entry.py:289
                    {'id5': '6', 'q2': 'C', 'q5': 'B', 'id4': '4',             
                    'q4': 'CD', 'q11': 'BD', 'id6': '2', 'q9':                 
                    'CD', 'id3': '0', 'id1': '6', 'q7': 'B',                   
                    'q10': 'AC', 'q6': 'A', 'id8': '8', 'q3': 'D',             
                    'id2': '1', 'q1': 'B', 'q8': 'B', 'id7': '6'}              
           INFO     (/11) Processed file:                          entry.py:303
                    'MX-M3658N_20260731_123655_011.png'                        
           INFO     Processing PDF                                 image.py:212
                    'MX-M3658N_20260731_123655_012.pdf'                        
                    (pdf_dpi=144, pdf_page=1)                                  
           INFO                                                    entry.py:234
           INFO     (12) Opening image:                            entry.py:235
                    'MX-M3658N_20260731_123655_012.png'                        
                    Resolution: (1682, 1190)                                   
           INFO     Thresholding:   global_thr: 200                 core.py:403
                    global_std_THR: 200                                        
           INFO     Saving Image to                                 image.py:24
                    'outputs_inputs_21_full_select_guarded\CheckedO            
                    MRs\MX-M3658N_20260731_123655_012.png'                     
           INFO     Read Response:                                 entry.py:289
                    {'id5': '7', 'q2': 'B', 'q5': 'C', 'id4': '5',             
                    'q4': 'B', 'q11': 'ABD', 'id6': '5', 'q9':                 
                    'CD', 'id3': '3', 'id1': '4', 'q7': 'B',                   
                    'q10': 'AC', 'q6': 'C', 'id8': '5', 'q3': 'B',             
                    'id2': '0', 'q1': 'A', 'q8': 'D', 'id7': '3'}              
           INFO     (/12) Processed file:                          entry.py:303
                    'MX-M3658N_20260731_123655_012.png'                        
           INFO     Processing PDF                                 image.py:212
                    'MX-M3658N_20260731_123655_013.pdf'                        
                    (pdf_dpi=144, pdf_page=1)                                  
           INFO                                                    entry.py:234
           INFO     (13) Opening image:                            entry.py:235
                    'MX-M3658N_20260731_123655_013.png'                        
                    Resolution: (1682, 1190)                                   
           INFO     Thresholding:   global_thr: 118.91              core.py:403
                    global_std_THR: 200                                        
           INFO     Saving Image to                                 image.py:24
                    'outputs_inputs_21_full_select_guarded\CheckedO            
                    MRs\MX-M3658N_20260731_123655_013.png'                     
           INFO     Read Response:                                 entry.py:289
                    {'id5': '7', 'q2': 'C', 'q5': 'A', 'id4': '5',             
                    'q4': 'D', 'q11': 'ABC', 'id6': '9', 'q9':                 
                    'BC', 'id3': '4', 'id1': '2', 'q7': 'B',                   
                    'q10': 'BCD', 'q6': 'C', 'id8': '6', 'q3':                 
                    'A', 'id2': '1', 'q1': 'B', 'q8': 'D', 'id7':              
                    '0'}                                                       
           INFO     (/13) Processed file:                          entry.py:303
                    'MX-M3658N_20260731_123655_013.png'                        
           INFO     Processing PDF                                 image.py:212
                    'MX-M3658N_20260731_123655_014.pdf'                        
                    (pdf_dpi=144, pdf_page=1)                                  
[12:55:34] INFO                                                    entry.py:234
           INFO     (14) Opening image:                            entry.py:235
                    'MX-M3658N_20260731_123655_014.png'                        
                    Resolution: (1682, 1190)                                   
           INFO     Thresholding:   global_thr: 200                 core.py:403
                    global_std_THR: 200                                        
           INFO     Saving Image to                                 image.py:24
                    'outputs_inputs_21_full_select_guarded\CheckedO            
                    MRs\MX-M3658N_20260731_123655_014.png'                     
           INFO     Read Response:                                 entry.py:289
                    {'id5': '9', 'q2': 'A', 'q5': 'B', 'id4': '8',             
                    'q4': 'A', 'q11': 'ABCD', 'id6': '0', 'q9':                
                    'ABC', 'id3': '7', 'id1': '3', 'q7': 'C',                  
                    'q10': 'BCD', 'q6': 'C', 'id8': '5', 'q3':                 
                    'C', 'id2': '4', 'q1': 'B', 'q8': 'D', 'id7':              
                    '2'}                                                       
           INFO     (/14) Processed file:                          entry.py:303
                    'MX-M3658N_20260731_123655_014.png'                        
           INFO     Processing PDF                                 image.py:212
                    'MX-M3658N_20260731_123655_015.pdf'                        
                    (pdf_dpi=144, pdf_page=1)                                  
           INFO                                                    entry.py:234
           INFO     (15) Opening image:                            entry.py:235
                    'MX-M3658N_20260731_123655_015.png'                        
                    Resolution: (1682, 1190)                                   
           INFO     Thresholding:   global_thr: 200                 core.py:403
                    global_std_THR: 200                                        
           INFO     Saving Image to                                 image.py:24
                    'outputs_inputs_21_full_select_guarded\CheckedO            
                    MRs\MX-M3658N_20260731_123655_015.png'                     
           INFO     Read Response:                                 entry.py:289
                    {'id5': '9', 'q2': 'A', 'q5': 'A', 'id4': '0',             
                    'q4': 'D', 'q11': 'ABC', 'id6': '1', 'q9':                 
                    'ABC', 'id3': '8', 'id1': '4', 'q7': 'C',                  
                    'q10': 'CD', 'q6': 'B', 'id8': '5', 'q3': 'D',             
                    'id2': '7', 'q1': 'C', 'q8': 'C', 'id7': '3'}              
           INFO     (/15) Processed file:                          entry.py:303
                    'MX-M3658N_20260731_123655_015.png'                        
           INFO     Processing PDF                                 image.py:212
                    'MX-M3658N_20260731_123655_016.pdf'                        
                    (pdf_dpi=144, pdf_page=1)                                  
           INFO                                                    entry.py:234
           INFO     (16) Opening image:                            entry.py:235
                    'MX-M3658N_20260731_123655_016.png'                        
                    Resolution: (1682, 1190)                                   
           INFO     Thresholding:   global_thr: 109.45              core.py:403
                    global_std_THR: 200                                        
           INFO     Saving Image to                                 image.py:24
                    'outputs_inputs_21_full_select_guarded\CheckedO            
                    MRs\MX-M3658N_20260731_123655_016.png'                     
           INFO     Read Response:                                 entry.py:289
                    {'id5': '5', 'q2': 'AC', 'q5': 'A', 'id4':                 
                    '4', 'q4': 'C', 'q11': 'BCD', 'id6': '6',                  
                    'q9': 'AD', 'id3': '7', 'id1': '2', 'q7': 'D',             
                    'q10': 'AB', 'q6': 'B', 'id8': '9', 'q3': 'A',             
                    'id2': '3', 'q1': 'C', 'q8': 'B', 'id7': '0'}              
           INFO     (/16) Processed file:                          entry.py:303
                    'MX-M3658N_20260731_123655_016.png'                        
           INFO     Processing PDF                                 image.py:212
                    'MX-M3658N_20260731_123655_017.pdf'                        
                    (pdf_dpi=144, pdf_page=1)                                  
           INFO                                                    entry.py:234
           INFO     (17) Opening image:                            entry.py:235
                    'MX-M3658N_20260731_123655_017.png'                        
                    Resolution: (1682, 1190)                                   
           INFO     Thresholding:   global_thr: 113.81              core.py:403
                    global_std_THR: 200                                        
           INFO     Saving Image to                                 image.py:24
                    'outputs_inputs_21_full_select_guarded\CheckedO            
                    MRs\MX-M3658N_20260731_123655_017.png'                     
           INFO     Read Response:                                 entry.py:289
                    {'id5': '0', 'q2': 'A', 'q5': 'A', 'id4': '7',             
                    'q4': 'C', 'q11': 'ABC', 'id6': '6', 'q9':                 
                    'ABC', 'id3': '9', 'id1': '3', 'q7': 'A',                  
                    'q10': 'BCD', 'q6': 'C', 'id8': '5', 'q3':                 
                    'B', 'id2': '3', 'q1': 'D', 'q8': 'D', 'id7':              
                    '8'}                                                       
           INFO     (/17) Processed file:                          entry.py:303
                    'MX-M3658N_20260731_123655_017.png'                        
           INFO     Processing PDF                                 image.py:212
                    'MX-M3658N_20260731_123655_018.pdf'                        
                    (pdf_dpi=144, pdf_page=1)                                  
           INFO                                                    entry.py:234
           INFO     (18) Opening image:                            entry.py:235
                    'MX-M3658N_20260731_123655_018.png'                        
                    Resolution: (1682, 1190)                                   
           INFO     Thresholding:   global_thr: 200                 core.py:403
                    global_std_THR: 200                                        
           INFO     Saving Image to                                 image.py:24
                    'outputs_inputs_21_full_select_guarded\CheckedO            
                    MRs\MX-M3658N_20260731_123655_018.png'                     
           INFO     Read Response:                                 entry.py:289
                    {'id5': '4', 'q2': 'A', 'q5': 'D', 'id4': '7',             
                    'q4': 'B', 'q11': 'ABC', 'id6': '1', 'q9':                 
                    'BC', 'id3': '3', 'id1': '0', 'q7': 'B',                   
                    'q10': 'BCD', 'q6': 'C', 'id8': '8', 'q3':                 
                    'D', 'id2': '9', 'q1': 'B', 'q8': 'C', 'id7':              
                    '2'}                                                       
           INFO     (/18) Processed file:                          entry.py:303
                    'MX-M3658N_20260731_123655_018.png'                        
           INFO     Processing PDF                                 image.py:212
                    'MX-M3658N_20260731_123655_019.pdf'                        
                    (pdf_dpi=144, pdf_page=1)                                  
           INFO                                                    entry.py:234
           INFO     (19) Opening image:                            entry.py:235
                    'MX-M3658N_20260731_123655_019.png'                        
                    Resolution: (1682, 1190)                                   
           INFO     Thresholding:   global_thr: 200                 core.py:403
                    global_std_THR: 200                                        
           INFO     Saving Image to                                 image.py:24
                    'outputs_inputs_21_full_select_guarded\CheckedO            
                    MRs\MX-M3658N_20260731_123655_019.png'                     
           INFO     Read Response:                                 entry.py:289
                    {'id5': '5', 'q2': 'A', 'q5': 'C', 'id4': '6',             
                    'q4': 'D', 'q11': 'BCD', 'id6': '7', 'q9':                 
                    'CD', 'id3': '0', 'id1': '2', 'q7': 'B',                   
                    'q10': 'ABC', 'q6': 'D', 'id8': '8', 'q3':                 
                    'C', 'id2': '4', 'q1': 'C', 'q8': 'A', 'id7':              
                    '2'}                                                       
           INFO     (/19) Processed file:                          entry.py:303
                    'MX-M3658N_20260731_123655_019.png'                        
           INFO     Processing PDF                                 image.py:212
                    'MX-M3658N_20260731_123655_020.pdf'                        
                    (pdf_dpi=144, pdf_page=1)                                  
           INFO                                                    entry.py:234
           INFO     (20) Opening image:                            entry.py:235
                    'MX-M3658N_20260731_123655_020.png'                        
                    Resolution: (1682, 1190)                                   
           INFO     Thresholding:   global_thr: 200                 core.py:403
                    global_std_THR: 200                                        
           INFO     Saving Image to                                 image.py:24
                    'outputs_inputs_21_full_select_guarded\CheckedO            
                    MRs\MX-M3658N_20260731_123655_020.png'                     
           INFO     Read Response:                                 entry.py:289
                    {'id5': '6', 'q2': 'D', 'q5': 'B', 'id4': '4',             
                    'q4': 'B', 'q11': 'BCD', 'id6': '7', 'q9':                 
                    'AD', 'id3': '1', 'id1': '1', 'q7': 'C',                   
                    'q10': 'BD', 'q6': 'B', 'id8': '5', 'q3': 'C',             
                    'id2': '4', 'q1': 'A', 'q8': 'A', 'id7': '3'}              
           INFO     (/20) Processed file:                          entry.py:303
                    'MX-M3658N_20260731_123655_020.png'                        
           INFO     Processing PDF                                 image.py:212
                    'MX-M3658N_20260731_123655_021.pdf'                        
                    (pdf_dpi=144, pdf_page=1)                                  
           INFO                                                    entry.py:234
           INFO     (21) Opening image:                            entry.py:235
                    'MX-M3658N_20260731_123655_021.png'                        
                    Resolution: (1682, 1190)                                   
           INFO     Thresholding:   global_thr: 176.3               core.py:403
                    global_std_THR: 200                                        
           INFO     Saving Image to                                 image.py:24
                    'outputs_inputs_21_full_select_guarded\CheckedO            
                    MRs\MX-M3658N_20260731_123655_021.png'                     
           INFO     Read Response:                                 entry.py:289
                    {'id5': '6', 'q2': 'C', 'q5': 'B', 'id4': '5',             
                    'q4': 'B', 'q11': 'ACD', 'id6': '3', 'q9':                 
                    'BD', 'id3': '1', 'id1': '1', 'q7': 'D',                   
                    'q10': 'AC', 'q6': 'C', 'id8': '3', 'q3': 'C',             
                    'id2': '3', 'q1': 'AC', 'q8': 'B', 'id7': '7'}             
           INFO     (/21) Processed file:                          entry.py:303
                    'MX-M3658N_20260731_123655_021.png'                        
           INFO                                                    entry.py:397
           INFO     Total file(s) moved        : 0                 entry.py:398
           INFO     Total file(s) not moved    : 21                entry.py:399
           INFO     --------------------------------               entry.py:400
           INFO     Total file(s) processed    : 21 (Sum Tallied!) entry.py:401
           INFO                                                    entry.py:406
                    Finished Checking 21 file(s) in 2.9 seconds                
                    i.e. ~0.0 minute(s).                                       
           INFO     OMR Processing Rate        :     ~ 0.14        entry.py:409
                    seconds/OMR                                                
           INFO     OMR Processing Speed       :     ~ 430.03      entry.py:412
                    OMRs/minute                                                
           INFO                                                    entry.py:419
                    Tip: To see some awesome visuals, open                     
                    config.json and increase 'show_image_level'                
