[12:53:52] INFO     Loading OMRChecker modules...                 __init__.py:5
[12:53:53] INFO     Loading processors from "src.processors"...   manager.py:53
           INFO     Loaded processors: ['CropOnMarkers',          manager.py:76
                    'CropPage', 'FeatureBasedAlignment',                       
                    'GaussianBlur', 'Levels', 'MedianBlur']                    
           INFO     Loading config.json: inputs\config.json   validations.py:84
           INFO     Loading template.json:                    validations.py:49
                    inputs\template.json                                       
           INFO     Checking Directories...                          file.py:34
           INFO     Created :                                        file.py:37
                    outputs_inputs_21_full_select\CheckedOMRs                  
           INFO     Created : outputs_inputs_21_full_select\Manual   file.py:45
           INFO     Created : outputs_inputs_21_full_select\Results  file.py:45
           INFO     Created :                                        file.py:45
                    outputs_inputs_21_full_select\Evaluation                   
           INFO     Created :                                        file.py:50
                    outputs_inputs_21_full_select\Manual\MultiMarked           
                    Files                                                      
           INFO     Created :                                        file.py:50
                    outputs_inputs_21_full_select\Manual\ErrorFiles            
           INFO     Checking Files...                                file.py:57
           INFO     Created new file:                                file.py:80
                    'outputs_inputs_21_full_select\Results\Results_1           
                    2PM.csv'                                                   
           INFO     Created new file:                                file.py:80
                    'outputs_inputs_21_full_select\Manual\MultiMarke           
                    dFiles.csv'                                                
           INFO     Created new file:                                file.py:80
                    'outputs_inputs_21_full_select\Manual\ErrorFiles           
                    .csv'                                                      
[12:53:54] INFO                                                     entry.py:53
                            Current Configurations                             
              +-------------------------------------------------+              
              | Directory Path          | inputs                |              
              | Count of Images         | 21                    |              
              | Set Layout Mode         | OFF                   |              
              | Markers Detection       | OFF                   |              
              | Auto Alignment          | False                 |              
              | Detected Template Path  | inputs\template.json  |              
              | Detected Local Config   | inputs\config.json    |              
              | Detected pre-processors | FeatureBasedAlignment |              
              +-------------------------------------------------+              
           INFO     Processing PDF                                 image.py:212
                    'MX-M3658N_20260731_123655_001.pdf'                        
                    (pdf_dpi=144, pdf_page=1)                                  
           INFO                                                    entry.py:234
           INFO     (1) Opening image:                             entry.py:235
                    'MX-M3658N_20260731_123655_001.png'                        
                    Resolution: (1682, 1190)                                   
           INFO     Thresholding:   global_thr: 181.13              core.py:398
                    global_std_THR: 200                                        
           INFO     Saving Image to                                 image.py:24
                    'outputs_inputs_21_full_select\CheckedOMRs\MX-M            
                    3658N_20260731_123655_001.png'                             
           INFO     Read Response:                                 entry.py:289
                    {'id5': '0', 'q6': 'B', 'q9': 'AB', 'id4':                 
                    '6', 'id1': '2', 'id8': '7', 'q5': 'B', 'id6':             
                    '4', 'q8': 'D', 'q7': 'D', 'q11': 'ABCD',                  
                    'q4': 'A', 'q10': 'BCD', 'id7': '1', 'q2':                 
                    'B', 'q3': 'C', 'id3': '2', 'q1': 'A', 'id2':              
                    '0'}                                                       
           INFO     (/1) Processed file:                           entry.py:303
                    'MX-M3658N_20260731_123655_001.png'                        
           INFO     Processing PDF                                 image.py:212
                    'MX-M3658N_20260731_123655_002.pdf'                        
                    (pdf_dpi=144, pdf_page=1)                                  
           INFO                                                    entry.py:234
           INFO     (2) Opening image:                             entry.py:235
                    'MX-M3658N_20260731_123655_002.png'                        
                    Resolution: (1682, 1190)                                   
           INFO     Thresholding:   global_thr: 119.85              core.py:398
                    global_std_THR: 200                                        
           INFO     Saving Image to                                 image.py:24
                    'outputs_inputs_21_full_select\CheckedOMRs\MX-M            
                    3658N_20260731_123655_002.png'                             
           INFO     Read Response:                                 entry.py:289
                    {'id5': '2', 'q6': 'D', 'q9': 'ABD', 'id4':                
                    '7', 'id1': '3', 'id8': '1', 'q5': 'A', 'id6':             
                    '9', 'q8': 'A', 'q7': 'B', 'q11': 'AB', 'q4':              
                    'C', 'q10': 'BCD', 'id7': '4', 'q2': 'A',                  
                    'q3': 'B', 'id3': '5', 'q1': 'C', 'id2': '6'}              
           INFO     (/2) Processed file:                           entry.py:303
                    'MX-M3658N_20260731_123655_002.png'                        
           INFO     Processing PDF                                 image.py:212
                    'MX-M3658N_20260731_123655_003.pdf'                        
                    (pdf_dpi=144, pdf_page=1)                                  
           INFO                                                    entry.py:234
           INFO     (3) Opening image:                             entry.py:235
                    'MX-M3658N_20260731_123655_003.png'                        
                    Resolution: (1682, 1190)                                   
           INFO     Thresholding:   global_thr: 200                 core.py:398
                    global_std_THR: 200                                        
           INFO     Saving Image to                                 image.py:24
                    'outputs_inputs_21_full_select\CheckedOMRs\MX-M            
                    3658N_20260731_123655_003.png'                             
           INFO     Read Response:                                 entry.py:289
                    {'id5': '7', 'q6': 'A', 'q9': 'ACD', 'id4':                
                    '3', 'id1': '2', 'id8': '1', 'q5': 'A', 'id6':             
                    '6', 'q8': 'B', 'q7': 'D', 'q11': 'CD', 'q4':              
                    'D', 'q10': 'BC', 'id7': '0', 'q2': 'C', 'q3':             
                    'C', 'id3': '4', 'q1': 'A', 'id2': '3'}                    
           INFO     (/3) Processed file:                           entry.py:303
                    'MX-M3658N_20260731_123655_003.png'                        
           INFO     Processing PDF                                 image.py:212
                    'MX-M3658N_20260731_123655_004.pdf'                        
                    (pdf_dpi=144, pdf_page=1)                                  
           INFO                                                    entry.py:234
           INFO     (4) Opening image:                             entry.py:235
                    'MX-M3658N_20260731_123655_004.png'                        
                    Resolution: (1682, 1190)                                   
           INFO     Thresholding:   global_thr: 200                 core.py:398
                    global_std_THR: 200                                        
           INFO     Saving Image to                                 image.py:24
                    'outputs_inputs_21_full_select\CheckedOMRs\MX-M            
                    3658N_20260731_123655_004.png'                             
           INFO     Read Response:                                 entry.py:289
                    {'id5': '9', 'q6': 'A', 'q9': 'BD', 'id4':                 
                    '5', 'id1': '1', 'id8': '2', 'q5': 'D', 'id6':             
                    '9', 'q8': 'B', 'q7': 'C', 'q11': 'AB', 'q4':              
                    'A', 'q10': 'AD', 'id7': '7', 'q2': 'A', 'q3':             
                    'B', 'id3': '3', 'q1': 'C', 'id2': '4'}                    
           INFO     (/4) Processed file:                           entry.py:303
                    'MX-M3658N_20260731_123655_004.png'                        
           INFO     Processing PDF                                 image.py:212
                    'MX-M3658N_20260731_123655_005.pdf'                        
                    (pdf_dpi=144, pdf_page=1)                                  
           INFO                                                    entry.py:234
           INFO     (5) Opening image:                             entry.py:235
                    'MX-M3658N_20260731_123655_005.png'                        
                    Resolution: (1682, 1190)                                   
           INFO     Thresholding:   global_thr: 200                 core.py:398
                    global_std_THR: 200                                        
           INFO     Saving Image to                                 image.py:24
                    'outputs_inputs_21_full_select\CheckedOMRs\MX-M            
                    3658N_20260731_123655_005.png'                             
           INFO     Read Response:                                 entry.py:289
                    {'id5': '7', 'q6': 'C', 'q9': 'AC', 'id4':                 
                    '5', 'id1': '2', 'id8': '0', 'q5': 'D', 'id6':             
                    '9', 'q8': 'B', 'q7': 'B', 'q11': 'ABCD',                  
                    'q4': 'A', 'q10': 'ABC', 'id7': '4', 'q2':                 
                    'A', 'q3': 'C', 'id3': '4', 'q1': 'B', 'id2':              
                    '3'}                                                       
           INFO     (/5) Processed file:                           entry.py:303
                    'MX-M3658N_20260731_123655_005.png'                        
           INFO     Processing PDF                                 image.py:212
                    'MX-M3658N_20260731_123655_006.pdf'                        
                    (pdf_dpi=144, pdf_page=1)                                  
           INFO                                                    entry.py:234
           INFO     (6) Opening image:                             entry.py:235
                    'MX-M3658N_20260731_123655_006.png'                        
                    Resolution: (1682, 1190)                                   
           INFO     Thresholding:   global_thr: 181.19              core.py:398
                    global_std_THR: 200                                        
           INFO     Saving Image to                                 image.py:24
                    'outputs_inputs_21_full_select\CheckedOMRs\MX-M            
                    3658N_20260731_123655_006.png'                             
           INFO     Read Response:                                 entry.py:289
                    {'id5': '7', 'q6': 'C', 'q9': 'BD', 'id4':                 
                    '3', 'id1': '2', 'id8': '9', 'q5': 'A', 'id6':             
                    '6', 'q8': 'B', 'q7': 'D', 'q11': 'CD', 'q4':              
                    'B', 'q10': 'ABC', 'id7': '0', 'q2': 'A',                  
                    'q3': 'D', 'id3': '1', 'q1': 'B', 'id2': '4'}              
           INFO     (/6) Processed file:                           entry.py:303
                    'MX-M3658N_20260731_123655_006.png'                        
           INFO     Processing PDF                                 image.py:212
                    'MX-M3658N_20260731_123655_007.pdf'                        
                    (pdf_dpi=144, pdf_page=1)                                  
           INFO                                                    entry.py:234
           INFO     (7) Opening image:                             entry.py:235
                    'MX-M3658N_20260731_123655_007.png'                        
                    Resolution: (1682, 1190)                                   
           INFO     Thresholding:   global_thr: 120.85              core.py:398
                    global_std_THR: 200                                        
           WARNING  Weak multi full-select fallback: field 'q10' -> core.py:185
                    'ABCD' (max_mean=146.77, spread=7.57)                      
           INFO     Saving Image to                                 image.py:24
                    'outputs_inputs_21_full_select\CheckedOMRs\MX-M            
                    3658N_20260731_123655_007.png'                             
           INFO     Read Response:                                 entry.py:289
                    {'id5': '7', 'q6': 'D', 'q9': 'ABC', 'id4':                
                    '5', 'id1': '1', 'id8': '3', 'q5': 'C', 'id6':             
                    '6', 'q8': 'B', 'q7': 'C', 'q11': 'ACD', 'q4':             
                    'D', 'q10': 'ABCD', 'id7': '3', 'q2': 'C',                 
                    'q3': 'B', 'id3': '2', 'q1': 'A', 'id2': '4'}              
           INFO     (/7) Processed file:                           entry.py:303
                    'MX-M3658N_20260731_123655_007.png'                        
           INFO     Processing PDF                                 image.py:212
                    'MX-M3658N_20260731_123655_008.pdf'                        
                    (pdf_dpi=144, pdf_page=1)                                  
           INFO                                                    entry.py:234
           INFO     (8) Opening image:                             entry.py:235
                    'MX-M3658N_20260731_123655_008.png'                        
                    Resolution: (1682, 1190)                                   
[12:53:55] INFO     Thresholding:   global_thr: 200                 core.py:398
                    global_std_THR: 200                                        
           INFO     Saving Image to                                 image.py:24
                    'outputs_inputs_21_full_select\CheckedOMRs\MX-M            
                    3658N_20260731_123655_008.png'                             
           INFO     Read Response:                                 entry.py:289
                    {'id5': '4', 'q6': 'C', 'q9': 'AC', 'id4':                 
                    '7', 'id1': '2', 'id8': '6', 'q5': 'A', 'id6':             
                    '5', 'q8': 'D', 'q7': 'A', 'q11': 'BCD', 'q4':             
                    'C', 'q10': 'ABC', 'id7': '0', 'q2': 'C',                  
                    'q3': 'B', 'id3': '3', 'q1': 'B', 'id2': '4'}              
           INFO     (/8) Processed file:                           entry.py:303
                    'MX-M3658N_20260731_123655_008.png'                        
           INFO     Processing PDF                                 image.py:212
                    'MX-M3658N_20260731_123655_009.pdf'                        
                    (pdf_dpi=144, pdf_page=1)                                  
           INFO                                                    entry.py:234
           INFO     (9) Opening image:                             entry.py:235
                    'MX-M3658N_20260731_123655_009.png'                        
                    Resolution: (1682, 1190)                                   
           INFO     Thresholding:   global_thr: 200                 core.py:398
                    global_std_THR: 200                                        
           INFO     Saving Image to                                 image.py:24
                    'outputs_inputs_21_full_select\CheckedOMRs\MX-M            
                    3658N_20260731_123655_009.png'                             
           INFO     Read Response:                                 entry.py:289
                    {'id5': '2', 'q6': 'D', 'q9': 'BD', 'id4':                 
                    '4', 'id1': '0', 'id8': '7', 'q5': 'C', 'id6':             
                    '0', 'q8': 'B', 'q7': 'C', 'q11': 'BD', 'q4':              
                    'C', 'q10': 'ABC', 'id7': '4', 'q2': 'B',                  
                    'q3': 'B', 'id3': '3', 'q1': 'A', 'id2': '2'}              
           INFO     (/9) Processed file:                           entry.py:303
                    'MX-M3658N_20260731_123655_009.png'                        
           INFO     Processing PDF                                 image.py:212
                    'MX-M3658N_20260731_123655_010.pdf'                        
                    (pdf_dpi=144, pdf_page=1)                                  
           INFO                                                    entry.py:234
           INFO     (10) Opening image:                            entry.py:235
                    'MX-M3658N_20260731_123655_010.png'                        
                    Resolution: (1682, 1190)                                   
           INFO     Thresholding:   global_thr: 200                 core.py:398
                    global_std_THR: 200                                        
           INFO     Saving Image to                                 image.py:24
                    'outputs_inputs_21_full_select\CheckedOMRs\MX-M            
                    3658N_20260731_123655_010.png'                             
           INFO     Read Response:                                 entry.py:289
                    {'id5': '5', 'q6': 'C', 'q9': 'BD', 'id4':                 
                    '3', 'id1': '3', 'id8': '0', 'q5': 'C', 'id6':             
                    '1', 'q8': 'D', 'q7': 'B', 'q11': 'BCD', 'q4':             
                    'A', 'q10': 'AD', 'id7': '7', 'q2': 'B', 'q3':             
                    'C', 'id3': '9', 'q1': 'A', 'id2': '4'}                    
           INFO     (/10) Processed file:                          entry.py:303
                    'MX-M3658N_20260731_123655_010.png'                        
           INFO     Processing PDF                                 image.py:212
                    'MX-M3658N_20260731_123655_011.pdf'                        
                    (pdf_dpi=144, pdf_page=1)                                  
           INFO                                                    entry.py:234
           INFO     (11) Opening image:                            entry.py:235
                    'MX-M3658N_20260731_123655_011.png'                        
                    Resolution: (1682, 1190)                                   
           INFO     Thresholding:   global_thr: 200                 core.py:398
                    global_std_THR: 200                                        
           INFO     Saving Image to                                 image.py:24
                    'outputs_inputs_21_full_select\CheckedOMRs\MX-M            
                    3658N_20260731_123655_011.png'                             
           INFO     Read Response:                                 entry.py:289
                    {'id5': '6', 'q6': 'A', 'q9': 'CD', 'id4':                 
                    '4', 'id1': '6', 'id8': '8', 'q5': 'B', 'id6':             
                    '2', 'q8': 'B', 'q7': 'B', 'q11': 'BD', 'q4':              
                    'CD', 'q10': 'AC', 'id7': '6', 'q2': 'C',                  
                    'q3': 'D', 'id3': '0', 'q1': 'B', 'id2': '1'}              
           INFO     (/11) Processed file:                          entry.py:303
                    'MX-M3658N_20260731_123655_011.png'                        
           INFO     Processing PDF                                 image.py:212
                    'MX-M3658N_20260731_123655_012.pdf'                        
                    (pdf_dpi=144, pdf_page=1)                                  
           INFO                                                    entry.py:234
           INFO     (12) Opening image:                            entry.py:235
                    'MX-M3658N_20260731_123655_012.png'                        
                    Resolution: (1682, 1190)                                   
           INFO     Thresholding:   global_thr: 200                 core.py:398
                    global_std_THR: 200                                        
           INFO     Saving Image to                                 image.py:24
                    'outputs_inputs_21_full_select\CheckedOMRs\MX-M            
                    3658N_20260731_123655_012.png'                             
           INFO     Read Response:                                 entry.py:289
                    {'id5': '7', 'q6': 'C', 'q9': 'CD', 'id4':                 
                    '5', 'id1': '4', 'id8': '5', 'q5': 'C', 'id6':             
                    '5', 'q8': 'D', 'q7': 'B', 'q11': 'ABD', 'q4':             
                    'B', 'q10': 'AC', 'id7': '3', 'q2': 'B', 'q3':             
                    'B', 'id3': '3', 'q1': 'A', 'id2': '0'}                    
           INFO     (/12) Processed file:                          entry.py:303
                    'MX-M3658N_20260731_123655_012.png'                        
           INFO     Processing PDF                                 image.py:212
                    'MX-M3658N_20260731_123655_013.pdf'                        
                    (pdf_dpi=144, pdf_page=1)                                  
           INFO                                                    entry.py:234
           INFO     (13) Opening image:                            entry.py:235
                    'MX-M3658N_20260731_123655_013.png'                        
                    Resolution: (1682, 1190)                                   
           INFO     Thresholding:   global_thr: 118.91              core.py:398
                    global_std_THR: 200                                        
           INFO     Saving Image to                                 image.py:24
                    'outputs_inputs_21_full_select\CheckedOMRs\MX-M            
                    3658N_20260731_123655_013.png'                             
           INFO     Read Response:                                 entry.py:289
                    {'id5': '7', 'q6': 'C', 'q9': 'BC', 'id4':                 
                    '5', 'id1': '2', 'id8': '6', 'q5': 'A', 'id6':             
                    '9', 'q8': 'D', 'q7': 'B', 'q11': 'ABC', 'q4':             
                    'D', 'q10': 'BCD', 'id7': '0', 'q2': 'C',                  
                    'q3': 'A', 'id3': '4', 'q1': 'B', 'id2': '1'}              
           INFO     (/13) Processed file:                          entry.py:303
                    'MX-M3658N_20260731_123655_013.png'                        
           INFO     Processing PDF                                 image.py:212
                    'MX-M3658N_20260731_123655_014.pdf'                        
                    (pdf_dpi=144, pdf_page=1)                                  
           INFO                                                    entry.py:234
           INFO     (14) Opening image:                            entry.py:235
                    'MX-M3658N_20260731_123655_014.png'                        
                    Resolution: (1682, 1190)                                   
           INFO     Thresholding:   global_thr: 200                 core.py:398
                    global_std_THR: 200                                        
           INFO     Saving Image to                                 image.py:24
                    'outputs_inputs_21_full_select\CheckedOMRs\MX-M            
                    3658N_20260731_123655_014.png'                             
           INFO     Read Response:                                 entry.py:289
                    {'id5': '9', 'q6': 'C', 'q9': 'ABC', 'id4':                
                    '8', 'id1': '3', 'id8': '5', 'q5': 'B', 'id6':             
                    '0', 'q8': 'D', 'q7': 'C', 'q11': 'ABCD',                  
                    'q4': 'A', 'q10': 'BCD', 'id7': '2', 'q2':                 
                    'A', 'q3': 'C', 'id3': '7', 'q1': 'B', 'id2':              
                    '4'}                                                       
           INFO     (/14) Processed file:                          entry.py:303
                    'MX-M3658N_20260731_123655_014.png'                        
           INFO     Processing PDF                                 image.py:212
                    'MX-M3658N_20260731_123655_015.pdf'                        
                    (pdf_dpi=144, pdf_page=1)                                  
           INFO                                                    entry.py:234
           INFO     (15) Opening image:                            entry.py:235
                    'MX-M3658N_20260731_123655_015.png'                        
                    Resolution: (1682, 1190)                                   
           INFO     Thresholding:   global_thr: 200                 core.py:398
                    global_std_THR: 200                                        
           INFO     Saving Image to                                 image.py:24
                    'outputs_inputs_21_full_select\CheckedOMRs\MX-M            
                    3658N_20260731_123655_015.png'                             
           INFO     Read Response:                                 entry.py:289
                    {'id5': '9', 'q6': 'B', 'q9': 'ABC', 'id4':                
                    '0', 'id1': '4', 'id8': '5', 'q5': 'A', 'id6':             
                    '1', 'q8': 'C', 'q7': 'C', 'q11': 'ABC', 'q4':             
                    'D', 'q10': 'CD', 'id7': '3', 'q2': 'A', 'q3':             
                    'D', 'id3': '8', 'q1': 'C', 'id2': '7'}                    
           INFO     (/15) Processed file:                          entry.py:303
                    'MX-M3658N_20260731_123655_015.png'                        
           INFO     Processing PDF                                 image.py:212
                    'MX-M3658N_20260731_123655_016.pdf'                        
                    (pdf_dpi=144, pdf_page=1)                                  
           INFO                                                    entry.py:234
           INFO     (16) Opening image:                            entry.py:235
                    'MX-M3658N_20260731_123655_016.png'                        
                    Resolution: (1682, 1190)                                   
[12:53:56] INFO     Thresholding:   global_thr: 109.45              core.py:398
                    global_std_THR: 200                                        
           INFO     Saving Image to                                 image.py:24
                    'outputs_inputs_21_full_select\CheckedOMRs\MX-M            
                    3658N_20260731_123655_016.png'                             
           INFO     Read Response:                                 entry.py:289
                    {'id5': '5', 'q6': 'B', 'q9': 'AD', 'id4':                 
                    '4', 'id1': '2', 'id8': '9', 'q5': 'A', 'id6':             
                    '6', 'q8': 'B', 'q7': 'D', 'q11': 'BCD', 'q4':             
                    'C', 'q10': 'AB', 'id7': '0', 'q2': 'AC',                  
                    'q3': 'A', 'id3': '7', 'q1': 'C', 'id2': '3'}              
           INFO     (/16) Processed file:                          entry.py:303
                    'MX-M3658N_20260731_123655_016.png'                        
           INFO     Processing PDF                                 image.py:212
                    'MX-M3658N_20260731_123655_017.pdf'                        
                    (pdf_dpi=144, pdf_page=1)                                  
           INFO                                                    entry.py:234
           INFO     (17) Opening image:                            entry.py:235
                    'MX-M3658N_20260731_123655_017.png'                        
                    Resolution: (1682, 1190)                                   
           INFO     Thresholding:   global_thr: 113.81              core.py:398
                    global_std_THR: 200                                        
           INFO     Saving Image to                                 image.py:24
                    'outputs_inputs_21_full_select\CheckedOMRs\MX-M            
                    3658N_20260731_123655_017.png'                             
           INFO     Read Response:                                 entry.py:289
                    {'id5': '0', 'q6': 'C', 'q9': 'ABC', 'id4':                
                    '7', 'id1': '3', 'id8': '5', 'q5': 'A', 'id6':             
                    '6', 'q8': 'D', 'q7': 'A', 'q11': 'ABC', 'q4':             
                    'C', 'q10': 'BCD', 'id7': '8', 'q2': 'A',                  
                    'q3': 'B', 'id3': '9', 'q1': 'D', 'id2': '3'}              
           INFO     (/17) Processed file:                          entry.py:303
                    'MX-M3658N_20260731_123655_017.png'                        
           INFO     Processing PDF                                 image.py:212
                    'MX-M3658N_20260731_123655_018.pdf'                        
                    (pdf_dpi=144, pdf_page=1)                                  
           INFO                                                    entry.py:234
           INFO     (18) Opening image:                            entry.py:235
                    'MX-M3658N_20260731_123655_018.png'                        
                    Resolution: (1682, 1190)                                   
           INFO     Thresholding:   global_thr: 200                 core.py:398
                    global_std_THR: 200                                        
           INFO     Saving Image to                                 image.py:24
                    'outputs_inputs_21_full_select\CheckedOMRs\MX-M            
                    3658N_20260731_123655_018.png'                             
           INFO     Read Response:                                 entry.py:289
                    {'id5': '4', 'q6': 'C', 'q9': 'BC', 'id4':                 
                    '7', 'id1': '0', 'id8': '8', 'q5': 'D', 'id6':             
                    '1', 'q8': 'C', 'q7': 'B', 'q11': 'ABC', 'q4':             
                    'B', 'q10': 'BCD', 'id7': '2', 'q2': 'A',                  
                    'q3': 'D', 'id3': '3', 'q1': 'B', 'id2': '9'}              
           INFO     (/18) Processed file:                          entry.py:303
                    'MX-M3658N_20260731_123655_018.png'                        
           INFO     Processing PDF                                 image.py:212
                    'MX-M3658N_20260731_123655_019.pdf'                        
                    (pdf_dpi=144, pdf_page=1)                                  
           INFO                                                    entry.py:234
           INFO     (19) Opening image:                            entry.py:235
                    'MX-M3658N_20260731_123655_019.png'                        
                    Resolution: (1682, 1190)                                   
           INFO     Thresholding:   global_thr: 200                 core.py:398
                    global_std_THR: 200                                        
           INFO     Saving Image to                                 image.py:24
                    'outputs_inputs_21_full_select\CheckedOMRs\MX-M            
                    3658N_20260731_123655_019.png'                             
           INFO     Read Response:                                 entry.py:289
                    {'id5': '5', 'q6': 'D', 'q9': 'CD', 'id4':                 
                    '6', 'id1': '2', 'id8': '8', 'q5': 'C', 'id6':             
                    '7', 'q8': 'A', 'q7': 'B', 'q11': 'BCD', 'q4':             
                    'D', 'q10': 'ABC', 'id7': '2', 'q2': 'A',                  
                    'q3': 'C', 'id3': '0', 'q1': 'C', 'id2': '4'}              
           INFO     (/19) Processed file:                          entry.py:303
                    'MX-M3658N_20260731_123655_019.png'                        
           INFO     Processing PDF                                 image.py:212
                    'MX-M3658N_20260731_123655_020.pdf'                        
                    (pdf_dpi=144, pdf_page=1)                                  
           INFO                                                    entry.py:234
           INFO     (20) Opening image:                            entry.py:235
                    'MX-M3658N_20260731_123655_020.png'                        
                    Resolution: (1682, 1190)                                   
           INFO     Thresholding:   global_thr: 200                 core.py:398
                    global_std_THR: 200                                        
           INFO     Saving Image to                                 image.py:24
                    'outputs_inputs_21_full_select\CheckedOMRs\MX-M            
                    3658N_20260731_123655_020.png'                             
           INFO     Read Response:                                 entry.py:289
                    {'id5': '6', 'q6': 'B', 'q9': 'AD', 'id4':                 
                    '4', 'id1': '1', 'id8': '5', 'q5': 'B', 'id6':             
                    '7', 'q8': 'A', 'q7': 'C', 'q11': 'BCD', 'q4':             
                    'B', 'q10': 'BD', 'id7': '3', 'q2': 'D', 'q3':             
                    'C', 'id3': '1', 'q1': 'A', 'id2': '4'}                    
           INFO     (/20) Processed file:                          entry.py:303
                    'MX-M3658N_20260731_123655_020.png'                        
           INFO     Processing PDF                                 image.py:212
                    'MX-M3658N_20260731_123655_021.pdf'                        
                    (pdf_dpi=144, pdf_page=1)                                  
           INFO                                                    entry.py:234
           INFO     (21) Opening image:                            entry.py:235
                    'MX-M3658N_20260731_123655_021.png'                        
                    Resolution: (1682, 1190)                                   
           INFO     Thresholding:   global_thr: 176.3               core.py:398
                    global_std_THR: 200                                        
           INFO     Saving Image to                                 image.py:24
                    'outputs_inputs_21_full_select\CheckedOMRs\MX-M            
                    3658N_20260731_123655_021.png'                             
           INFO     Read Response:                                 entry.py:289
                    {'id5': '6', 'q6': 'C', 'q9': 'BD', 'id4':                 
                    '5', 'id1': '1', 'id8': '3', 'q5': 'B', 'id6':             
                    '3', 'q8': 'B', 'q7': 'D', 'q11': 'ACD', 'q4':             
                    'B', 'q10': 'AC', 'id7': '7', 'q2': 'C', 'q3':             
                    'C', 'id3': '1', 'q1': 'AC', 'id2': '3'}                   
           INFO     (/21) Processed file:                          entry.py:303
                    'MX-M3658N_20260731_123655_021.png'                        
           INFO                                                    entry.py:397
           INFO     Total file(s) moved        : 0                 entry.py:398
           INFO     Total file(s) not moved    : 21                entry.py:399
           INFO     --------------------------------               entry.py:400
           INFO     Total file(s) processed    : 21 (Sum Tallied!) entry.py:401
           INFO                                                    entry.py:406
                    Finished Checking 21 file(s) in 2.7 seconds                
                    i.e. ~0.0 minute(s).                                       
           INFO     OMR Processing Rate        :     ~ 0.13        entry.py:409
                    seconds/OMR                                                
           INFO     OMR Processing Speed       :     ~ 463.24      entry.py:412
                    OMRs/minute                                                
           INFO                                                    entry.py:419
                    Tip: To see some awesome visuals, open                     
                    config.json and increase 'show_image_level'                
