[15:01:52] INFO     Loading OMRChecker modules...                 __init__.py:5
[15:01:53] INFO     Loading processors from "src.processors"...   manager.py:53
           INFO     Loaded processors: ['CropOnMarkers',          manager.py:76
                    'CropPage', 'FeatureBasedAlignment',                       
                    'GaussianBlur', 'Levels', 'MedianBlur']                    
           INFO     Loading config.json: inputs\config.json   validations.py:84
           INFO     Loading template.json:                    validations.py:49
                    inputs\template.json                                       
           INFO     Checking Directories...                          file.py:34
           INFO     Created :                                        file.py:37
                    outputs_inputs_56_current_params\CheckedOMRs               
           INFO     Created :                                        file.py:45
                    outputs_inputs_56_current_params\Manual                    
           INFO     Created :                                        file.py:45
                    outputs_inputs_56_current_params\Results                   
           INFO     Created :                                        file.py:45
                    outputs_inputs_56_current_params\Evaluation                
           INFO     Created :                                        file.py:50
                    outputs_inputs_56_current_params\Manual\MultiMar           
                    kedFiles                                                   
           INFO     Created :                                        file.py:50
                    outputs_inputs_56_current_params\Manual\ErrorFil           
                    es                                                         
           INFO     Checking Files...                                file.py:57
           INFO     Created new file:                                file.py:80
                    'outputs_inputs_56_current_params\Results\Result           
                    s_03PM.csv'                                                
           INFO     Created new file:                                file.py:80
                    'outputs_inputs_56_current_params\Manual\MultiMa           
                    rkedFiles.csv'                                             
           INFO     Created new file:                                file.py:80
                    'outputs_inputs_56_current_params\Manual\ErrorFi           
                    les.csv'                                                   
           INFO                                                     entry.py:53
                            Current Configurations                             
              +-------------------------------------------------+              
              | Directory Path          | inputs                |              
              | Count of Images         | 56                    |              
              | Set Layout Mode         | OFF                   |              
              | Markers Detection       | OFF                   |              
              | Auto Alignment          | False                 |              
              | Detected Template Path  | inputs\template.json  |              
              | Detected Local Config   | inputs\config.json    |              
              | Detected pre-processors | FeatureBasedAlignment |              
              +-------------------------------------------------+              
           INFO     Processing PDF                                 image.py:212
                    'MX-M3658N_20260731_160125_001.pdf'                        
                    (pdf_dpi=144, pdf_page=1)                                  
           INFO                                                    entry.py:234
           INFO     (1) Opening image:                             entry.py:235
                    'MX-M3658N_20260731_160125_001.png'                        
                    Resolution: (1682, 1190)                                   
           INFO     Thresholding:   global_thr: 200                 core.py:419
                    global_std_THR: 200                                        
           INFO     Saving Image to                                 image.py:24
                    'outputs_inputs_56_current_params\CheckedOMRs\M            
                    X-M3658N_20260731_160125_001.png'                          
           INFO     Read Response:                                 entry.py:289
                    {'id4': '2', 'q2': 'B', 'q11': 'AB', 'id3':                
                    '4', 'q6': 'C', 'id6': '5', 'q7': 'B', 'q9':               
                    'AC', 'id2': '7', 'q4': 'A', 'id5': '3',                   
                    'id7': '6', 'q1': 'A', 'q3': 'C', 'q10': 'BD',             
                    'q5': 'B', 'q8': 'D', 'id8': '4', 'id1': '2'}              
           INFO     (/1) Processed file:                           entry.py:303
                    'MX-M3658N_20260731_160125_001.png'                        
           INFO     Processing PDF                                 image.py:212
                    'MX-M3658N_20260731_160125_002.pdf'                        
                    (pdf_dpi=144, pdf_page=1)                                  
           INFO                                                    entry.py:234
           INFO     (2) Opening image:                             entry.py:235
                    'MX-M3658N_20260731_160125_002.png'                        
                    Resolution: (1682, 1190)                                   
[15:01:54] INFO     Thresholding:   global_thr: 200                 core.py:419
                    global_std_THR: 200                                        
           INFO     Saving Image to                                 image.py:24
                    'outputs_inputs_56_current_params\CheckedOMRs\M            
                    X-M3658N_20260731_160125_002.png'                          
           INFO     Read Response:                                 entry.py:289
                    {'id4': '6', 'q2': 'A', 'q11': 'BC', 'id3':                
                    '2', 'q6': 'B', 'id6': '2', 'q7': 'A', 'q9':               
                    'BD', 'id2': '0', 'q4': 'B', 'id5': '1',                   
                    'id7': '2', 'q1': 'D', 'q3': 'C', 'q10': 'AD',             
                    'q5': 'C', 'q8': 'D', 'id8': '4', 'id1': '2'}              
           INFO     (/2) Processed file:                           entry.py:303
                    'MX-M3658N_20260731_160125_002.png'                        
           INFO     Processing PDF                                 image.py:212
                    'MX-M3658N_20260731_160125_003.pdf'                        
                    (pdf_dpi=144, pdf_page=1)                                  
           INFO                                                    entry.py:234
           INFO     (3) Opening image:                             entry.py:235
                    'MX-M3658N_20260731_160125_003.png'                        
                    Resolution: (1682, 1190)                                   
           INFO     Thresholding:   global_thr: 200                 core.py:419
                    global_std_THR: 200                                        
           INFO     Saving Image to                                 image.py:24
                    'outputs_inputs_56_current_params\CheckedOMRs\M            
                    X-M3658N_20260731_160125_003.png'                          
           INFO     Read Response:                                 entry.py:289
                    {'id4': '4', 'q2': 'A', 'q11': 'AD', 'id3':                
                    '0', 'q6': 'B', 'id6': '3', 'q7': 'D', 'q9':               
                    'BC', 'id2': '5', 'q4': 'A', 'id5': '0',                   
                    'id7': '1', 'q1': 'C', 'q3': 'B', 'q10': 'AD',             
                    'q5': 'B', 'q8': 'D', 'id8': '1', 'id1': '2'}              
           INFO     (/3) Processed file:                           entry.py:303
                    'MX-M3658N_20260731_160125_003.png'                        
           INFO     Processing PDF                                 image.py:212
                    'MX-M3658N_20260731_160125_004.pdf'                        
                    (pdf_dpi=144, pdf_page=1)                                  
           INFO                                                    entry.py:234
           INFO     (4) Opening image:                             entry.py:235
                    'MX-M3658N_20260731_160125_004.png'                        
                    Resolution: (1682, 1190)                                   
           INFO     Thresholding:   global_thr: 200                 core.py:419
                    global_std_THR: 200                                        
           INFO     Saving Image to                                 image.py:24
                    'outputs_inputs_56_current_params\CheckedOMRs\M            
                    X-M3658N_20260731_160125_004.png'                          
           INFO     Read Response:                                 entry.py:289
                    {'id4': '3', 'q2': 'B', 'q11': 'AD', 'id3':                
                    '2', 'q6': 'B', 'id6': '4', 'q7': 'D', 'q9':               
                    'AB', 'id2': '4', 'q4': 'A', 'id5': '6',                   
                    'id7': '2', 'q1': 'A', 'q3': 'B', 'q10': 'BC',             
                    'q5': 'C', 'q8': 'D', 'id8': '1', 'id1': '0'}              
           INFO     (/4) Processed file:                           entry.py:303
                    'MX-M3658N_20260731_160125_004.png'                        
           INFO     Processing PDF                                 image.py:212
                    'MX-M3658N_20260731_160125_005.pdf'                        
                    (pdf_dpi=144, pdf_page=1)                                  
           INFO                                                    entry.py:234
           INFO     (5) Opening image:                             entry.py:235
                    'MX-M3658N_20260731_160125_005.png'                        
                    Resolution: (1682, 1190)                                   
           INFO     Thresholding:   global_thr: 151.72              core.py:419
                    global_std_THR: 200                                        
           INFO     Saving Image to                                 image.py:24
                    'outputs_inputs_56_current_params\CheckedOMRs\M            
                    X-M3658N_20260731_160125_005.png'                          
           INFO     Read Response:                                 entry.py:289
                    {'id4': '0', 'q2': 'C', 'q11': 'AC', 'id3':                
                    '8', 'q6': 'A', 'id6': '7', 'q7': 'D', 'q9':               
                    'AC', 'id2': '5', 'q4': 'C', 'id5': '3',                   
                    'id7': '1', 'q1': 'C', 'q3': 'C', 'q10':                   
                    'BCD', 'q5': 'A', 'q8': 'B', 'id8': '', 'id1':             
                    '2'}                                                       
           INFO     (/5) Processed file:                           entry.py:303
                    'MX-M3658N_20260731_160125_005.png'                        
           INFO     Processing PDF                                 image.py:212
                    'MX-M3658N_20260731_160125_006.pdf'                        
                    (pdf_dpi=144, pdf_page=1)                                  
           INFO                                                    entry.py:234
           INFO     (6) Opening image:                             entry.py:235
                    'MX-M3658N_20260731_160125_006.png'                        
                    Resolution: (1682, 1190)                                   
           INFO     Thresholding:   global_thr: 183.75              core.py:419
                    global_std_THR: 200                                        
           INFO     Saving Image to                                 image.py:24
                    'outputs_inputs_56_current_params\CheckedOMRs\M            
                    X-M3658N_20260731_160125_006.png'                          
           INFO     Read Response:                                 entry.py:289
                    {'id4': '6', 'q2': 'B', 'q11': 'ABCD', 'id3':              
                    '2', 'q6': 'B', 'id6': '4', 'q7': 'D', 'q9':               
                    'AB', 'id2': '0', 'q4': 'A', 'id5': '0',                   
                    'id7': '1', 'q1': 'A', 'q3': 'C', 'q10':                   
                    'BCD', 'q5': 'B', 'q8': 'D', 'id8': '7',                   
                    'id1': '2'}                                                
           INFO     (/6) Processed file:                           entry.py:303
                    'MX-M3658N_20260731_160125_006.png'                        
           INFO     Processing PDF                                 image.py:212
                    'MX-M3658N_20260731_160125_007.pdf'                        
                    (pdf_dpi=144, pdf_page=1)                                  
           INFO                                                    entry.py:234
           INFO     (7) Opening image:                             entry.py:235
                    'MX-M3658N_20260731_160125_007.png'                        
                    Resolution: (1682, 1190)                                   
           INFO     Thresholding:   global_thr: 121.87              core.py:419
                    global_std_THR: 200                                        
           INFO     Saving Image to                                 image.py:24
                    'outputs_inputs_56_current_params\CheckedOMRs\M            
                    X-M3658N_20260731_160125_007.png'                          
           INFO     Read Response:                                 entry.py:289
                    {'id4': '7', 'q2': 'A', 'q11': 'AB', 'id3':                
                    '5', 'q6': 'D', 'id6': '9', 'q7': 'B', 'q9':               
                    'ABD', 'id2': '6', 'q4': 'C', 'id5': '2',                  
                    'id7': '4', 'q1': 'C', 'q3': 'B', 'q10':                   
                    'BCD', 'q5': 'A', 'q8': 'A', 'id8': '1',                   
                    'id1': '3'}                                                
           INFO     (/7) Processed file:                           entry.py:303
                    'MX-M3658N_20260731_160125_007.png'                        
           INFO     Processing PDF                                 image.py:212
                    'MX-M3658N_20260731_160125_008.pdf'                        
                    (pdf_dpi=144, pdf_page=1)                                  
           INFO                                                    entry.py:234
           INFO     (8) Opening image:                             entry.py:235
                    'MX-M3658N_20260731_160125_008.png'                        
                    Resolution: (1682, 1190)                                   
           INFO     Thresholding:   global_thr: 183.1               core.py:419
                    global_std_THR: 200                                        
           INFO     Saving Image to                                 image.py:24
                    'outputs_inputs_56_current_params\CheckedOMRs\M            
                    X-M3658N_20260731_160125_008.png'                          
           INFO     Read Response:                                 entry.py:289
                    {'id4': '3', 'q2': 'C', 'q11': 'CD', 'id3':                
                    '4', 'q6': 'A', 'id6': '6', 'q7': 'D', 'q9':               
                    'ACD', 'id2': '3', 'q4': 'D', 'id5': '7',                  
                    'id7': '0', 'q1': 'A', 'q3': 'C', 'q10': 'BC',             
                    'q5': 'A', 'q8': 'B', 'id8': '1', 'id1': '2'}              
           INFO     (/8) Processed file:                           entry.py:303
                    'MX-M3658N_20260731_160125_008.png'                        
           INFO     Processing PDF                                 image.py:212
                    'MX-M3658N_20260731_160125_009.pdf'                        
                    (pdf_dpi=144, pdf_page=1)                                  
           INFO                                                    entry.py:234
           INFO     (9) Opening image:                             entry.py:235
                    'MX-M3658N_20260731_160125_009.png'                        
                    Resolution: (1682, 1190)                                   
           INFO     Thresholding:   global_thr: 184.29              core.py:419
                    global_std_THR: 200                                        
           INFO     Saving Image to                                 image.py:24
                    'outputs_inputs_56_current_params\CheckedOMRs\M            
                    X-M3658N_20260731_160125_009.png'                          
           INFO     Read Response:                                 entry.py:289
                    {'id4': '5', 'q2': 'A', 'q11': 'AB', 'id3':                
                    '3', 'q6': 'A', 'id6': '9', 'q7': 'C', 'q9':               
                    'BD', 'id2': '4', 'q4': 'A', 'id5': '9',                   
                    'id7': '7', 'q1': 'C', 'q3': 'B', 'q10': 'AD',             
                    'q5': 'D', 'q8': 'B', 'id8': '2', 'id1': '1'}              
           INFO     (/9) Processed file:                           entry.py:303
                    'MX-M3658N_20260731_160125_009.png'                        
           INFO     Processing PDF                                 image.py:212
                    'MX-M3658N_20260731_160125_010.pdf'                        
                    (pdf_dpi=144, pdf_page=1)                                  
           INFO                                                    entry.py:234
           INFO     (10) Opening image:                            entry.py:235
                    'MX-M3658N_20260731_160125_010.png'                        
                    Resolution: (1682, 1190)                                   
           INFO     Thresholding:   global_thr: 200                 core.py:419
                    global_std_THR: 200                                        
           INFO     Saving Image to                                 image.py:24
                    'outputs_inputs_56_current_params\CheckedOMRs\M            
                    X-M3658N_20260731_160125_010.png'                          
           INFO     Read Response:                                 entry.py:289
                    {'id4': '5', 'q2': 'A', 'q11': 'ABCD', 'id3':              
                    '4', 'q6': 'C', 'id6': '9', 'q7': 'B', 'q9':               
                    'AC', 'id2': '3', 'q4': 'A', 'id5': '7',                   
                    'id7': '4', 'q1': 'B', 'q3': 'C', 'q10':                   
                    'ABC', 'q5': 'D', 'q8': 'B', 'id8': '0',                   
                    'id1': '2'}                                                
           INFO     (/10) Processed file:                          entry.py:303
                    'MX-M3658N_20260731_160125_010.png'                        
           INFO     Processing PDF                                 image.py:212
                    'MX-M3658N_20260731_160125_011.pdf'                        
                    (pdf_dpi=144, pdf_page=1)                                  
           INFO                                                    entry.py:234
           INFO     (11) Opening image:                            entry.py:235
                    'MX-M3658N_20260731_160125_011.png'                        
                    Resolution: (1682, 1190)                                   
[15:01:55] INFO     Thresholding:   global_thr: 182.85              core.py:419
                    global_std_THR: 200                                        
           INFO     Saving Image to                                 image.py:24
                    'outputs_inputs_56_current_params\CheckedOMRs\M            
                    X-M3658N_20260731_160125_011.png'                          
           INFO     Read Response:                                 entry.py:289
                    {'id4': '3', 'q2': 'A', 'q11': 'CD', 'id3':                
                    '1', 'q6': 'C', 'id6': '6', 'q7': 'D', 'q9':               
                    'BD', 'id2': '4', 'q4': 'B', 'id5': '7',                   
                    'id7': '0', 'q1': 'B', 'q3': 'D', 'q10':                   
                    'ABC', 'q5': 'A', 'q8': 'B', 'id8': '9',                   
                    'id1': '2'}                                                
           INFO     (/11) Processed file:                          entry.py:303
                    'MX-M3658N_20260731_160125_011.png'                        
           INFO     Processing PDF                                 image.py:212
                    'MX-M3658N_20260731_160125_012.pdf'                        
                    (pdf_dpi=144, pdf_page=1)                                  
           INFO                                                    entry.py:234
           INFO     (12) Opening image:                            entry.py:235
                    'MX-M3658N_20260731_160125_012.png'                        
                    Resolution: (1682, 1190)                                   
           INFO     Thresholding:   global_thr: 122.57              core.py:419
                    global_std_THR: 200                                        
           WARNING  Weak multi full-select fallback: field 'q10' -> core.py:200
                    'ABCD' (max_mean=149.64,                                   
                    page_blank_baseline=224.55,                                
                    delta_from_page_blank=74.91, spread=7.05)                  
           INFO     Saving Image to                                 image.py:24
                    'outputs_inputs_56_current_params\CheckedOMRs\M            
                    X-M3658N_20260731_160125_012.png'                          
           INFO     Read Response:                                 entry.py:289
                    {'id4': '5', 'q2': 'C', 'q11': 'ACD', 'id3':               
                    '2', 'q6': 'D', 'id6': '6', 'q7': 'C', 'q9':               
                    'ABC', 'id2': '4', 'q4': 'D', 'id5': '7',                  
                    'id7': '3', 'q1': 'A', 'q3': 'B', 'q10':                   
                    'ABCD', 'q5': 'C', 'q8': 'B', 'id8': '3',                  
                    'id1': '1'}                                                
           INFO     (/12) Processed file:                          entry.py:303
                    'MX-M3658N_20260731_160125_012.png'                        
           INFO     Processing PDF                                 image.py:212
                    'MX-M3658N_20260731_160125_013.pdf'                        
                    (pdf_dpi=144, pdf_page=1)                                  
           INFO                                                    entry.py:234
           INFO     (13) Opening image:                            entry.py:235
                    'MX-M3658N_20260731_160125_013.png'                        
                    Resolution: (1682, 1190)                                   
           INFO     Thresholding:   global_thr: 182.38              core.py:419
                    global_std_THR: 200                                        
           INFO     Saving Image to                                 image.py:24
                    'outputs_inputs_56_current_params\CheckedOMRs\M            
                    X-M3658N_20260731_160125_013.png'                          
           INFO     Read Response:                                 entry.py:289
                    {'id4': '7', 'q2': 'C', 'q11': 'BCD', 'id3':               
                    '3', 'q6': 'C', 'id6': '5', 'q7': 'A', 'q9':               
                    'AC', 'id2': '4', 'q4': 'C', 'id5': '4',                   
                    'id7': '0', 'q1': 'B', 'q3': 'B', 'q10':                   
                    'ABC', 'q5': 'A', 'q8': 'D', 'id8': '6',                   
                    'id1': '2'}                                                
           INFO     (/13) Processed file:                          entry.py:303
                    'MX-M3658N_20260731_160125_013.png'                        
           INFO     Processing PDF                                 image.py:212
                    'MX-M3658N_20260731_160125_014.pdf'                        
                    (pdf_dpi=144, pdf_page=1)                                  
           INFO                                                    entry.py:234
           INFO     (14) Opening image:                            entry.py:235
                    'MX-M3658N_20260731_160125_014.png'                        
                    Resolution: (1682, 1190)                                   
           INFO     Thresholding:   global_thr: 200                 core.py:419
                    global_std_THR: 200                                        
           INFO     Saving Image to                                 image.py:24
                    'outputs_inputs_56_current_params\CheckedOMRs\M            
                    X-M3658N_20260731_160125_014.png'                          
           INFO     Read Response:                                 entry.py:289
                    {'id4': '4', 'q2': 'B', 'q11': 'BD', 'id3':                
                    '3', 'q6': 'D', 'id6': '0', 'q7': 'C', 'q9':               
                    'BD', 'id2': '2', 'q4': 'C', 'id5': '2',                   
                    'id7': '4', 'q1': 'A', 'q3': 'B', 'q10':                   
                    'ABC', 'q5': 'C', 'q8': 'B', 'id8': '7',                   
                    'id1': '0'}                                                
           INFO     (/14) Processed file:                          entry.py:303
                    'MX-M3658N_20260731_160125_014.png'                        
           INFO     Processing PDF                                 image.py:212
                    'MX-M3658N_20260731_160125_015.pdf'                        
                    (pdf_dpi=144, pdf_page=1)                                  
           INFO                                                    entry.py:234
           INFO     (15) Opening image:                            entry.py:235
                    'MX-M3658N_20260731_160125_015.png'                        
                    Resolution: (1682, 1190)                                   
           INFO     Thresholding:   global_thr: 200                 core.py:419
                    global_std_THR: 200                                        
           INFO     Saving Image to                                 image.py:24
                    'outputs_inputs_56_current_params\CheckedOMRs\M            
                    X-M3658N_20260731_160125_015.png'                          
           INFO     Read Response:                                 entry.py:289
                    {'id4': '3', 'q2': 'B', 'q11': 'BCD', 'id3':               
                    '9', 'q6': 'C', 'id6': '1', 'q7': 'B', 'q9':               
                    'BD', 'id2': '4', 'q4': 'A', 'id5': '5',                   
                    'id7': '7', 'q1': 'A', 'q3': 'C', 'q10': 'AD',             
                    'q5': 'C', 'q8': 'D', 'id8': '0', 'id1': '3'}              
           INFO     (/15) Processed file:                          entry.py:303
                    'MX-M3658N_20260731_160125_015.png'                        
           INFO     Processing PDF                                 image.py:212
                    'MX-M3658N_20260731_160125_016.pdf'                        
                    (pdf_dpi=144, pdf_page=1)                                  
           INFO                                                    entry.py:234
           INFO     (16) Opening image:                            entry.py:235
                    'MX-M3658N_20260731_160125_016.png'                        
                    Resolution: (1682, 1190)                                   
           INFO     Thresholding:   global_thr: 200                 core.py:419
                    global_std_THR: 200                                        
           INFO     Saving Image to                                 image.py:24
                    'outputs_inputs_56_current_params\CheckedOMRs\M            
                    X-M3658N_20260731_160125_016.png'                          
           INFO     Read Response:                                 entry.py:289
                    {'id4': '4', 'q2': 'C', 'q11': 'BD', 'id3':                
                    '0', 'q6': 'A', 'id6': '2', 'q7': 'B', 'q9':               
                    'CD', 'id2': '1', 'q4': 'CD', 'id5': '6',                  
                    'id7': '6', 'q1': 'B', 'q3': 'D', 'q10': 'AC',             
                    'q5': 'B', 'q8': 'B', 'id8': '8', 'id1': '6'}              
           INFO     (/16) Processed file:                          entry.py:303
                    'MX-M3658N_20260731_160125_016.png'                        
           INFO     Processing PDF                                 image.py:212
                    'MX-M3658N_20260731_160125_017.pdf'                        
                    (pdf_dpi=144, pdf_page=1)                                  
           INFO                                                    entry.py:234
           INFO     (17) Opening image:                            entry.py:235
                    'MX-M3658N_20260731_160125_017.png'                        
                    Resolution: (1682, 1190)                                   
           INFO     Thresholding:   global_thr: 200                 core.py:419
                    global_std_THR: 200                                        
           INFO     Saving Image to                                 image.py:24
                    'outputs_inputs_56_current_params\CheckedOMRs\M            
                    X-M3658N_20260731_160125_017.png'                          
           INFO     Read Response:                                 entry.py:289
                    {'id4': '5', 'q2': 'B', 'q11': 'ABD', 'id3':               
                    '3', 'q6': 'C', 'id6': '5', 'q7': 'B', 'q9':               
                    'CD', 'id2': '0', 'q4': 'B', 'id5': '7',                   
                    'id7': '3', 'q1': 'A', 'q3': 'B', 'q10': 'AC',             
                    'q5': 'C', 'q8': 'D', 'id8': '5', 'id1': '4'}              
           INFO     (/17) Processed file:                          entry.py:303
                    'MX-M3658N_20260731_160125_017.png'                        
           INFO     Processing PDF                                 image.py:212
                    'MX-M3658N_20260731_160125_018.pdf'                        
                    (pdf_dpi=144, pdf_page=1)                                  
           INFO                                                    entry.py:234
           INFO     (18) Opening image:                            entry.py:235
                    'MX-M3658N_20260731_160125_018.png'                        
                    Resolution: (1682, 1190)                                   
           INFO     Thresholding:   global_thr: 122.56              core.py:419
                    global_std_THR: 200                                        
           INFO     Saving Image to                                 image.py:24
                    'outputs_inputs_56_current_params\CheckedOMRs\M            
                    X-M3658N_20260731_160125_018.png'                          
           INFO     Read Response:                                 entry.py:289
                    {'id4': '5', 'q2': 'C', 'q11': 'ABC', 'id3':               
                    '4', 'q6': 'C', 'id6': '9', 'q7': 'B', 'q9':               
                    'BC', 'id2': '1', 'q4': 'D', 'id5': '7',                   
                    'id7': '0', 'q1': 'B', 'q3': 'A', 'q10':                   
                    'BCD', 'q5': 'A', 'q8': 'D', 'id8': '6',                   
                    'id1': '2'}                                                
           INFO     (/18) Processed file:                          entry.py:303
                    'MX-M3658N_20260731_160125_018.png'                        
           INFO     Processing PDF                                 image.py:212
                    'MX-M3658N_20260731_160125_019.pdf'                        
                    (pdf_dpi=144, pdf_page=1)                                  
           INFO                                                    entry.py:234
           INFO     (19) Opening image:                            entry.py:235
                    'MX-M3658N_20260731_160125_019.png'                        
                    Resolution: (1682, 1190)                                   
           INFO     Thresholding:   global_thr: 200                 core.py:419
                    global_std_THR: 200                                        
           INFO     Saving Image to                                 image.py:24
                    'outputs_inputs_56_current_params\CheckedOMRs\M            
                    X-M3658N_20260731_160125_019.png'                          
           INFO     Read Response:                                 entry.py:289
                    {'id4': '8', 'q2': 'A', 'q11': 'ABCD', 'id3':              
                    '7', 'q6': 'C', 'id6': '0', 'q7': 'C', 'q9':               
                    'ABC', 'id2': '4', 'q4': 'A', 'id5': '9',                  
                    'id7': '2', 'q1': 'B', 'q3': 'C', 'q10':                   
                    'BCD', 'q5': 'B', 'q8': 'D', 'id8': '5',                   
                    'id1': '3'}                                                
           INFO     (/19) Processed file:                          entry.py:303
                    'MX-M3658N_20260731_160125_019.png'                        
           INFO     Processing PDF                                 image.py:212
                    'MX-M3658N_20260731_160125_020.pdf'                        
                    (pdf_dpi=144, pdf_page=1)                                  
[15:01:56] INFO                                                    entry.py:234
           INFO     (20) Opening image:                            entry.py:235
                    'MX-M3658N_20260731_160125_020.png'                        
                    Resolution: (1682, 1190)                                   
           INFO     Thresholding:   global_thr: 200                 core.py:419
                    global_std_THR: 200                                        
           INFO     Saving Image to                                 image.py:24
                    'outputs_inputs_56_current_params\CheckedOMRs\M            
                    X-M3658N_20260731_160125_020.png'                          
           INFO     Read Response:                                 entry.py:289
                    {'id4': '0', 'q2': 'A', 'q11': 'ABC', 'id3':               
                    '8', 'q6': 'B', 'id6': '1', 'q7': 'C', 'q9':               
                    'ABC', 'id2': '7', 'q4': 'D', 'id5': '9',                  
                    'id7': '3', 'q1': 'C', 'q3': 'D', 'q10': 'CD',             
                    'q5': 'A', 'q8': 'C', 'id8': '5', 'id1': '4'}              
           INFO     (/20) Processed file:                          entry.py:303
                    'MX-M3658N_20260731_160125_020.png'                        
           INFO     Processing PDF                                 image.py:212
                    'MX-M3658N_20260731_160125_021.pdf'                        
                    (pdf_dpi=144, pdf_page=1)                                  
           INFO                                                    entry.py:234
           INFO     (21) Opening image:                            entry.py:235
                    'MX-M3658N_20260731_160125_021.png'                        
                    Resolution: (1682, 1190)                                   
           INFO     Thresholding:   global_thr: 112.87              core.py:419
                    global_std_THR: 200                                        
           INFO     Saving Image to                                 image.py:24
                    'outputs_inputs_56_current_params\CheckedOMRs\M            
                    X-M3658N_20260731_160125_021.png'                          
           INFO     Read Response:                                 entry.py:289
                    {'id4': '4', 'q2': 'AC', 'q11': 'BCD', 'id3':              
                    '7', 'q6': 'B', 'id6': '6', 'q7': 'D', 'q9':               
                    'AD', 'id2': '3', 'q4': 'C', 'id5': '5',                   
                    'id7': '0', 'q1': 'C', 'q3': 'A', 'q10': 'AB',             
                    'q5': 'A', 'q8': 'B', 'id8': '9', 'id1': '2'}              
           INFO     (/21) Processed file:                          entry.py:303
                    'MX-M3658N_20260731_160125_021.png'                        
           INFO     Processing PDF                                 image.py:212
                    'MX-M3658N_20260731_160125_022.pdf'                        
                    (pdf_dpi=144, pdf_page=1)                                  
           INFO                                                    entry.py:234
           INFO     (22) Opening image:                            entry.py:235
                    'MX-M3658N_20260731_160125_022.png'                        
                    Resolution: (1682, 1190)                                   
           INFO     Thresholding:   global_thr: 116.72              core.py:419
                    global_std_THR: 200                                        
           INFO     Saving Image to                                 image.py:24
                    'outputs_inputs_56_current_params\CheckedOMRs\M            
                    X-M3658N_20260731_160125_022.png'                          
           INFO     Read Response:                                 entry.py:289
                    {'id4': '7', 'q2': 'A', 'q11': 'ABC', 'id3':               
                    '9', 'q6': 'C', 'id6': '6', 'q7': 'A', 'q9':               
                    'ABC', 'id2': '3', 'q4': 'C', 'id5': '0',                  
                    'id7': '8', 'q1': 'D', 'q3': 'B', 'q10':                   
                    'BCD', 'q5': 'A', 'q8': 'D', 'id8': '5',                   
                    'id1': '3'}                                                
           INFO     (/22) Processed file:                          entry.py:303
                    'MX-M3658N_20260731_160125_022.png'                        
           INFO     Processing PDF                                 image.py:212
                    'MX-M3658N_20260731_160125_023.pdf'                        
                    (pdf_dpi=144, pdf_page=1)                                  
           INFO                                                    entry.py:234
           INFO     (23) Opening image:                            entry.py:235
                    'MX-M3658N_20260731_160125_023.png'                        
                    Resolution: (1682, 1190)                                   
           INFO     Thresholding:   global_thr: 200                 core.py:419
                    global_std_THR: 200                                        
           INFO     Saving Image to                                 image.py:24
                    'outputs_inputs_56_current_params\CheckedOMRs\M            
                    X-M3658N_20260731_160125_023.png'                          
           INFO     Read Response:                                 entry.py:289
                    {'id4': '7', 'q2': 'A', 'q11': 'ABC', 'id3':               
                    '3', 'q6': 'C', 'id6': '1', 'q7': 'B', 'q9':               
                    'BC', 'id2': '9', 'q4': 'B', 'id5': '4',                   
                    'id7': '2', 'q1': 'B', 'q3': 'D', 'q10':                   
                    'BCD', 'q5': 'D', 'q8': 'C', 'id8': '8',                   
                    'id1': '0'}                                                
           INFO     (/23) Processed file:                          entry.py:303
                    'MX-M3658N_20260731_160125_023.png'                        
           INFO     Processing PDF                                 image.py:212
                    'MX-M3658N_20260731_160125_024.pdf'                        
                    (pdf_dpi=144, pdf_page=1)                                  
           INFO                                                    entry.py:234
           INFO     (24) Opening image:                            entry.py:235
                    'MX-M3658N_20260731_160125_024.png'                        
                    Resolution: (1682, 1190)                                   
           INFO     Thresholding:   global_thr: 182.6               core.py:419
                    global_std_THR: 200                                        
           INFO     Saving Image to                                 image.py:24
                    'outputs_inputs_56_current_params\CheckedOMRs\M            
                    X-M3658N_20260731_160125_024.png'                          
           INFO     Read Response:                                 entry.py:289
                    {'id4': '6', 'q2': 'A', 'q11': 'BCD', 'id3':               
                    '0', 'q6': 'D', 'id6': '7', 'q7': 'B', 'q9':               
                    'CD', 'id2': '4', 'q4': 'D', 'id5': '5',                   
                    'id7': '2', 'q1': 'C', 'q3': 'C', 'q10':                   
                    'ABC', 'q5': 'C', 'q8': 'A', 'id8': '8',                   
                    'id1': '2'}                                                
           INFO     (/24) Processed file:                          entry.py:303
                    'MX-M3658N_20260731_160125_024.png'                        
           INFO     Processing PDF                                 image.py:212
                    'MX-M3658N_20260731_160125_025.pdf'                        
                    (pdf_dpi=144, pdf_page=1)                                  
           INFO                                                    entry.py:234
           INFO     (25) Opening image:                            entry.py:235
                    'MX-M3658N_20260731_160125_025.png'                        
                    Resolution: (1682, 1190)                                   
           INFO     Thresholding:   global_thr: 200                 core.py:419
                    global_std_THR: 200                                        
           INFO     Saving Image to                                 image.py:24
                    'outputs_inputs_56_current_params\CheckedOMRs\M            
                    X-M3658N_20260731_160125_025.png'                          
           INFO     Read Response:                                 entry.py:289
                    {'id4': '4', 'q2': 'D', 'q11': 'BCD', 'id3':               
                    '1', 'q6': 'B', 'id6': '7', 'q7': 'C', 'q9':               
                    'AD', 'id2': '4', 'q4': 'B', 'id5': '6',                   
                    'id7': '3', 'q1': 'A', 'q3': 'C', 'q10': 'BD',             
                    'q5': 'B', 'q8': 'A', 'id8': '5', 'id1': '1'}              
           INFO     (/25) Processed file:                          entry.py:303
                    'MX-M3658N_20260731_160125_025.png'                        
           INFO     Processing PDF                                 image.py:212
                    'MX-M3658N_20260731_160125_026.pdf'                        
                    (pdf_dpi=144, pdf_page=1)                                  
           INFO                                                    entry.py:234
           INFO     (26) Opening image:                            entry.py:235
                    'MX-M3658N_20260731_160125_026.png'                        
                    Resolution: (1682, 1190)                                   
           INFO     Thresholding:   global_thr: 184.03              core.py:419
                    global_std_THR: 200                                        
           INFO     Saving Image to                                 image.py:24
                    'outputs_inputs_56_current_params\CheckedOMRs\M            
                    X-M3658N_20260731_160125_026.png'                          
           INFO     Read Response:                                 entry.py:289
                    {'id4': '5', 'q2': 'C', 'q11': 'ACD', 'id3':               
                    '1', 'q6': 'C', 'id6': '3', 'q7': 'D', 'q9':               
                    'BD', 'id2': '3', 'q4': 'B', 'id5': '6',                   
                    'id7': '7', 'q1': 'AC', 'q3': 'C', 'q10':                  
                    'AC', 'q5': 'B', 'q8': 'B', 'id8': '3', 'id1':             
                    '1'}                                                       
           INFO     (/26) Processed file:                          entry.py:303
                    'MX-M3658N_20260731_160125_026.png'                        
           INFO     Processing PDF                                 image.py:212
                    'MX-M3658N_20260731_160125_027.pdf'                        
                    (pdf_dpi=144, pdf_page=1)                                  
           INFO                                                    entry.py:234
           INFO     (27) Opening image:                            entry.py:235
                    'MX-M3658N_20260731_160125_027.png'                        
                    Resolution: (1682, 1190)                                   
           INFO     Thresholding:   global_thr: 181.56              core.py:419
                    global_std_THR: 200                                        
           INFO     Saving Image to                                 image.py:24
                    'outputs_inputs_56_current_params\CheckedOMRs\M            
                    X-M3658N_20260731_160125_027.png'                          
           INFO     Read Response:                                 entry.py:289
                    {'id4': '6', 'q2': 'B', 'q11': 'ABC', 'id3':               
                    '2', 'q6': 'C', 'id6': '8', 'q7': 'C', 'q9':               
                    'AC', 'id2': '0', 'q4': 'B', 'id5': '7',                   
                    'id7': '1', 'q1': 'A', 'q3': 'C', 'q10': 'CD',             
                    'q5': 'D', 'q8': 'D', 'id8': '1', 'id1': '2'}              
           INFO     (/27) Processed file:                          entry.py:303
                    'MX-M3658N_20260731_160125_027.png'                        
           INFO     Processing PDF                                 image.py:212
                    'MX-M3658N_20260731_160125_028.pdf'                        
                    (pdf_dpi=144, pdf_page=1)                                  
[15:01:57] INFO                                                    entry.py:234
           INFO     (28) Opening image:                            entry.py:235
                    'MX-M3658N_20260731_160125_028.png'                        
                    Resolution: (1682, 1190)                                   
           INFO     Thresholding:   global_thr: 200                 core.py:419
                    global_std_THR: 200                                        
           INFO     Saving Image to                                 image.py:24
                    'outputs_inputs_56_current_params\CheckedOMRs\M            
                    X-M3658N_20260731_160125_028.png'                          
           INFO     Read Response:                                 entry.py:289
                    {'id4': '6', 'q2': 'C', 'q11': 'ABCD', 'id3':              
                    '2', 'q6': 'B', 'id6': '1', 'q7': 'D', 'q9':               
                    'BCD', 'id2': '0', 'q4': 'B', 'id5': '0',                  
                    'id7': '3', 'q1': 'A', 'q3': 'A', 'q10':                   
                    'ABC', 'q5': 'A', 'q8': 'A', 'id8': '9',                   
                    'id1': '2'}                                                
           INFO     (/28) Processed file:                          entry.py:303
                    'MX-M3658N_20260731_160125_028.png'                        
           INFO     Processing PDF                                 image.py:212
                    'MX-M3658N_20260731_160125_029.pdf'                        
                    (pdf_dpi=144, pdf_page=1)                                  
           INFO                                                    entry.py:234
           INFO     (29) Opening image:                            entry.py:235
                    'MX-M3658N_20260731_160125_029.png'                        
                    Resolution: (1682, 1190)                                   
           INFO     Thresholding:   global_thr: 178.1               core.py:419
                    global_std_THR: 200                                        
           INFO     Saving Image to                                 image.py:24
                    'outputs_inputs_56_current_params\CheckedOMRs\M            
                    X-M3658N_20260731_160125_029.png'                          
           INFO     Read Response:                                 entry.py:289
                    {'id4': '6', 'q2': 'A', 'q11': 'CD', 'id3':                
                    '2', 'q6': 'C', 'id6': '1', 'q7': 'C', 'q9':               
                    'BCD', 'id2': '0', 'q4': 'C', 'id5': '0',                  
                    'id7': '3', 'q1': 'B', 'q3': 'A', 'q10':                   
                    'ABC', 'q5': 'A', 'q8': 'D', 'id8': '8',                   
                    'id1': '2'}                                                
           INFO     (/29) Processed file:                          entry.py:303
                    'MX-M3658N_20260731_160125_029.png'                        
           INFO     Processing PDF                                 image.py:212
                    'MX-M3658N_20260731_160125_030.pdf'                        
                    (pdf_dpi=144, pdf_page=1)                                  
           INFO                                                    entry.py:234
           INFO     (30) Opening image:                            entry.py:235
                    'MX-M3658N_20260731_160125_030.png'                        
                    Resolution: (1682, 1190)                                   
           INFO     Thresholding:   global_thr: 182.45              core.py:419
                    global_std_THR: 200                                        
           INFO     Saving Image to                                 image.py:24
                    'outputs_inputs_56_current_params\CheckedOMRs\M            
                    X-M3658N_20260731_160125_030.png'                          
           INFO     Read Response:                                 entry.py:289
                    {'id4': '4', 'q2': 'A', 'q11': 'BCD', 'id3':               
                    '2', 'q6': 'C', 'id6': '9', 'q7': 'B', 'q9':               
                    'ABCD', 'id2': '0', 'q4': 'A', 'id5': '5',                 
                    'id7': '8', 'q1': 'D', 'q3': 'C', 'q10': 'AC',             
                    'q5': 'C', 'q8': 'D', 'id8': '8', 'id1': '3'}              
           INFO     (/30) Processed file:                          entry.py:303
                    'MX-M3658N_20260731_160125_030.png'                        
           INFO     Processing PDF                                 image.py:212
                    'MX-M3658N_20260731_160125_031.pdf'                        
                    (pdf_dpi=144, pdf_page=1)                                  
           INFO                                                    entry.py:234
           INFO     (31) Opening image:                            entry.py:235
                    'MX-M3658N_20260731_160125_031.png'                        
                    Resolution: (1682, 1190)                                   
           INFO     Thresholding:   global_thr: 200                 core.py:419
                    global_std_THR: 200                                        
           INFO     Saving Image to                                 image.py:24
                    'outputs_inputs_56_current_params\CheckedOMRs\M            
                    X-M3658N_20260731_160125_031.png'                          
           INFO     Read Response:                                 entry.py:289
                    {'id4': '5', 'q2': 'A', 'q11': 'ABC', 'id3':               
                    '3', 'q6': 'D', 'id6': '0', 'q7': 'B', 'q9':               
                    'BCD', 'id2': '4', 'q4': 'A', 'id5': '7',                  
                    'id7': '9', 'q1': 'C', 'q3': 'C', 'q10': 'AB',             
                    'q5': 'D', 'q8': 'D', 'id8': '8', 'id1': '2'}              
           INFO     (/31) Processed file:                          entry.py:303
                    'MX-M3658N_20260731_160125_031.png'                        
           INFO     Processing PDF                                 image.py:212
                    'MX-M3658N_20260731_160125_032.pdf'                        
                    (pdf_dpi=144, pdf_page=1)                                  
           INFO                                                    entry.py:234
           INFO     (32) Opening image:                            entry.py:235
                    'MX-M3658N_20260731_160125_032.png'                        
                    Resolution: (1682, 1190)                                   
           INFO     Thresholding:   global_thr: 182.71              core.py:419
                    global_std_THR: 200                                        
           INFO     Saving Image to                                 image.py:24
                    'outputs_inputs_56_current_params\CheckedOMRs\M            
                    X-M3658N_20260731_160125_032.png'                          
           INFO     Read Response:                                 entry.py:289
                    {'id4': '9', 'q2': 'A', 'q11': 'CD', 'id3':                
                    '4', 'q6': 'D', 'id6': '8', 'q7': 'C', 'q9':               
                    'BCD', 'id2': '0', 'q4': 'D', 'id5': '5',                  
                    'id7': '7', 'q1': 'C', 'q3': 'D', 'q10': 'AB',             
                    'q5': 'A', 'q8': 'C', 'id8': '7', 'id1': '3'}              
           INFO     (/32) Processed file:                          entry.py:303
                    'MX-M3658N_20260731_160125_032.png'                        
           INFO     Processing PDF                                 image.py:212
                    'MX-M3658N_20260731_160125_033.pdf'                        
                    (pdf_dpi=144, pdf_page=1)                                  
           INFO                                                    entry.py:234
           INFO     (33) Opening image:                            entry.py:235
                    'MX-M3658N_20260731_160125_033.png'                        
                    Resolution: (1682, 1190)                                   
           INFO     Thresholding:   global_thr: 178.33              core.py:419
                    global_std_THR: 200                                        
           INFO     Saving Image to                                 image.py:24
                    'outputs_inputs_56_current_params\CheckedOMRs\M            
                    X-M3658N_20260731_160125_033.png'                          
           INFO     Read Response:                                 entry.py:289
                    {'id4': '9', 'q2': 'A', 'q11': 'CD', 'id3':                
                    '4', 'q6': 'C', 'id6': '8', 'q7': 'B', 'q9':               
                    'ABD', 'id2': '3', 'q4': 'C', 'id5': '5',                  
                    'id7': '7', 'q1': 'B', 'q3': 'D', 'q10': 'AB',             
                    'q5': 'A', 'q8': 'C', 'id8': '1', 'id1': '2'}              
           INFO     (/33) Processed file:                          entry.py:303
                    'MX-M3658N_20260731_160125_033.png'                        
           INFO     Processing PDF                                 image.py:212
                    'MX-M3658N_20260731_160125_034.pdf'                        
                    (pdf_dpi=144, pdf_page=1)                                  
           INFO                                                    entry.py:234
           INFO     (34) Opening image:                            entry.py:235
                    'MX-M3658N_20260731_160125_034.png'                        
                    Resolution: (1682, 1190)                                   
           INFO     Thresholding:   global_thr: 113.18              core.py:419
                    global_std_THR: 200                                        
           WARNING  Weak multi full-select fallback: field 'q11' -> core.py:200
                    'ABCD' (max_mean=148.05,                                   
                    page_blank_baseline=223.10,                                
                    delta_from_page_blank=75.05, spread=7.99)                  
           INFO     Saving Image to                                 image.py:24
                    'outputs_inputs_56_current_params\CheckedOMRs\M            
                    X-M3658N_20260731_160125_034.png'                          
           INFO     Read Response:                                 entry.py:289
                    {'id4': '7', 'q2': 'B', 'q11': 'ABCD', 'id3':              
                    '1', 'q6': 'C', 'id6': '4', 'q7': 'C', 'q9':               
                    'CD', 'id2': '0', 'q4': 'B', 'id5': '3',                   
                    'id7': '5', 'q1': 'D', 'q3': 'D', 'q10': 'AB',             
                    'q5': 'D', 'q8': 'C', 'id8': '5', 'id1': '2'}              
           INFO     (/34) Processed file:                          entry.py:303
                    'MX-M3658N_20260731_160125_034.png'                        
           INFO     Processing PDF                                 image.py:212
                    'MX-M3658N_20260731_160125_035.pdf'                        
                    (pdf_dpi=144, pdf_page=1)                                  
           INFO                                                    entry.py:234
           INFO     (35) Opening image:                            entry.py:235
                    'MX-M3658N_20260731_160125_035.png'                        
                    Resolution: (1682, 1190)                                   
           INFO     Thresholding:   global_thr: 180.81              core.py:419
                    global_std_THR: 200                                        
           INFO     Saving Image to                                 image.py:24
                    'outputs_inputs_56_current_params\CheckedOMRs\M            
                    X-M3658N_20260731_160125_035.png'                          
           INFO     Read Response:                                 entry.py:289
                    {'id4': '9', 'q2': 'C', 'q11': 'ABC', 'id3':               
                    '0', 'q6': 'B', 'id6': '3', 'q7': 'D', 'q9':               
                    'BC', 'id2': '4', 'q4': 'C', 'id5': '7',                   
                    'id7': '5', 'q1': 'B', 'q3': 'A', 'q10':                   
                    'ACD', 'q5': 'D', 'q8': 'D', 'id8': '8',                   
                    'id1': '2'}                                                
           INFO     (/35) Processed file:                          entry.py:303
                    'MX-M3658N_20260731_160125_035.png'                        
[15:01:58] INFO     Processing PDF                                 image.py:212
                    'MX-M3658N_20260731_160125_036.pdf'                        
                    (pdf_dpi=144, pdf_page=1)                                  
           INFO                                                    entry.py:234
           INFO     (36) Opening image:                            entry.py:235
                    'MX-M3658N_20260731_160125_036.png'                        
                    Resolution: (1682, 1190)                                   
           INFO     Thresholding:   global_thr: 185.66              core.py:419
                    global_std_THR: 200                                        
           INFO     Saving Image to                                 image.py:24
                    'outputs_inputs_56_current_params\CheckedOMRs\M            
                    X-M3658N_20260731_160125_036.png'                          
           INFO     Read Response:                                 entry.py:289
                    {'id4': '9', 'q2': 'A', 'q11': 'CD', 'id3':                
                    '4', 'q6': 'A', 'id6': '7', 'q7': 'D', 'q9':               
                    'CD', 'id2': '0', 'q4': 'B', 'id5': '3',                   
                    'id7': '5', 'q1': 'B', 'q3': 'B', 'q10': 'AD',             
                    'q5': 'D', 'q8': 'C', 'id8': '8', 'id1': '2'}              
           INFO     (/36) Processed file:                          entry.py:303
                    'MX-M3658N_20260731_160125_036.png'                        
           INFO     Processing PDF                                 image.py:212
                    'MX-M3658N_20260731_160125_037.pdf'                        
                    (pdf_dpi=144, pdf_page=1)                                  
           INFO                                                    entry.py:234
           INFO     (37) Opening image:                            entry.py:235
                    'MX-M3658N_20260731_160125_037.png'                        
                    Resolution: (1682, 1190)                                   
           INFO     Thresholding:   global_thr: 182.76              core.py:419
                    global_std_THR: 200                                        
           INFO     Saving Image to                                 image.py:24
                    'outputs_inputs_56_current_params\CheckedOMRs\M            
                    X-M3658N_20260731_160125_037.png'                          
           INFO     Read Response:                                 entry.py:289
                    {'id4': '6', 'q2': 'B', 'q11': 'BC', 'id3':                
                    '2', 'q6': 'D', 'id6': '3', 'q7': 'D', 'q9':               
                    'AB', 'id2': '0', 'q4': 'A', 'id5': '4',                   
                    'id7': '5', 'q1': 'C', 'q3': 'D', 'q10':                   
                    'BCD', 'q5': 'C', 'q8': 'A', 'id8': '7',                   
                    'id1': '2'}                                                
           INFO     (/37) Processed file:                          entry.py:303
                    'MX-M3658N_20260731_160125_037.png'                        
           INFO     Processing PDF                                 image.py:212
                    'MX-M3658N_20260731_160125_038.pdf'                        
                    (pdf_dpi=144, pdf_page=1)                                  
           INFO                                                    entry.py:234
           INFO     (38) Opening image:                            entry.py:235
                    'MX-M3658N_20260731_160125_038.png'                        
                    Resolution: (1682, 1190)                                   
           INFO     Thresholding:   global_thr: 111.18              core.py:419
                    global_std_THR: 200                                        
           INFO     Saving Image to                                 image.py:24
                    'outputs_inputs_56_current_params\CheckedOMRs\M            
                    X-M3658N_20260731_160125_038.png'                          
           INFO     Read Response:                                 entry.py:289
                    {'id4': '7', 'q2': 'B', 'q11': 'BCD', 'id3':               
                    '4', 'q6': 'C', 'id6': '4', 'q7': 'C', 'q9':               
                    'BC', 'id2': '0', 'q4': 'B', 'id5': '3',                   
                    'id7': '5', 'q1': 'D', 'q3': 'A', 'q10':                   
                    'ABC', 'q5': 'D', 'q8': 'D', 'id8': '9',                   
                    'id1': '2'}                                                
           INFO     (/38) Processed file:                          entry.py:303
                    'MX-M3658N_20260731_160125_038.png'                        
           INFO     Processing PDF                                 image.py:212
                    'MX-M3658N_20260731_160125_039.pdf'                        
                    (pdf_dpi=144, pdf_page=1)                                  
           INFO                                                    entry.py:234
           INFO     (39) Opening image:                            entry.py:235
                    'MX-M3658N_20260731_160125_039.png'                        
                    Resolution: (1682, 1190)                                   
           INFO     Thresholding:   global_thr: 184.42              core.py:419
                    global_std_THR: 200                                        
           INFO     Saving Image to                                 image.py:24
                    'outputs_inputs_56_current_params\CheckedOMRs\M            
                    X-M3658N_20260731_160125_039.png'                          
           INFO     Read Response:                                 entry.py:289
                    {'id4': '6', 'q2': 'A', 'q11': 'ABCD', 'id3':              
                    '2', 'q6': 'C', 'id6': '1', 'q7': 'B', 'q9':               
                    'BCD', 'id2': '0', 'q4': 'A', 'id5': '7',                  
                    'id7': '5', 'q1': 'B', 'q3': 'D', 'q10':                   
                    'ABC', 'q5': 'D', 'q8': 'B', 'id8': '8',                   
                    'id1': '2'}                                                
           INFO     (/39) Processed file:                          entry.py:303
                    'MX-M3658N_20260731_160125_039.png'                        
           INFO     Processing PDF                                 image.py:212
                    'MX-M3658N_20260731_160125_040.pdf'                        
                    (pdf_dpi=144, pdf_page=1)                                  
           INFO                                                    entry.py:234
           INFO     (40) Opening image:                            entry.py:235
                    'MX-M3658N_20260731_160125_040.png'                        
                    Resolution: (1682, 1190)                                   
           INFO     Thresholding:   global_thr: 183.14              core.py:419
                    global_std_THR: 200                                        
           INFO     Saving Image to                                 image.py:24
                    'outputs_inputs_56_current_params\CheckedOMRs\M            
                    X-M3658N_20260731_160125_040.png'                          
           INFO     Read Response:                                 entry.py:289
                    {'id4': '6', 'q2': 'C', 'q11': 'BD', 'id3':                
                    '2', 'q6': 'A', 'id6': '1', 'q7': 'B', 'q9':               
                    'CD', 'id2': '0', 'q4': 'C', 'id5': '0',                   
                    'id7': '4', 'q1': 'B', 'q3': 'D', 'q10': 'AD',             
                    'q5': 'B', 'q8': 'D', 'id8': '1', 'id1': '2'}              
           INFO     (/40) Processed file:                          entry.py:303
                    'MX-M3658N_20260731_160125_040.png'                        
           INFO     Processing PDF                                 image.py:212
                    'MX-M3658N_20260731_160125_041.pdf'                        
                    (pdf_dpi=144, pdf_page=1)                                  
           INFO                                                    entry.py:234
           INFO     (41) Opening image:                            entry.py:235
                    'MX-M3658N_20260731_160125_041.png'                        
                    Resolution: (1682, 1190)                                   
           INFO     Thresholding:   global_thr: 200                 core.py:419
                    global_std_THR: 200                                        
           INFO     Saving Image to                                 image.py:24
                    'outputs_inputs_56_current_params\CheckedOMRs\M            
                    X-M3658N_20260731_160125_041.png'                          
           INFO     Read Response:                                 entry.py:289
                    {'id4': '6', 'q2': 'C', 'q11': 'ABCD', 'id3':              
                    '2', 'q6': 'C', 'id6': '1', 'q7': 'C', 'q9':               
                    'AD', 'id2': '0', 'q4': 'B', 'id5': '0',                   
                    'id7': '4', 'q1': 'A', 'q3': 'B', 'q10': 'BD',             
                    'q5': 'C', 'q8': 'D', 'id8': '0', 'id1': '2'}              
           INFO     (/41) Processed file:                          entry.py:303
                    'MX-M3658N_20260731_160125_041.png'                        
           INFO     Processing PDF                                 image.py:212
                    'MX-M3658N_20260731_160125_042.pdf'                        
                    (pdf_dpi=144, pdf_page=1)                                  
           INFO                                                    entry.py:234
           INFO     (42) Opening image:                            entry.py:235
                    'MX-M3658N_20260731_160125_042.png'                        
                    Resolution: (1682, 1190)                                   
           INFO     Thresholding:   global_thr: 179.9               core.py:419
                    global_std_THR: 200                                        
           INFO     Saving Image to                                 image.py:24
                    'outputs_inputs_56_current_params\CheckedOMRs\M            
                    X-M3658N_20260731_160125_042.png'                          
           INFO     Read Response:                                 entry.py:289
                    {'id4': '0', 'q2': 'B', 'q11': 'AB', 'id3':                
                    '2', 'q6': 'D', 'id6': '1', 'q7': 'C', 'q9':               
                    'AC', 'id2': '3', 'q4': 'B', 'id5': '3',                   
                    'id7': '6', 'q1': 'D', 'q3': 'B', 'q10': 'BD',             
                    'q5': 'B', 'q8': 'C', 'id8': '9', 'id1': '6'}              
           INFO     (/42) Processed file:                          entry.py:303
                    'MX-M3658N_20260731_160125_042.png'                        
           INFO     Processing PDF                                 image.py:212
                    'MX-M3658N_20260731_160125_043.pdf'                        
                    (pdf_dpi=144, pdf_page=1)                                  
           INFO                                                    entry.py:234
           INFO     (43) Opening image:                            entry.py:235
                    'MX-M3658N_20260731_160125_043.png'                        
                    Resolution: (1682, 1190)                                   
           INFO     Thresholding:   global_thr: 177.62              core.py:419
                    global_std_THR: 200                                        
           INFO     Saving Image to                                 image.py:24
                    'outputs_inputs_56_current_params\CheckedOMRs\M            
                    X-M3658N_20260731_160125_043.png'                          
           INFO     Read Response:                                 entry.py:289
                    {'id4': '3', 'q2': 'C', 'q11': 'AD', 'id3':                
                    '5', 'q6': 'D', 'id6': '3', 'q7': 'D', 'q9':               
                    'ABCD', 'id2': '2', 'q4': 'B', 'id5': '9',                 
                    'id7': '0', 'q1': 'B', 'q3': 'C', 'q10': 'CD',             
                    'q5': 'B', 'q8': 'B', 'id8': '5', 'id1': '4'}              
           INFO     (/43) Processed file:                          entry.py:303
                    'MX-M3658N_20260731_160125_043.png'                        
           INFO     Processing PDF                                 image.py:212
                    'MX-M3658N_20260731_160125_044.pdf'                        
                    (pdf_dpi=144, pdf_page=1)                                  
[15:01:59] INFO                                                    entry.py:234
           INFO     (44) Opening image:                            entry.py:235
                    'MX-M3658N_20260731_160125_044.png'                        
                    Resolution: (1682, 1190)                                   
           INFO     Thresholding:   global_thr: 184.57              core.py:419
                    global_std_THR: 200                                        
           INFO     Saving Image to                                 image.py:24
                    'outputs_inputs_56_current_params\CheckedOMRs\M            
                    X-M3658N_20260731_160125_044.png'                          
           INFO     Read Response:                                 entry.py:289
                    {'id4': '4', 'q2': 'B', 'q11': 'CD', 'id3':                
                    '1', 'q6': 'C', 'id6': '4', 'q7': 'D', 'q9':               
                    'ABCD', 'id2': '6', 'q4': 'B', 'id5': '2',                 
                    'id7': '6', 'q1': 'A', 'q3': 'B', 'q10':                   
                    'ACD', 'q5': 'B', 'q8': 'D', 'id8': '4',                   
                    'id1': '8'}                                                
           INFO     (/44) Processed file:                          entry.py:303
                    'MX-M3658N_20260731_160125_044.png'                        
           INFO     Processing PDF                                 image.py:212
                    'MX-M3658N_20260731_160125_045.pdf'                        
                    (pdf_dpi=144, pdf_page=1)                                  
           INFO                                                    entry.py:234
           INFO     (45) Opening image:                            entry.py:235
                    'MX-M3658N_20260731_160125_045.png'                        
                    Resolution: (1682, 1190)                                   
           INFO     Thresholding:   global_thr: 177.44              core.py:419
                    global_std_THR: 200                                        
           INFO     Saving Image to                                 image.py:24
                    'outputs_inputs_56_current_params\CheckedOMRs\M            
                    X-M3658N_20260731_160125_045.png'                          
           INFO     Read Response:                                 entry.py:289
                    {'id4': '7', 'q2': 'B', 'q11': 'ABD', 'id3':               
                    '5', 'q6': 'D', 'id6': '1', 'q7': 'B', 'q9':               
                    'BC', 'id2': '1', 'q4': 'D', 'id5': '4',                   
                    'id7': '6', 'q1': 'C', 'q3': 'C', 'q10': 'BD',             
                    'q5': 'C', 'q8': 'B', 'id8': '3', 'id1': '7'}              
           INFO     (/45) Processed file:                          entry.py:303
                    'MX-M3658N_20260731_160125_045.png'                        
           INFO     Processing PDF                                 image.py:212
                    'MX-M3658N_20260731_160125_046.pdf'                        
                    (pdf_dpi=144, pdf_page=1)                                  
           INFO                                                    entry.py:234
           INFO     (46) Opening image:                            entry.py:235
                    'MX-M3658N_20260731_160125_046.png'                        
                    Resolution: (1682, 1190)                                   
           INFO     Thresholding:   global_thr: 178.71              core.py:419
                    global_std_THR: 200                                        
           INFO     Saving Image to                                 image.py:24
                    'outputs_inputs_56_current_params\CheckedOMRs\M            
                    X-M3658N_20260731_160125_046.png'                          
           INFO     Read Response:                                 entry.py:289
                    {'id4': '6', 'q2': 'A', 'q11': 'AC', 'id3':                
                    '1', 'q6': 'B', 'id6': '2', 'q7': 'C', 'q9':               
                    'AD', 'id2': '3', 'q4': 'C', 'id5': '4',                   
                    'id7': '5', 'q1': 'D', 'q3': 'B', 'q10': 'CD',             
                    'q5': 'A', 'q8': 'B', 'id8': '6', 'id1': '7'}              
           INFO     (/46) Processed file:                          entry.py:303
                    'MX-M3658N_20260731_160125_046.png'                        
           INFO     Processing PDF                                 image.py:212
                    'MX-M3658N_20260731_160125_047.pdf'                        
                    (pdf_dpi=144, pdf_page=1)                                  
           INFO                                                    entry.py:234
           INFO     (47) Opening image:                            entry.py:235
                    'MX-M3658N_20260731_160125_047.png'                        
                    Resolution: (1682, 1190)                                   
           INFO     Thresholding:   global_thr: 200                 core.py:419
                    global_std_THR: 200                                        
           INFO     Saving Image to                                 image.py:24
                    'outputs_inputs_56_current_params\CheckedOMRs\M            
                    X-M3658N_20260731_160125_047.png'                          
           INFO     Read Response:                                 entry.py:289
                    {'id4': '4', 'q2': 'B', 'q11': 'AC', 'id3':                
                    '1', 'q6': 'A', 'id6': '1', 'q7': 'D', 'q9':               
                    'BD', 'id2': '5', 'q4': 'C', 'id5': '7',                   
                    'id7': '8', 'q1': 'A', 'q3': 'B', 'q10': 'BC',             
                    'q5': 'D', 'q8': 'B', 'id8': '4', 'id1': '3'}              
           INFO     (/47) Processed file:                          entry.py:303
                    'MX-M3658N_20260731_160125_047.png'                        
           INFO     Processing PDF                                 image.py:212
                    'MX-M3658N_20260731_160125_048.pdf'                        
                    (pdf_dpi=144, pdf_page=1)                                  
           INFO                                                    entry.py:234
           INFO     (48) Opening image:                            entry.py:235
                    'MX-M3658N_20260731_160125_048.png'                        
                    Resolution: (1682, 1190)                                   
           INFO     Thresholding:   global_thr: 120.18              core.py:419
                    global_std_THR: 200                                        
           INFO     Saving Image to                                 image.py:24
                    'outputs_inputs_56_current_params\CheckedOMRs\M            
                    X-M3658N_20260731_160125_048.png'                          
           INFO     Read Response:                                 entry.py:289
                    {'id4': '4', 'q2': 'B', 'q11': 'AC', 'id3':                
                    '9', 'q6': 'A', 'id6': '0', 'q7': 'C', 'q9':               
                    'CD', 'id2': '1', 'q4': 'C', 'id5': '1',                   
                    'id7': '0', 'q1': 'B', 'q3': 'A', 'q10': 'BD',             
                    'q5': 'D', 'q8': 'D', 'id8': '6', 'id1': '4'}              
           INFO     (/48) Processed file:                          entry.py:303
                    'MX-M3658N_20260731_160125_048.png'                        
           INFO     Processing PDF                                 image.py:212
                    'MX-M3658N_20260731_160125_049.pdf'                        
                    (pdf_dpi=144, pdf_page=1)                                  
           INFO                                                    entry.py:234
           INFO     (49) Opening image:                            entry.py:235
                    'MX-M3658N_20260731_160125_049.png'                        
                    Resolution: (1682, 1190)                                   
           INFO     Thresholding:   global_thr: 182.72              core.py:419
                    global_std_THR: 200                                        
           INFO     Saving Image to                                 image.py:24
                    'outputs_inputs_56_current_params\CheckedOMRs\M            
                    X-M3658N_20260731_160125_049.png'                          
           INFO     Read Response:                                 entry.py:289
                    {'id4': '5', 'q2': 'C', 'q11': 'CD', 'id3':                
                    '2', 'q6': 'C', 'id6': '3', 'q7': 'D', 'q9':               
                    'AD', 'id2': '0', 'q4': 'C', 'id5': '0',                   
                    'id7': '1', 'q1': 'A', 'q3': 'C', 'q10': 'AB',             
                    'q5': 'B', 'q8': 'B', 'id8': '7', 'id1': '9'}              
           INFO     (/49) Processed file:                          entry.py:303
                    'MX-M3658N_20260731_160125_049.png'                        
           INFO     Processing PDF                                 image.py:212
                    'MX-M3658N_20260731_160125_050.pdf'                        
                    (pdf_dpi=144, pdf_page=1)                                  
           INFO                                                    entry.py:234
           INFO     (50) Opening image:                            entry.py:235
                    'MX-M3658N_20260731_160125_050.png'                        
                    Resolution: (1682, 1190)                                   
           INFO     Thresholding:   global_thr: 177.48              core.py:419
                    global_std_THR: 200                                        
           INFO     Saving Image to                                 image.py:24
                    'outputs_inputs_56_current_params\CheckedOMRs\M            
                    X-M3658N_20260731_160125_050.png'                          
           INFO     Read Response:                                 entry.py:289
                    {'id4': '6', 'q2': 'C', 'q11': 'ACD', 'id3':               
                    '2', 'q6': 'A', 'id6': '6', 'q7': 'D', 'q9':               
                    'AD', 'id2': '0', 'q4': 'B', 'id5': '1',                   
                    'id7': '6', 'q1': 'B', 'q3': 'C', 'q10': 'BC',             
                    'q5': 'A', 'q8': 'A', 'id8': '6', 'id1': '2'}              
           INFO     (/50) Processed file:                          entry.py:303
                    'MX-M3658N_20260731_160125_050.png'                        
           INFO     Processing PDF                                 image.py:212
                    'MX-M3658N_20260731_160125_051.pdf'                        
                    (pdf_dpi=144, pdf_page=1)                                  
           INFO                                                    entry.py:234
           INFO     (51) Opening image:                            entry.py:235
                    'MX-M3658N_20260731_160125_051.png'                        
                    Resolution: (1682, 1190)                                   
           INFO     Thresholding:   global_thr: 174.34              core.py:419
                    global_std_THR: 200                                        
           INFO     Saving Image to                                 image.py:24
                    'outputs_inputs_56_current_params\CheckedOMRs\M            
                    X-M3658N_20260731_160125_051.png'                          
           INFO     Read Response:                                 entry.py:289
                    {'id4': '5', 'q2': 'A', 'q11': 'BD', 'id3':                
                    '2', 'q6': 'C', 'id6': '1', 'q7': 'B', 'q9':               
                    'ABCD', 'id2': '0', 'q4': 'C', 'id5': '0',                 
                    'id7': '3', 'q1': 'A', 'q3': 'C', 'q10': 'BC',             
                    'q5': 'D', 'q8': 'D', 'id8': '4', 'id1': '2'}              
           INFO     (/51) Processed file:                          entry.py:303
                    'MX-M3658N_20260731_160125_051.png'                        
[15:02:00] INFO     Processing PDF                                 image.py:212
                    'MX-M3658N_20260731_160125_052.pdf'                        
                    (pdf_dpi=144, pdf_page=1)                                  
           INFO                                                    entry.py:234
           INFO     (52) Opening image:                            entry.py:235
                    'MX-M3658N_20260731_160125_052.png'                        
                    Resolution: (1682, 1190)                                   
           INFO     Thresholding:   global_thr: 183.17              core.py:419
                    global_std_THR: 200                                        
           INFO     Saving Image to                                 image.py:24
                    'outputs_inputs_56_current_params\CheckedOMRs\M            
                    X-M3658N_20260731_160125_052.png'                          
           INFO     Read Response:                                 entry.py:289
                    {'id4': '5', 'q2': 'C', 'q11': 'AD', 'id3':                
                    '2', 'q6': 'B', 'id6': '1', 'q7': 'C', 'q9':               
                    'ABCD', 'id2': '0', 'q4': 'B', 'id5': '0',                 
                    'id7': '2', 'q1': 'A', 'q3': 'D', 'q10': 'BC',             
                    'q5': 'B', 'q8': 'A', 'id8': '3', 'id1': '2'}              
           INFO     (/52) Processed file:                          entry.py:303
                    'MX-M3658N_20260731_160125_052.png'                        
           INFO     Processing PDF                                 image.py:212
                    'MX-M3658N_20260731_160125_053.pdf'                        
                    (pdf_dpi=144, pdf_page=1)                                  
           INFO                                                    entry.py:234
           INFO     (53) Opening image:                            entry.py:235
                    'MX-M3658N_20260731_160125_053.png'                        
                    Resolution: (1682, 1190)                                   
           INFO     Thresholding:   global_thr: 184.02              core.py:419
                    global_std_THR: 200                                        
           INFO     Saving Image to                                 image.py:24
                    'outputs_inputs_56_current_params\CheckedOMRs\M            
                    X-M3658N_20260731_160125_053.png'                          
           INFO     Read Response:                                 entry.py:289
                    {'id4': '5', 'q2': 'B', 'q11': 'BCD', 'id3':               
                    '2', 'q6': 'B', 'id6': '1', 'q7': 'C', 'q9':               
                    'ABD', 'id2': '0', 'q4': 'A', 'id5': '0',                  
                    'id7': '3', 'q1': 'A', 'q3': 'D', 'q10': 'BD',             
                    'q5': 'B', 'q8': 'C', 'id8': '6', 'id1': '2'}              
           INFO     (/53) Processed file:                          entry.py:303
                    'MX-M3658N_20260731_160125_053.png'                        
           INFO     Processing PDF                                 image.py:212
                    'MX-M3658N_20260731_160125_054.pdf'                        
                    (pdf_dpi=144, pdf_page=1)                                  
           INFO                                                    entry.py:234
           INFO     (54) Opening image:                            entry.py:235
                    'MX-M3658N_20260731_160125_054.png'                        
                    Resolution: (1682, 1190)                                   
           INFO     Thresholding:   global_thr: 185.29              core.py:419
                    global_std_THR: 200                                        
           INFO     Saving Image to                                 image.py:24
                    'outputs_inputs_56_current_params\CheckedOMRs\M            
                    X-M3658N_20260731_160125_054.png'                          
           INFO     Read Response:                                 entry.py:289
                    {'id4': '5', 'q2': 'B', 'q11': 'CD', 'id3':                
                    '2', 'q6': 'B', 'id6': '1', 'q7': 'D', 'q9':               
                    'ABCD', 'id2': '0', 'q4': 'B', 'id5': '0',                 
                    'id7': '3', 'q1': 'A', 'q3': 'D', 'q10': 'BC',             
                    'q5': 'B', 'q8': 'D', 'id8': '5', 'id1': '2'}              
           INFO     (/54) Processed file:                          entry.py:303
                    'MX-M3658N_20260731_160125_054.png'                        
           INFO     Processing PDF                                 image.py:212
                    'MX-M3658N_20260731_160125_055.pdf'                        
                    (pdf_dpi=144, pdf_page=1)                                  
           INFO                                                    entry.py:234
           INFO     (55) Opening image:                            entry.py:235
                    'MX-M3658N_20260731_160125_055.png'                        
                    Resolution: (1682, 1190)                                   
           INFO     Thresholding:   global_thr: 185.66              core.py:419
                    global_std_THR: 200                                        
           INFO     Saving Image to                                 image.py:24
                    'outputs_inputs_56_current_params\CheckedOMRs\M            
                    X-M3658N_20260731_160125_055.png'                          
           INFO     Read Response:                                 entry.py:289
                    {'id4': '6', 'q2': 'B', 'q11': 'ABCD', 'id3':              
                    '2', 'q6': 'C', 'id6': '1', 'q7': 'D', 'q9':               
                    'ABCD', 'id2': '0', 'q4': 'C', 'id5': '0',                 
                    'id7': '3', 'q1': 'A', 'q3': 'B', 'q10':                   
                    'BCD', 'q5': 'C', 'q8': 'C', 'id8': '7',                   
                    'id1': '2'}                                                
           INFO     (/55) Processed file:                          entry.py:303
                    'MX-M3658N_20260731_160125_055.png'                        
           INFO     Processing PDF                                 image.py:212
                    'MX-M3658N_20260731_160125_056.pdf'                        
                    (pdf_dpi=144, pdf_page=1)                                  
           INFO                                                    entry.py:234
           INFO     (56) Opening image:                            entry.py:235
                    'MX-M3658N_20260731_160125_056.png'                        
                    Resolution: (1682, 1190)                                   
           INFO     Thresholding:   global_thr: 178.78              core.py:419
                    global_std_THR: 200                                        
           INFO     Saving Image to                                 image.py:24
                    'outputs_inputs_56_current_params\CheckedOMRs\M            
                    X-M3658N_20260731_160125_056.png'                          
           INFO     Read Response:                                 entry.py:289
                    {'id4': '5', 'q2': 'B', 'q11': 'ABD', 'id3':               
                    '2', 'q6': 'B', 'id6': '1', 'q7': 'D', 'q9':               
                    'AC', 'id2': '0', 'q4': 'C', 'id5': '0',                   
                    'id7': '3', 'q1': 'A', 'q3': 'B', 'q10': 'BC',             
                    'q5': 'A', 'q8': 'B', 'id8': '5', 'id1': '2'}              
           INFO     (/56) Processed file:                          entry.py:303
                    'MX-M3658N_20260731_160125_056.png'                        
           INFO                                                    entry.py:397
           INFO     Total file(s) moved        : 0                 entry.py:398
           INFO     Total file(s) not moved    : 56                entry.py:399
           INFO     --------------------------------               entry.py:400
           INFO     Total file(s) processed    : 56 (Sum Tallied!) entry.py:401
           INFO                                                    entry.py:406
                    Finished Checking 56 file(s) in 7.6 seconds                
                    i.e. ~0.1 minute(s).                                       
           INFO     OMR Processing Rate        :     ~ 0.14        entry.py:409
                    seconds/OMR                                                
           INFO     OMR Processing Speed       :     ~ 441.52      entry.py:412
                    OMRs/minute                                                
           INFO                                                    entry.py:419
                    Tip: To see some awesome visuals, open                     
                    config.json and increase 'show_image_level'                
