[15:56:41] INFO     Loading OMRChecker modules...                 __init__.py:5
[15:56:42] INFO     Loading processors from "src.processors"...   manager.py:53
           INFO     Loaded processors: ['CropOnMarkers',          manager.py:76
                    'CropPage', 'FeatureBasedAlignment',                       
                    'GaussianBlur', 'Levels', 'MedianBlur']                    
           INFO     Loading config.json: inputs\config.json   validations.py:84
[15:56:43] INFO     Loading template.json:                    validations.py:49
                    inputs\template.json                                       
           INFO     Checking Directories...                          file.py:34
           INFO     Created :                                        file.py:37
                    outputs_inputs_10_weak_fill_adaptive\CheckedOMRs           
           INFO     Created :                                        file.py:45
                    outputs_inputs_10_weak_fill_adaptive\Manual                
           INFO     Created :                                        file.py:45
                    outputs_inputs_10_weak_fill_adaptive\Results               
           INFO     Created :                                        file.py:45
                    outputs_inputs_10_weak_fill_adaptive\Evaluation            
           INFO     Created :                                        file.py:50
                    outputs_inputs_10_weak_fill_adaptive\Manual\Mult           
                    iMarkedFiles                                               
           INFO     Created :                                        file.py:50
                    outputs_inputs_10_weak_fill_adaptive\Manual\Erro           
                    rFiles                                                     
           INFO     Checking Files...                                file.py:57
           INFO     Created new file:                                file.py:80
                    'outputs_inputs_10_weak_fill_adaptive\Results\Re           
                    sults_03PM.csv'                                            
           INFO     Created new file:                                file.py:80
                    'outputs_inputs_10_weak_fill_adaptive\Manual\Mul           
                    tiMarkedFiles.csv'                                         
           INFO     Created new file:                                file.py:80
                    'outputs_inputs_10_weak_fill_adaptive\Manual\Err           
                    orFiles.csv'                                               
           INFO                                                     entry.py:53
                            Current Configurations                             
              +-------------------------------------------------+              
              | Directory Path          | inputs                |              
              | Count of Images         | 10                    |              
              | Set Layout Mode         | OFF                   |              
              | Markers Detection       | OFF                   |              
              | Auto Alignment          | False                 |              
              | Detected Template Path  | inputs\template.json  |              
              | Detected Local Config   | inputs\config.json    |              
              | Detected pre-processors | FeatureBasedAlignment |              
              +-------------------------------------------------+              
           INFO     Processing PDF                                 image.py:212
                    'MX-M3658N_20260731_162311_001.pdf'                        
                    (pdf_dpi=144, pdf_page=1)                                  
           INFO                                                    entry.py:234
           INFO     (1) Opening image:                             entry.py:235
                    'MX-M3658N_20260731_162311_001.png'                        
                    Resolution: (1682, 1190)                                   
           INFO     Thresholding:   global_thr: 200                 core.py:599
                    global_std_THR: 200                                        
           INFO     Saving Image to                                 image.py:24
                    'outputs_inputs_10_weak_fill_adaptive\CheckedOM            
                    Rs\MX-M3658N_20260731_162311_001.png'                      
           INFO     Read Response:                                 entry.py:289
                    {'q11': 'ABCD', 'q1': 'ABCD', 'q9': 'CD',                  
                    'q6': 'D', 'id4': '5', 'q5': '', 'id3': '2',               
                    'q2': 'ABD', 'q8': 'C', 'q7': 'C', 'id5': '4',             
                    'id2': '3', 'id7': '', 'q10': 'BCD', 'id6':                
                    '5', 'q3': 'A', 'q4': 'A', 'id1': '2', 'id8':              
                    '9'}                                                       
           INFO     (/1) Processed file:                           entry.py:303
                    'MX-M3658N_20260731_162311_001.png'                        
           INFO     Processing PDF                                 image.py:212
                    'MX-M3658N_20260731_162311_002.pdf'                        
                    (pdf_dpi=144, pdf_page=1)                                  
           INFO                                                    entry.py:234
           INFO     (2) Opening image:                             entry.py:235
                    'MX-M3658N_20260731_162311_002.png'                        
                    Resolution: (1682, 1190)                                   
           INFO     Thresholding:   global_thr: 200                 core.py:599
                    global_std_THR: 200                                        
           WARNING  Weak identifier fallback: field 'id1' -> '2'    core.py:269
                    (darkest_mean=201.39,                                      
                    second_darkest_mean=216.76, gap=15.37,                     
                    blank_baseline=221.03, delta=19.64,                        
                    page_blank_mean=223.93, page_z=14.84,                      
                    density=0.627, density_gap=0.196,                          
                    rule=adaptive)                                             
           WARNING  Weak identifier fallback: field 'id2' -> '4'    core.py:269
                    (darkest_mean=203.98,                                      
                    second_darkest_mean=217.95, gap=13.97,                     
                    blank_baseline=221.60, delta=17.62,                        
                    page_blank_mean=223.93, page_z=13.13,                      
                    density=0.573, density_gap=0.188,                          
                    rule=adaptive)                                             
           WARNING  Weak identifier fallback: field 'id7' -> '7'    core.py:269
                    (darkest_mean=202.93,                                      
                    second_darkest_mean=221.73, gap=18.80,                     
                    blank_baseline=225.26, delta=22.33,                        
                    page_blank_mean=223.93, page_z=13.82,                      
                    density=0.596, density_gap=0.269,                          
                    rule=adaptive)                                             
           INFO     Saving Image to                                 image.py:24
                    'outputs_inputs_10_weak_fill_adaptive\CheckedOM            
                    Rs\MX-M3658N_20260731_162311_002.png'                      
           INFO     Read Response:                                 entry.py:289
                    {'q11': 'CD', 'q1': 'B', 'q9': 'BCD', 'q6':                
                    'C', 'id4': '5', 'q5': 'A', 'id3': '', 'q2':               
                    'ABD', 'q8': 'C', 'q7': 'C', 'id5': '', 'id2':             
                    '4', 'id7': '7', 'q10': 'AB', 'id6': '', 'q3':             
                    'A', 'q4': 'D', 'id1': '2', 'id8': '8'}                    
           INFO     (/2) Processed file:                           entry.py:303
                    'MX-M3658N_20260731_162311_002.png'                        
           INFO     Processing PDF                                 image.py:212
                    'MX-M3658N_20260731_162311_003.pdf'                        
                    (pdf_dpi=144, pdf_page=1)                                  
           INFO                                                    entry.py:234
           INFO     (3) Opening image:                             entry.py:235
                    'MX-M3658N_20260731_162311_003.png'                        
                    Resolution: (1682, 1190)                                   
           INFO     Thresholding:   global_thr: 200                 core.py:599
                    global_std_THR: 200                                        
           WARNING  Weak identifier fallback: field 'id2' -> '3'    core.py:269
                    (darkest_mean=200.64,                                      
                    second_darkest_mean=217.41, gap=16.77,                     
                    blank_baseline=221.42, delta=20.77,                        
                    page_blank_mean=223.51, page_z=17.09,                      
                    density=0.623, density_gap=0.208,                          
                    rule=adaptive)                                             
           INFO     Saving Image to                                 image.py:24
                    'outputs_inputs_10_weak_fill_adaptive\CheckedOM            
                    Rs\MX-M3658N_20260731_162311_003.png'                      
           INFO     Read Response:                                 entry.py:289
                    {'q11': 'BCD', 'q1': 'B', 'q9': 'BC', 'q6':                
                    'C', 'id4': '5', 'q5': 'A', 'id3': '4', 'q2':              
                    'ABD', 'q8': 'C', 'q7': 'D', 'id5': '9',                   
                    'id2': '3', 'id7': '', 'q10': 'AB', 'id6':                 
                    '7', 'q3': 'A', 'q4': 'D', 'id1': '4', 'id8':              
                    '8'}                                                       
           INFO     (/3) Processed file:                           entry.py:303
                    'MX-M3658N_20260731_162311_003.png'                        
           INFO     Processing PDF                                 image.py:212
                    'MX-M3658N_20260731_162311_004.pdf'                        
                    (pdf_dpi=144, pdf_page=1)                                  
           INFO                                                    entry.py:234
           INFO     (4) Opening image:                             entry.py:235
                    'MX-M3658N_20260731_162311_004.png'                        
                    Resolution: (1682, 1190)                                   
           INFO     Thresholding:   global_thr: 200                 core.py:599
                    global_std_THR: 200                                        
           WARNING  Weak identifier fallback: field 'id5' -> '4'    core.py:269
                    (darkest_mean=204.04,                                      
                    second_darkest_mean=219.24, gap=15.20,                     
                    blank_baseline=223.41, delta=19.37,                        
                    page_blank_mean=223.23, page_z=13.38,                      
                    density=0.546, density_gap=0.188,                          
                    rule=adaptive)                                             
           WARNING  Weak identifier fallback: field 'id6' -> '8'    core.py:269
                    (darkest_mean=201.00,                                      
                    second_darkest_mean=220.14, gap=19.14,                     
                    blank_baseline=224.15, delta=23.15,                        
                    page_blank_mean=223.23, page_z=15.50,                      
                    density=0.581, density_gap=0.227,                          
                    rule=adaptive)                                             
           INFO     Saving Image to                                 image.py:24
                    'outputs_inputs_10_weak_fill_adaptive\CheckedOM            
                    Rs\MX-M3658N_20260731_162311_004.png'                      
           INFO     Read Response:                                 entry.py:289
                    {'q11': 'BCD', 'q1': 'D', 'q9': 'BCD', 'q6':               
                    'C', 'id4': '5', 'q5': 'A', 'id3': '3', 'q2':              
                    'ABCD', 'q8': 'C', 'q7': 'C', 'id5': '4',                  
                    'id2': '7', 'id7': '', 'q10': 'CD', 'id6':                 
                    '8', 'q3': 'D', 'q4': 'D', 'id1': '2', 'id8':              
                    '0'}                                                       
           INFO     (/4) Processed file:                           entry.py:303
                    'MX-M3658N_20260731_162311_004.png'                        
           INFO     Processing PDF                                 image.py:212
                    'MX-M3658N_20260731_162311_005.pdf'                        
                    (pdf_dpi=144, pdf_page=1)                                  
           INFO                                                    entry.py:234
           INFO     (5) Opening image:                             entry.py:235
                    'MX-M3658N_20260731_162311_005.png'                        
                    Resolution: (1682, 1190)                                   
           INFO     Thresholding:   global_thr: 200                 core.py:599
                    global_std_THR: 200                                        
           INFO     Saving Image to                                 image.py:24
                    'outputs_inputs_10_weak_fill_adaptive\CheckedOM            
                    Rs\MX-M3658N_20260731_162311_005.png'                      
[15:56:44] INFO     Read Response:                                 entry.py:289
                    {'q11': 'CD', 'q1': 'A', 'q9': 'BCD', 'q6':                
                    'B', 'id4': '5', 'q5': 'D', 'id3': '2', 'q2':              
                    'C', 'q8': 'A', 'q7': 'D', 'id5': '0', 'id2':              
                    '0', 'id7': '5', 'q10': 'ABCD', 'id6': '1',                
                    'q3': 'D', 'q4': 'C', 'id1': '2', 'id8': '0'}              
           INFO     (/5) Processed file:                           entry.py:303
                    'MX-M3658N_20260731_162311_005.png'                        
           INFO     Processing PDF                                 image.py:212
                    'MX-M3658N_20260731_162311_006.pdf'                        
                    (pdf_dpi=144, pdf_page=1)                                  
           INFO                                                    entry.py:234
           INFO     (6) Opening image:                             entry.py:235
                    'MX-M3658N_20260731_162311_006.png'                        
                    Resolution: (1682, 1190)                                   
           INFO     Thresholding:   global_thr: 200                 core.py:599
                    global_std_THR: 200                                        
           INFO     Saving Image to                                 image.py:24
                    'outputs_inputs_10_weak_fill_adaptive\CheckedOM            
                    Rs\MX-M3658N_20260731_162311_006.png'                      
           INFO     Read Response:                                 entry.py:289
                    {'q11': 'BCD', 'q1': 'A', 'q9': 'ABD', 'q6':               
                    'B', 'id4': '5', 'q5': 'B', 'id3': '2', 'q2':              
                    'C', 'q8': 'D', 'q7': 'D', 'id5': '0', 'id2':              
                    '0', 'id7': '5', 'q10': 'BD', 'id6': '1',                  
                    'q3': 'B', 'q4': 'B', 'id1': '2', 'id8': '1'}              
           INFO     (/6) Processed file:                           entry.py:303
                    'MX-M3658N_20260731_162311_006.png'                        
           INFO     Processing PDF                                 image.py:212
                    'MX-M3658N_20260731_162311_007.pdf'                        
                    (pdf_dpi=144, pdf_page=1)                                  
           INFO                                                    entry.py:234
           INFO     (7) Opening image:                             entry.py:235
                    'MX-M3658N_20260731_162311_007.png'                        
                    Resolution: (1682, 1190)                                   
           INFO     Thresholding:   global_thr: 200                 core.py:599
                    global_std_THR: 200                                        
           INFO     Saving Image to                                 image.py:24
                    'outputs_inputs_10_weak_fill_adaptive\CheckedOM            
                    Rs\MX-M3658N_20260731_162311_007.png'                      
           INFO     Read Response:                                 entry.py:289
                    {'q11': 'ABCD', 'q1': 'A', 'q9': 'ABCD', 'q6':             
                    'B', 'id4': '5', 'q5': 'C', 'id3': '2', 'q2':              
                    'C', 'q8': 'D', 'q7': 'B', 'id5': '0', 'id2':              
                    '0', 'id7': '5', 'q10': 'ABCD', 'id6': '1',                
                    'q3': 'C', 'q4': 'B', 'id1': '2', 'id8': '2'}              
           INFO     (/7) Processed file:                           entry.py:303
                    'MX-M3658N_20260731_162311_007.png'                        
           INFO     Processing PDF                                 image.py:212
                    'MX-M3658N_20260731_162311_008.pdf'                        
                    (pdf_dpi=144, pdf_page=1)                                  
           INFO                                                    entry.py:234
           INFO     (8) Opening image:                             entry.py:235
                    'MX-M3658N_20260731_162311_008.png'                        
                    Resolution: (1682, 1190)                                   
           INFO     Thresholding:   global_thr: 200                 core.py:599
                    global_std_THR: 200                                        
           INFO     Saving Image to                                 image.py:24
                    'outputs_inputs_10_weak_fill_adaptive\CheckedOM            
                    Rs\MX-M3658N_20260731_162311_008.png'                      
           INFO     Read Response:                                 entry.py:289
                    {'q11': 'AD', 'q1': 'B', 'q9': 'BD', 'q6':                 
                    'C', 'id4': '8', 'q5': 'A', 'id3': '3', 'q2':              
                    'C', 'q8': 'C', 'q7': 'C', 'id5': '1', 'id2':              
                    '5', 'id7': '2', 'q10': 'AC', 'id6': '4',                  
                    'q3': '', 'q4': 'B', 'id1': '4', 'id8': '6'}               
           INFO     (/8) Processed file:                           entry.py:303
                    'MX-M3658N_20260731_162311_008.png'                        
           INFO     Processing PDF                                 image.py:212
                    'MX-M3658N_20260731_162311_009.pdf'                        
                    (pdf_dpi=144, pdf_page=1)                                  
           INFO                                                    entry.py:234
           INFO     (9) Opening image:                             entry.py:235
                    'MX-M3658N_20260731_162311_009.png'                        
                    Resolution: (1682, 1190)                                   
           INFO     Thresholding:   global_thr: 141.99              core.py:599
                    global_std_THR: 200                                        
           INFO     Saving Image to                                 image.py:24
                    'outputs_inputs_10_weak_fill_adaptive\CheckedOM            
                    Rs\MX-M3658N_20260731_162311_009.png'                      
           INFO     Read Response:                                 entry.py:289
                    {'q11': 'BD', 'q1': 'C', 'q9': 'ACD', 'q6':                
                    '', 'id4': '2', 'q5': 'C', 'id3': '6', 'q2':               
                    'B', 'q8': 'D', 'q7': 'C', 'id5': '0', 'id2':              
                    '3', 'id7': '6', 'q10': 'AC', 'id6': '1',                  
                    'q3': 'A', 'q4': 'A', 'id1': '1', 'id8': '2'}              
           INFO     (/9) Processed file:                           entry.py:303
                    'MX-M3658N_20260731_162311_009.png'                        
           INFO     Processing PDF                                 image.py:212
                    'MX-M3658N_20260731_162311_010.pdf'                        
                    (pdf_dpi=144, pdf_page=1)                                  
           INFO                                                    entry.py:234
           INFO     (10) Opening image:                            entry.py:235
                    'MX-M3658N_20260731_162311_010.png'                        
                    Resolution: (1682, 1190)                                   
           INFO     Thresholding:   global_thr: 200                 core.py:599
                    global_std_THR: 200                                        
           INFO     Saving Image to                                 image.py:24
                    'outputs_inputs_10_weak_fill_adaptive\CheckedOM            
                    Rs\MX-M3658N_20260731_162311_010.png'                      
           INFO     Read Response:                                 entry.py:289
                    {'q11': 'BD', 'q1': 'A', 'q9': 'ACD', 'q6':                
                    'B', 'id4': '5', 'q5': 'B', 'id3': '7', 'q2':              
                    'A', 'q8': 'D', 'q7': 'A', 'id5': '4', 'id2':              
                    '2', 'id7': '4', 'q10': 'AC', 'id6': '7',                  
                    'q3': 'B', 'q4': 'C', 'id1': '3', 'id8': '8'}              
           INFO     (/10) Processed file:                          entry.py:303
                    'MX-M3658N_20260731_162311_010.png'                        
           INFO                                                    entry.py:397
           INFO     Total file(s) moved        : 0                 entry.py:398
           INFO     Total file(s) not moved    : 10                entry.py:399
           INFO     --------------------------------               entry.py:400
           INFO     Total file(s) processed    : 10 (Sum Tallied!) entry.py:401
           INFO                                                    entry.py:406
                    Finished Checking 10 file(s) in 1.5 seconds                
                    i.e. ~0.0 minute(s).                                       
           INFO     OMR Processing Rate        :     ~ 0.15        entry.py:409
                    seconds/OMR                                                
           INFO     OMR Processing Speed       :     ~ 392.16      entry.py:412
                    OMRs/minute                                                
           INFO                                                    entry.py:419
                    Tip: To see some awesome visuals, open                     
                    config.json and increase 'show_image_level'                
