[16:02:38] INFO     Loading OMRChecker modules...                 __init__.py:5
[16:02:40] INFO     Loading processors from "src.processors"...   manager.py:53
           INFO     Loaded processors: ['CropOnMarkers',          manager.py:76
                    'CropPage', 'FeatureBasedAlignment',                       
                    'GaussianBlur', 'Levels', 'MedianBlur']                    
           INFO     Loading config.json: inputs\config.json   validations.py:84
           INFO     Loading template.json:                    validations.py:49
                    inputs\template.json                                       
           INFO     Checking Directories...                          file.py:34
           INFO     Created :                                        file.py:37
                    outputs_inputs_10_weak_fill_adaptive_v5\CheckedO           
                    MRs                                                        
           INFO     Created :                                        file.py:45
                    outputs_inputs_10_weak_fill_adaptive_v5\Manual             
           INFO     Created :                                        file.py:45
                    outputs_inputs_10_weak_fill_adaptive_v5\Results            
           INFO     Created :                                        file.py:45
                    outputs_inputs_10_weak_fill_adaptive_v5\Evaluati           
                    on                                                         
           INFO     Created :                                        file.py:50
                    outputs_inputs_10_weak_fill_adaptive_v5\Manual\M           
                    ultiMarkedFiles                                            
           INFO     Created :                                        file.py:50
                    outputs_inputs_10_weak_fill_adaptive_v5\Manual\E           
                    rrorFiles                                                  
           INFO     Checking Files...                                file.py:57
           INFO     Created new file:                                file.py:80
                    'outputs_inputs_10_weak_fill_adaptive_v5\Results           
                    \Results_04PM.csv'                                         
           INFO     Created new file:                                file.py:80
                    'outputs_inputs_10_weak_fill_adaptive_v5\Manual\           
                    MultiMarkedFiles.csv'                                      
           INFO     Created new file:                                file.py:80
                    'outputs_inputs_10_weak_fill_adaptive_v5\Manual\           
                    ErrorFiles.csv'                                            
           INFO                                                     entry.py:53
                            Current Configurations                             
              +-------------------------------------------------+              
              | Directory Path          | inputs                |              
              | Count of Images         | 10                    |              
              | Set Layout Mode         | OFF                   |              
              | Markers Detection       | OFF                   |              
              | Auto Alignment          | False                 |              
              | Detected Template Path  | inputs\template.json  |              
              | Detected Local Config   | inputs\config.json    |              
              | Detected pre-processors | FeatureBasedAlignment |              
              +-------------------------------------------------+              
           INFO     Processing PDF                                 image.py:212
                    'MX-M3658N_20260731_162311_001.pdf'                        
                    (pdf_dpi=144, pdf_page=1)                                  
           INFO                                                    entry.py:234
           INFO     (1) Opening image:                             entry.py:235
                    'MX-M3658N_20260731_162311_001.png'                        
                    Resolution: (1682, 1190)                                   
           INFO     Thresholding:   global_thr: 200                 core.py:626
                    global_std_THR: 200                                        
           WARNING  Weak mark fallback: field 'q5' -> 'D'           core.py:219
                    (darkest_mean=201.78,                                      
                    second_darkest_mean=208.03, gap=6.25,                      
                    blank_baseline=212.59, delta=10.81,                        
                    page_blank_mean=223.19, page_delta=21.41,                  
                    page_z=14.78, density=0.484, density_gap=0.198)            
           INFO     Saving Image to                                 image.py:24
                    'outputs_inputs_10_weak_fill_adaptive_v5\Checke            
                    dOMRs\MX-M3658N_20260731_162311_001.png'                   
           INFO     Read Response:                                 entry.py:289
                    {'q2': 'ABD', 'q10': 'BCD', 'id8': '9', 'q4':              
                    'A', 'q5': 'D', 'q1': 'ABCD', 'id3': '2',                  
                    'id5': '4', 'id1': '2', 'q3': 'A', 'q11':                  
                    'ABCD', 'id7': '', 'id2': '3', 'id4': '5',                 
                    'q7': 'C', 'q8': 'C', 'id6': '5', 'q9': 'CD',              
                    'q6': 'D'}                                                 
           INFO     (/1) Processed file:                           entry.py:303
                    'MX-M3658N_20260731_162311_001.png'                        
           INFO     Processing PDF                                 image.py:212
                    'MX-M3658N_20260731_162311_002.pdf'                        
                    (pdf_dpi=144, pdf_page=1)                                  
           INFO                                                    entry.py:234
           INFO     (2) Opening image:                             entry.py:235
                    'MX-M3658N_20260731_162311_002.png'                        
                    Resolution: (1682, 1190)                                   
           INFO     Thresholding:   global_thr: 200                 core.py:626
                    global_std_THR: 200                                        
           WARNING  Weak identifier fallback: field 'id1' -> '2'    core.py:296
                    (darkest_mean=201.39,                                      
                    second_darkest_mean=216.76, gap=15.37,                     
                    blank_baseline=221.03, delta=19.64,                        
                    page_blank_mean=223.93, page_z=14.84,                      
                    density=0.627, density_gap=0.196,                          
                    rule=adaptive)                                             
           WARNING  Weak identifier fallback: field 'id2' -> '4'    core.py:296
                    (darkest_mean=203.98,                                      
                    second_darkest_mean=217.95, gap=13.97,                     
                    blank_baseline=221.60, delta=17.62,                        
                    page_blank_mean=223.93, page_z=13.13,                      
                    density=0.573, density_gap=0.188,                          
                    rule=adaptive)                                             
           WARNING  Weak identifier fallback: field 'id7' -> '7'    core.py:296
                    (darkest_mean=202.93,                                      
                    second_darkest_mean=221.73, gap=18.80,                     
                    blank_baseline=225.26, delta=22.33,                        
                    page_blank_mean=223.93, page_z=13.82,                      
                    density=0.596, density_gap=0.269,                          
                    rule=adaptive)                                             
           INFO     Saving Image to                                 image.py:24
                    'outputs_inputs_10_weak_fill_adaptive_v5\Checke            
                    dOMRs\MX-M3658N_20260731_162311_002.png'                   
           INFO     Read Response:                                 entry.py:289
                    {'q2': 'ABD', 'q10': 'AB', 'id8': '8', 'q4':               
                    'D', 'q5': 'A', 'q1': 'B', 'id3': '', 'id5':               
                    '', 'id1': '2', 'q3': 'A', 'q11': 'CD', 'id7':             
                    '7', 'id2': '4', 'id4': '5', 'q7': 'C', 'q8':              
                    'C', 'id6': '', 'q9': 'BCD', 'q6': 'C'}                    
           INFO     (/2) Processed file:                           entry.py:303
                    'MX-M3658N_20260731_162311_002.png'                        
           INFO     Processing PDF                                 image.py:212
                    'MX-M3658N_20260731_162311_003.pdf'                        
                    (pdf_dpi=144, pdf_page=1)                                  
           INFO                                                    entry.py:234
           INFO     (3) Opening image:                             entry.py:235
                    'MX-M3658N_20260731_162311_003.png'                        
                    Resolution: (1682, 1190)                                   
           INFO     Thresholding:   global_thr: 200                 core.py:626
                    global_std_THR: 200                                        
           WARNING  Weak identifier fallback: field 'id2' -> '3'    core.py:296
                    (darkest_mean=200.64,                                      
                    second_darkest_mean=217.41, gap=16.77,                     
                    blank_baseline=221.42, delta=20.77,                        
                    page_blank_mean=223.51, page_z=17.09,                      
                    density=0.623, density_gap=0.208,                          
                    rule=adaptive)                                             
           INFO     Saving Image to                                 image.py:24
                    'outputs_inputs_10_weak_fill_adaptive_v5\Checke            
                    dOMRs\MX-M3658N_20260731_162311_003.png'                   
           INFO     Read Response:                                 entry.py:289
                    {'q2': 'ABD', 'q10': 'AB', 'id8': '8', 'q4':               
                    'D', 'q5': 'A', 'q1': 'B', 'id3': '4', 'id5':              
                    '9', 'id1': '4', 'q3': 'A', 'q11': 'BCD',                  
                    'id7': '', 'id2': '3', 'id4': '5', 'q7': 'D',              
                    'q8': 'C', 'id6': '7', 'q9': 'BC', 'q6': 'C'}              
           INFO     (/3) Processed file:                           entry.py:303
                    'MX-M3658N_20260731_162311_003.png'                        
           INFO     Processing PDF                                 image.py:212
                    'MX-M3658N_20260731_162311_004.pdf'                        
                    (pdf_dpi=144, pdf_page=1)                                  
           INFO                                                    entry.py:234
           INFO     (4) Opening image:                             entry.py:235
                    'MX-M3658N_20260731_162311_004.png'                        
                    Resolution: (1682, 1190)                                   
           INFO     Thresholding:   global_thr: 200                 core.py:626
                    global_std_THR: 200                                        
           WARNING  Weak identifier fallback: field 'id5' -> '4'    core.py:296
                    (darkest_mean=204.04,                                      
                    second_darkest_mean=219.24, gap=15.20,                     
                    blank_baseline=223.41, delta=19.37,                        
                    page_blank_mean=223.23, page_z=13.38,                      
                    density=0.546, density_gap=0.188,                          
                    rule=adaptive)                                             
           WARNING  Weak identifier fallback: field 'id6' -> '8'    core.py:296
                    (darkest_mean=201.00,                                      
                    second_darkest_mean=220.14, gap=19.14,                     
                    blank_baseline=224.15, delta=23.15,                        
                    page_blank_mean=223.23, page_z=15.50,                      
                    density=0.581, density_gap=0.227,                          
                    rule=adaptive)                                             
           INFO     Saving Image to                                 image.py:24
                    'outputs_inputs_10_weak_fill_adaptive_v5\Checke            
                    dOMRs\MX-M3658N_20260731_162311_004.png'                   
           INFO     Read Response:                                 entry.py:289
                    {'q2': 'ABCD', 'q10': 'CD', 'id8': '0', 'q4':              
                    'D', 'q5': 'A', 'q1': 'D', 'id3': '3', 'id5':              
                    '4', 'id1': '2', 'q3': 'D', 'q11': 'BCD',                  
                    'id7': '', 'id2': '7', 'id4': '5', 'q7': 'C',              
                    'q8': 'C', 'id6': '8', 'q9': 'BCD', 'q6': 'C'}             
           INFO     (/4) Processed file:                           entry.py:303
                    'MX-M3658N_20260731_162311_004.png'                        
           INFO     Processing PDF                                 image.py:212
                    'MX-M3658N_20260731_162311_005.pdf'                        
                    (pdf_dpi=144, pdf_page=1)                                  
           INFO                                                    entry.py:234
           INFO     (5) Opening image:                             entry.py:235
                    'MX-M3658N_20260731_162311_005.png'                        
                    Resolution: (1682, 1190)                                   
           INFO     Thresholding:   global_thr: 200                 core.py:626
                    global_std_THR: 200                                        
           INFO     Saving Image to                                 image.py:24
                    'outputs_inputs_10_weak_fill_adaptive_v5\Checke            
                    dOMRs\MX-M3658N_20260731_162311_005.png'                   
           INFO     Read Response:                                 entry.py:289
                    {'q2': 'C', 'q10': 'ABCD', 'id8': '0', 'q4':               
                    'C', 'q5': 'D', 'q1': 'A', 'id3': '2', 'id5':              
                    '0', 'id1': '2', 'q3': 'D', 'q11': 'CD',                   
                    'id7': '5', 'id2': '0', 'id4': '5', 'q7': 'D',             
                    'q8': 'A', 'id6': '1', 'q9': 'BCD', 'q6': 'B'}             
           INFO     (/5) Processed file:                           entry.py:303
                    'MX-M3658N_20260731_162311_005.png'                        
[16:02:41] INFO     Processing PDF                                 image.py:212
                    'MX-M3658N_20260731_162311_006.pdf'                        
                    (pdf_dpi=144, pdf_page=1)                                  
           INFO                                                    entry.py:234
           INFO     (6) Opening image:                             entry.py:235
                    'MX-M3658N_20260731_162311_006.png'                        
                    Resolution: (1682, 1190)                                   
           INFO     Thresholding:   global_thr: 200                 core.py:626
                    global_std_THR: 200                                        
           INFO     Saving Image to                                 image.py:24
                    'outputs_inputs_10_weak_fill_adaptive_v5\Checke            
                    dOMRs\MX-M3658N_20260731_162311_006.png'                   
           INFO     Read Response:                                 entry.py:289
                    {'q2': 'C', 'q10': 'BD', 'id8': '1', 'q4':                 
                    'B', 'q5': 'B', 'q1': 'A', 'id3': '2', 'id5':              
                    '0', 'id1': '2', 'q3': 'B', 'q11': 'BCD',                  
                    'id7': '5', 'id2': '0', 'id4': '5', 'q7': 'D',             
                    'q8': 'D', 'id6': '1', 'q9': 'ABD', 'q6': 'B'}             
           INFO     (/6) Processed file:                           entry.py:303
                    'MX-M3658N_20260731_162311_006.png'                        
           INFO     Processing PDF                                 image.py:212
                    'MX-M3658N_20260731_162311_007.pdf'                        
                    (pdf_dpi=144, pdf_page=1)                                  
           INFO                                                    entry.py:234
           INFO     (7) Opening image:                             entry.py:235
                    'MX-M3658N_20260731_162311_007.png'                        
                    Resolution: (1682, 1190)                                   
           INFO     Thresholding:   global_thr: 200                 core.py:626
                    global_std_THR: 200                                        
           INFO     Saving Image to                                 image.py:24
                    'outputs_inputs_10_weak_fill_adaptive_v5\Checke            
                    dOMRs\MX-M3658N_20260731_162311_007.png'                   
           INFO     Read Response:                                 entry.py:289
                    {'q2': 'C', 'q10': 'ABCD', 'id8': '2', 'q4':               
                    'B', 'q5': 'C', 'q1': 'A', 'id3': '2', 'id5':              
                    '0', 'id1': '2', 'q3': 'C', 'q11': 'ABCD',                 
                    'id7': '5', 'id2': '0', 'id4': '5', 'q7': 'B',             
                    'q8': 'D', 'id6': '1', 'q9': 'ABCD', 'q6':                 
                    'B'}                                                       
           INFO     (/7) Processed file:                           entry.py:303
                    'MX-M3658N_20260731_162311_007.png'                        
           INFO     Processing PDF                                 image.py:212
                    'MX-M3658N_20260731_162311_008.pdf'                        
                    (pdf_dpi=144, pdf_page=1)                                  
           INFO                                                    entry.py:234
           INFO     (8) Opening image:                             entry.py:235
                    'MX-M3658N_20260731_162311_008.png'                        
                    Resolution: (1682, 1190)                                   
           INFO     Thresholding:   global_thr: 200                 core.py:626
                    global_std_THR: 200                                        
           WARNING  Weak mark fallback: field 'q3' -> 'B'           core.py:219
                    (darkest_mean=201.47,                                      
                    second_darkest_mean=202.12, gap=0.65,                      
                    blank_baseline=205.79, delta=4.33,                         
                    page_blank_mean=223.20, page_delta=21.73,                  
                    page_z=14.35, density=0.282, density_gap=0.004)            
           INFO     Saving Image to                                 image.py:24
                    'outputs_inputs_10_weak_fill_adaptive_v5\Checke            
                    dOMRs\MX-M3658N_20260731_162311_008.png'                   
           INFO     Read Response:                                 entry.py:289
                    {'q2': 'C', 'q10': 'AC', 'id8': '6', 'q4':                 
                    'B', 'q5': 'A', 'q1': 'B', 'id3': '3', 'id5':              
                    '1', 'id1': '4', 'q3': 'B', 'q11': 'AD',                   
                    'id7': '2', 'id2': '5', 'id4': '8', 'q7': 'C',             
                    'q8': 'C', 'id6': '4', 'q9': 'BD', 'q6': 'C'}              
           INFO     (/8) Processed file:                           entry.py:303
                    'MX-M3658N_20260731_162311_008.png'                        
           INFO     Processing PDF                                 image.py:212
                    'MX-M3658N_20260731_162311_009.pdf'                        
                    (pdf_dpi=144, pdf_page=1)                                  
           INFO                                                    entry.py:234
           INFO     (9) Opening image:                             entry.py:235
                    'MX-M3658N_20260731_162311_009.png'                        
                    Resolution: (1682, 1190)                                   
           INFO     Thresholding:   global_thr: 141.99              core.py:626
                    global_std_THR: 200                                        
           WARNING  Weak mark fallback: field 'q6' -> 'D'           core.py:219
                    (darkest_mean=202.27,                                      
                    second_darkest_mean=204.13, gap=1.85,                      
                    blank_baseline=207.97, delta=5.70,                         
                    page_blank_mean=222.94, page_delta=20.67,                  
                    page_z=15.04, density=0.369,                               
                    density_gap=-0.048)                                        
           INFO     Saving Image to                                 image.py:24
                    'outputs_inputs_10_weak_fill_adaptive_v5\Checke            
                    dOMRs\MX-M3658N_20260731_162311_009.png'                   
           INFO     Read Response:                                 entry.py:289
                    {'q2': 'B', 'q10': 'AC', 'id8': '2', 'q4':                 
                    'A', 'q5': 'C', 'q1': 'C', 'id3': '6', 'id5':              
                    '0', 'id1': '1', 'q3': 'A', 'q11': 'BD',                   
                    'id7': '6', 'id2': '3', 'id4': '2', 'q7': 'C',             
                    'q8': 'D', 'id6': '1', 'q9': 'ACD', 'q6': 'D'}             
           INFO     (/9) Processed file:                           entry.py:303
                    'MX-M3658N_20260731_162311_009.png'                        
           INFO     Processing PDF                                 image.py:212
                    'MX-M3658N_20260731_162311_010.pdf'                        
                    (pdf_dpi=144, pdf_page=1)                                  
           INFO                                                    entry.py:234
           INFO     (10) Opening image:                            entry.py:235
                    'MX-M3658N_20260731_162311_010.png'                        
                    Resolution: (1682, 1190)                                   
           INFO     Thresholding:   global_thr: 200                 core.py:626
                    global_std_THR: 200                                        
           INFO     Saving Image to                                 image.py:24
                    'outputs_inputs_10_weak_fill_adaptive_v5\Checke            
                    dOMRs\MX-M3658N_20260731_162311_010.png'                   
           INFO     Read Response:                                 entry.py:289
                    {'q2': 'A', 'q10': 'AC', 'id8': '8', 'q4':                 
                    'C', 'q5': 'B', 'q1': 'A', 'id3': '7', 'id5':              
                    '4', 'id1': '3', 'q3': 'B', 'q11': 'BD',                   
                    'id7': '4', 'id2': '2', 'id4': '5', 'q7': 'A',             
                    'q8': 'D', 'id6': '7', 'q9': 'ACD', 'q6': 'B'}             
           INFO     (/10) Processed file:                          entry.py:303
                    'MX-M3658N_20260731_162311_010.png'                        
           INFO                                                    entry.py:397
           INFO     Total file(s) moved        : 0                 entry.py:398
           INFO     Total file(s) not moved    : 10                entry.py:399
           INFO     --------------------------------               entry.py:400
           INFO     Total file(s) processed    : 10 (Sum Tallied!) entry.py:401
           INFO                                                    entry.py:406
                    Finished Checking 10 file(s) in 1.5 seconds                
                    i.e. ~0.0 minute(s).                                       
           INFO     OMR Processing Rate        :     ~ 0.15        entry.py:409
                    seconds/OMR                                                
           INFO     OMR Processing Speed       :     ~ 402.68      entry.py:412
                    OMRs/minute                                                
           INFO                                                    entry.py:419
                    Tip: To see some awesome visuals, open                     
                    config.json and increase 'show_image_level'                
